<html>
<body>
<pre>
<h1>µVision Build Log</h1>
<h2>Tool Versions:</h2>
IDE-Version: ¦ÌVision V5.35.0.0
Copyright (C) 2021 ARM Ltd and ARM Germany GmbH. All rights reserved.
License Information: zhaopeng zhaopeng, aaa, LIC=NQQMA-1IDPI-VENHA-15YX3-CWLZJ-T6267
 
Tool Versions:
Toolchain:       MDK-ARM Plus  Version: 5.35.0.2
Toolchain Path:  d:\Keil_v5\ARM\ARMCC\Bin
C Compiler:      Armcc.exe V5.06 update 7 (build 960)
Assembler:       Armasm.exe V5.06 update 7 (build 960)
Linker/Locator:  ArmLink.exe V5.06 update 7 (build 960)
Library Manager: ArmAr.exe V5.06 update 7 (build 960)
Hex Converter:   FromElf.exe V5.06 update 7 (build 960)
CPU DLL:         SARMCM3.DLL V5.35.0.2
Dialog DLL:      DCM.DLL V1.17.3.0
Target DLL:      STLink\ST-LINKIII-KEIL_SWO.dll V3.0.9.0
Dialog DLL:      TCM.DLL V1.53.0.0
 
<h2>Project:</h2>
D:\BLUETOOTH\bluetooth\control_station\USER\Template.uvprojx
Project File Date:  04/13/2023

<h2>Output:</h2>
*** Using Compiler 'V5.06 update 7 (build 960)', folder: 'd:\Keil_v5\ARM\ARMCC\Bin'
Build target 'Target 1'
compiling ReceiveDataBuffer.c...
..\HARDWARE\PROALY\PluginHlib\ReceiveDataBuffer.c(281): warning:  #177-D: variable "i"  was declared but never referenced
  	unsigned char i=0;
..\HARDWARE\PROALY\PluginHlib\ReceiveDataBuffer.c(370): warning:  #223-D: function "delay_ms" declared implicitly
  		delay_ms(1);
..\HARDWARE\PROALY\PluginHlib\ReceiveDataBuffer.c(197): warning:  #177-D: variable "CAN_Rx_Cnt"  was declared but never referenced
  static unsigned char CAN_Rx_Cnt=0;
..\HARDWARE\PROALY\PluginHlib\ReceiveDataBuffer.c(201): warning:  #177-D: function "Reset_CANRxBuf"  was declared but never referenced
  static void Reset_CANRxBuf(void)
..\HARDWARE\PROALY\PluginHlib\ReceiveDataBuffer.c: 4 warnings, 0 errors
compiling D026_HW200.c...
..\HARDWARE\rtc.h(26): warning:  #1-D: last line of file ends without a newline
  #endif 
..\HARDWARE\PROALY\PluginClib\D026_HW200.c(101): warning:  #177-D: variable "Status"  was declared but never referenced
  	unsigned short Status=0;
..\HARDWARE\PROALY\PluginClib\D026_HW200.c(305): warning:  #177-D: variable "Senddata"  was declared but never referenced
  	unsigned char Senddata=0x51;  
..\HARDWARE\PROALY\PluginClib\D026_HW200.c(333): warning:  #177-D: variable "len"  was declared but never referenced
  	unsigned int len=0;
..\HARDWARE\PROALY\PluginClib\D026_HW200.c: 4 warnings, 0 errors
compiling main.c...
..\HARDWARE\rtc.h(26): warning:  #1-D: last line of file ends without a newline
  #endif 
main.c(530): warning:  #177-D: variable "Res"  was declared but never referenced
  		u8 Res;
main.c(534): warning:  #177-D: variable "sendData"  was declared but never referenced
  unsigned char sendData[16]="+++";
main.c(613): warning:  #177-D: variable "ts"  was declared but never referenced
  	CPU_TS ts;
main.c(614): warning:  #177-D: variable "flag"  was declared but never referenced
  	unsigned char flag=0;
main.c(722): warning:  #550-D: variable "flag"  was set but never used
  	unsigned char flag=0;
main.c(814): warning:  #177-D: variable "data"  was declared but never referenced
  	char data[0x20];
main.c(815): warning:  #177-D: variable "nbr"  was declared but never referenced
  	unsigned int nbr=0;
main.c(816): warning:  #177-D: variable "W5500state"  was declared but never referenced
  	unsigned char W5500state=0;
main.c(817): warning:  #177-D: variable "Initstate"  was declared but never referenced
  	static unsigned char Initstate=0;
main.c(880): warning:  #177-D: variable "sendData"  was declared but never referenced
  		unsigned char sendData[128]="+++";
main.c: 11 warnings, 0 errors
compiling rtc.c...
..\HARDWARE\rtc.h(26): warning:  #1-D: last line of file ends without a newline
  #endif 
..\HARDWARE\rtc.c(124): warning:  #940-D: missing return statement at end of non-void function "RTC_Get" 
  }
..\HARDWARE\rtc.c(334): warning:  #1-D: last line of file ends without a newline
  /***********************end of file**************************/
..\HARDWARE\rtc.c: 3 warnings, 0 errors
compiling ServerAction.c...
..\HARDWARE\rtc.h(26): warning:  #1-D: last line of file ends without a newline
  #endif 
..\HARDWARE\ServerAction.c(233): warning:  #167-D: argument of type "volatile unsigned char *" is incompatible with parameter of type "unsigned char *"
  			flag=Server_SaveInfor(pServerData[Rd_Addr].data,i);
..\HARDWARE\ServerAction.c(239): warning:  #167-D: argument of type "volatile unsigned char *" is incompatible with parameter of type "unsigned char *"
  			LedVoice_Action(pServerData[Rd_Addr].data,i);
..\HARDWARE\ServerAction.c(207): warning:  #550-D: variable "ZNcnt"  was set but never used
  	static unsigned int ZNcnt=0;
..\HARDWARE\ServerAction.c(299): warning:  #177-D: variable "pRd_Addr"  was declared but never referenced
  	unsigned char *pRd_Addr=NULL;
..\HARDWARE\ServerAction.c(300): warning:  #177-D: variable "pServer_Data"  was declared but never referenced
  	Server_Data_Typedef *pServer_Data=NULL;
..\HARDWARE\ServerAction.c: 6 warnings, 0 errors
compiling DeviceCommon.c...
..\HARDWARE\rtc.h(26): warning:  #1-D: last line of file ends without a newline
  #endif 
..\HARDWARE\PROALY\PluginHlib\DeviceCommon.c(51): warning:  #940-D: missing return statement at end of non-void function "RecieveMCSystemStatusAndSend" 
  }
..\HARDWARE\PROALY\PluginHlib\DeviceCommon.c(125): warning:  #940-D: missing return statement at end of non-void function "RecieveMCDeviceStatusAndSend" 
  }
..\HARDWARE\PROALY\PluginHlib\DeviceCommon.c(166): warning:  #940-D: missing return statement at end of non-void function "RecieveMCOperationStatusAndSend" 
  }
..\HARDWARE\PROALY\PluginHlib\DeviceCommon.c: 4 warnings, 0 errors
compiling app.c...
..\HARDWARE\rtc.h(26): warning:  #1-D: last line of file ends without a newline
  #endif 
..\HARDWARE\PROALY\app.c(227): warning:  #1-D: last line of file ends without a newline
  }
..\HARDWARE\PROALY\app.c: 2 warnings, 0 errors
linking...
Program Size: Code=74672 RO-data=1624 RW-data=848 ZI-data=47464  
FromELF: creating hex file...
"..\OBJ\FB1010_HW5000_9600_15.axf" - 0 Error(s), 34 Warning(s).

<h2>Software Packages used:</h2>

Package Vendor: Keil
                http://www.keil.com/pack/Keil.STM32F1xx_DFP.2.4.0.pack
                Keil.STM32F1xx_DFP.2.4.0
                STMicroelectronics STM32F1 Series Device Support, Drivers and Examples

<h2>Collection of Component include folders:</h2>
  d:\Users\zhaopeng\AppData\Local\Arm\Packs\Keil\STM32F1xx_DFP\2.4.0\Device\Include

<h2>Collection of Component Files used:</h2>
Build Time Elapsed:  00:00:02
</pre>
</body>
</html>
