Component: ARM Compiler 5.06 update 7 (build 960) Tool: armlink [4d3601]

==============================================================================

Section Cross References

    main.o(i.HostTaskFeed) refers to main.o(.data) for tmrWdg_Flag
    main.o(i.NetTask_Resume) refers to os_task.o(i.OSTaskResume) for OSTaskResume
    main.o(i.NetTask_Resume) refers to main.o(.bss) for NetTaskTCB
    main.o(i.NetTask_Suspend) refers to os_task.o(i.OSTaskSuspend) for OSTaskSuspend
    main.o(i.NetTask_Suspend) refers to main.o(.bss) for NetTaskTCB
    main.o(i.Net_task) refers to net.o(i.Net_Restart) for Net_Restart
    main.o(i.PeridTaskFeed) refers to main.o(.data) for tmrWdg_Flag
    main.o(i.Period_task) refers to os_tmr.o(i.OSTmrStart) for OSTmrStart
    main.o(i.Period_task) refers to main.o(i.PeridTaskFeed) for PeridTaskFeed
    main.o(i.Period_task) refers to printeratcmd.o(i.ATcommond_Logic) for ATcommond_Logic
    main.o(i.Period_task) refers to app.o(i.Time_System_Get) for Time_System_Get
    main.o(i.Period_task) refers to serveraction.o(i.UpdataRunState) for UpdataRunState
    main.o(i.Period_task) refers to main.o(i.RunState_Handle) for RunState_Handle
    main.o(i.Period_task) refers to serveraction.o(i.HeartBeatFrame) for HeartBeatFrame
    main.o(i.Period_task) refers to os_time.o(i.OSTimeDlyHMSM) for OSTimeDlyHMSM
    main.o(i.Period_task) refers to main.o(.bss) for tmrWdg
    main.o(i.Period_task) refers to main.o(.data) for g_RunState
    main.o(i.Period_task) refers to net.o(.data) for NetHeart_SndCot
    main.o(i.PreHostTaskFeed) refers to main.o(.data) for tmrWdg_Flag
    main.o(i.RecieveFromServer_task) refers to os_task.o(i.OSTaskSemPend) for OSTaskSemPend
    main.o(i.RecieveFromServer_task) refers to printf8.o(i.__0printf$8) for __2printf
    main.o(i.RecieveFromServer_task) refers to main.o(i.RecieveTaskFeed) for RecieveTaskFeed
    main.o(i.RecieveFromServer_task) refers to btfunction.o(i.BT_PeriodTask) for BT_PeriodTask
    main.o(i.RecieveFromServer_task) refers to os_time.o(i.OSTimeDlyHMSM) for OSTimeDlyHMSM
    main.o(i.RecieveFromServer_task) refers to recievefromserver.o(i.RecieveFromServer_Handle) for RecieveFromServer_Handle
    main.o(i.RecieveTaskFeed) refers to main.o(.data) for tmrWdg_Flag
    main.o(i.RefreshRunLedState) refers to os_task.o(i.OS_TaskQPost) for OS_TaskQPost
    main.o(i.RefreshRunLedState) refers to main.o(.data) for g_RunState
    main.o(i.RefreshRunLedState) refers to main.o(.bss) for lcdTaskTCB
    main.o(i.RunState_Handle) refers to serveraction.o(i.RunningStateFrame) for RunningStateFrame
    main.o(i.RunState_Handle) refers to main.o(i.RefreshRunLedState) for RefreshRunLedState
    main.o(i.RunState_Handle) refers to main.o(.data) for laststate
    main.o(i.SendTaskFeed) refers to main.o(.data) for tmrWdg_Flag
    main.o(i.SendToServer_task) refers to os_task.o(i.OSTaskSemPend) for OSTaskSemPend
    main.o(i.SendToServer_task) refers to main.o(i.SendTaskFeed) for SendTaskFeed
    main.o(i.SendToServer_task) refers to net.o(i.NetStatus) for NetStatus
    main.o(i.SendToServer_task) refers to sendtoserver.o(i.SendFrameToServer) for SendFrameToServer
    main.o(i.SendToServer_task) refers to os_time.o(i.OSTimeDlyHMSM) for OSTimeDlyHMSM
    main.o(i.SendToServer_task) refers to main.o(.data) for g_RunState
    main.o(i.key_task) refers to key.o(i.KEY_SCAN) for KEY_SCAN
    main.o(i.key_task) refers to buzzer.o(i.Buzzer_Action) for Buzzer_Action
    main.o(i.key_task) refers to os_task.o(i.OS_TaskQPost) for OS_TaskQPost
    main.o(i.key_task) refers to os_time.o(i.OSTimeDlyHMSM) for OSTimeDlyHMSM
    main.o(i.key_task) refers to os_task.o(i.OSTaskSuspend) for OSTaskSuspend
    main.o(i.key_task) refers to main.o(.data) for Key0_count
    main.o(i.key_task) refers to main.o(.bss) for lcdTaskTCB
    main.o(i.lcdTaskFeed) refers to main.o(.data) for tmrWdg_Flag
    main.o(i.lcd_task) refers to os_task.o(i.OSTaskQPend) for OSTaskQPend
    main.o(i.lcd_task) refers to lcd.o(i.key_Explain) for key_Explain
    main.o(i.lcd_task) refers to lcd.o(i.lcd_SelfCheck) for lcd_SelfCheck
    main.o(i.lcd_task) refers to serveraction.o(i.RunState_Action) for RunState_Action
    main.o(i.lcd_task) refers to main.o(i.lcdTaskFeed) for lcdTaskFeed
    main.o(i.lcd_task) refers to sendtoserverdatatype.o(i.IsReportAddr) for IsReportAddr
    main.o(i.lcd_task) refers to serveraction.o(i.Server_Action) for Server_Action
    main.o(i.lcd_task) refers to main.o(.data) for g_key
    main.o(i.lcd_task) refers to lcd.o(.data) for g_self_check_step
    main.o(i.lcd_task) refers to main.o(.constdata) for lcdwdg_test
    main.o(i.main) refers to misc.o(i.NVIC_PriorityGroupConfig) for NVIC_PriorityGroupConfig
    main.o(i.main) refers to bsp_fb1000y.o(i.bsp_init) for bsp_init
    main.o(i.main) refers to os_core.o(i.OSInit) for OSInit
    main.o(i.main) refers to cpu_a.o(.text) for CPU_SR_Save
[...]
    Data_SendToServerFlag                    0x200002e5   Data           1  can1protocolparsing.o(.data)
    register_flag                            0x200002e6   Data           2  can1protocolparsing.o(.data)
    RegisteProComplete                       0x200002e8   Data           1  can1protocolparsing.o(.data)
    sMCSystemOperationStatus_ZJ              0x200002ec   Data           8  d026_hw200.o(.data)
    D026_HW200_Plugin                        0x200002f4   Data          12  d026_hw200.o(.data)
    NB_Link_step                             0x20000300   Data           1  bc95.o(.data)
    NB_BAND                                  0x20000301   Data           1  bc95.o(.data)
    NBbuflenth                               0x20000304   Data           4  bc95.o(.data)
    gprs_shutdown_flag                       0x20000308   Data           1  bc95.o(.data)
    SendSuccessedFlag                        0x20000309   Data           1  bc95.o(.data)
    GprsStopSendFlag                         0x2000030a   Data           1  bc95.o(.data)
    Signal_Value                             0x2000030b   Data           1  bc95.o(.data)
    MNC                                      0x2000030c   Data           1  bc95.o(.data)
    NB_RegistFlag                            0x20000310   Data           1  bc95.o(.data)
    W5_RegistFlag                            0x20000311   Data           1  bc95.o(.data)
    gDeviceType                              0x2000032c   Data           1  btfunction.o(.data)
    gBTCont                                  0x2000032e   Data           2  btfunction.o(.data)
    VERS_msg_New1                            0x20000332   Data           1  btfunction.o(.data)
    VERS_msg_New2                            0x20000333   Data           1  btfunction.o(.data)
    BT_SucessFlag                            0x20000341   Data           1  btfunction.o(.data)
    BT_SucessDATA                            0x20000342   Data           4  btfunction.o(.data)
    BT_HeartFlag                             0x20000346   Data           1  btfunction.o(.data)
    StartTaskTCB                             0x20000350   Data         196  main.o(.bss)
    START_TASK_STK                           0x20000414   Data         512  main.o(.bss)
    SendToServerTaskTCB                      0x20000614   Data         196  main.o(.bss)
    SENDTOSERVER_TASK_STK                    0x200006d8   Data        2048  main.o(.bss)
    RecieveFromServerTaskTCB                 0x20000ed8   Data         196  main.o(.bss)
    RECIEVEFROMSERVER_TASK_STK               0x20000f9c   Data        2048  main.o(.bss)
    hostTaskTCB                              0x2000179c   Data         196  main.o(.bss)
    HOST_TASK_STK                            0x20001860   Data        2048  main.o(.bss)
    prehostTaskTCB                           0x20002060   Data         196  main.o(.bss)
    PREHOST_TASK_STK                         0x20002124   Data        2048  main.o(.bss)
    keyTaskTCB                               0x20002924   Data         196  main.o(.bss)
    KEY_TASK_STK                             0x200029e8   Data         512  main.o(.bss)
    lcdTaskTCB                               0x20002be8   Data         196  main.o(.bss)
    LCD_TASK_STK                             0x20002cb0   Data        2048  main.o(.bss)
    PeriodTaskTCB                            0x200034b0   Data         196  main.o(.bss)
    PERIOD_TASK_STK                          0x20003574   Data        2048  main.o(.bss)
    NetTaskTCB                               0x20003d74   Data         196  main.o(.bss)
    NET_TASK_STK                             0x20003e38   Data        2048  main.o(.bss)
    tmrWdg                                   0x20004638   Data          52  main.o(.bss)
    ledtmr                                   0x2000466c   Data        1248  led.o(.bss)
    ledtoggletmr                             0x20004b4c   Data          52  led.o(.bss)
    Led_Mutex                                0x20004b80   Data          44  led.o(.bss)
    tmr_buzzer                               0x20004bac   Data          52  buzzer.o(.bss)
    Voicetmr                                 0x20004be0   Data          52  voice.o(.bss)
    VoiceSet1Stmr                            0x20004c14   Data          52  voice.o(.bss)
    Voice_Sem                                0x20004c48   Data          40  voice.o(.bss)
    calendar                                 0x20004c70   Data          10  rtc.o(.bss)
    Data_SendToServer                        0x20004e7c   Data        1560  sendtoserverdatatype.o(.bss)
    PriorityDataSendToServer                 0x20005494   Data        1560  sendtoserverdatatype.o(.bss)
    ManAlarmDataSendToServer                 0x20005aac   Data        1560  sendtoserverdatatype.o(.bss)
    ResteKeytmr                              0x200062c4   Data          52  serveraction.o(.bss)
    DutyVoicetmr                             0x200062f8   Data          52  serveraction.o(.bss)
    CPU_Name                                 0x20006772   Data          16  cpu_core.o(.bss)
    OSCfg_IdleTaskStk                        0x20006784   Data         512  os_cfg_app.o(.bss)
    OSCfg_IntQ                               0x20006984   Data         320  os_cfg_app.o(.bss)
    OSCfg_IntQTaskStk                        0x20006ac4   Data         512  os_cfg_app.o(.bss)
    OSCfg_ISRStk                             0x20006cc4   Data         512  os_cfg_app.o(.bss)
    OSCfg_MsgPool                            0x20006ec4   Data        1600  os_cfg_app.o(.bss)
    OSCfg_StatTaskStk                        0x20007504   Data         512  os_cfg_app.o(.bss)
    OSCfg_TickTaskStk                        0x20007704   Data         512  os_cfg_app.o(.bss)
    OSCfg_TickWheel                          0x20007904   Data         136  os_cfg_app.o(.bss)
    OSCfg_TmrTaskStk                         0x2000798c   Data         512  os_cfg_app.o(.bss)
    OSCfg_TmrWheel                           0x20007b8c   Data         136  os_cfg_app.o(.bss)
    OSIdleTaskTCB                            0x20007c14   Data         196  os_var.o(.bss)
    OSIntQTaskTCB                            0x20007cd8   Data         196  os_var.o(.bss)
    OSMsgPool                                0x20007d9c   Data          12  os_var.o(.bss)
    OSRdyList                                0x20007da8   Data         768  os_var.o(.bss)
    OSStatTaskTCB                            0x200080a8   Data         196  os_var.o(.bss)
    OSTickTaskTCB                            0x2000816c   Data         196  os_var.o(.bss)
    OSTmrTaskTCB                             0x20008230   Data         196  os_var.o(.bss)
    g_rxdata                                 0x200082f4   Data         512  msgspiprocessdrv.o(.bss)
    gUARTSystemParameter                     0x200086f4   Data          20  usartmsgprocessdrv.o(.bss)
    W25Q16_Mutex                             0x20008858   Data          44  w25q16.o(.bss)
    selfchecktmr                             0x20008884   Data          52  lcd.o(.bss)
    uart5_receive_data                       0x200088b8   Data          50  uart5.o(.bss)
    SSIZE                                    0x200088ea   Data          16  w5500.o(.bss)
    RSIZE                                    0x200088fa   Data          16  w5500.o(.bss)
    ConfigMsg                                0x2000890a   Data          28  w5500_conf.o(.bss)
    EEPROM_MSG                               0x20008926   Data          18  w5500_conf.o(.bss)
    DHCP_GET                                 0x20008938   Data          22  dhcp.o(.bss)
    EXTERN_DHCPBUF                           0x20008950   Data        1024  dhcp.o(.bss)
    domain_name                              0x20008d50   Data          30  dns.o(.bss)
    BUFPUB                                   0x20008d6e   Data        1024  dns.o(.bss)
    buff                                     0x2000916e   Data        2048  tcp_demo.o(.bss)
    iMCSystemStatus                          0x2000996e   Data          12  devicecommon.o(.bss)
    iMCSystemDeviceStatus                    0x2000997a   Data          48  devicecommon.o(.bss)
    iMCSystemOperationStatus                 0x200099aa   Data          12  devicecommon.o(.bss)
    Uart4RxBuf                               0x200099b8   Data        3024  receivedatabuffer.o(.bss)
    Data_RecieveFromHost                     0x2000a588   Data         520  receivedatabuffer.o(.bss)
    RxMessage                                0x2000a790   Data          20  receivedatabuffer.o(.bss)
    Plugin                                   0x2000aca4   Data          12  app.o(.bss)
    RXframe                                  0x2000acb0   Data         512  app.o(.bss)
    sMCSystemStatus_ZJ                       0x2000aeb0   Data           9  d026_hw200.o(.bss)
    sMCSystemDeviceStatus_ZJ                 0x2000aebc   Data          20  d026_hw200.o(.bss)
    uart_gprs                                0x2000aed0   Data         276  bc95.o(.bss)
    Data_Frame                               0x2000b002   Data         512  bc95.o(.bss)
    temp_Buffer                              0x2000b202   Data         255  bc95.o(.bss)
    uart_debug                               0x2000b304   Data         276  bc95.o(.bss)
    uart_rs485                               0x2000b418   Data         276  bc95.o(.bss)
    AT_RecieveFrame                          0x2000b52c   Data         220  printeratcmd.o(.bss)
    BTBuffer_frame                           0x2000b878   Data          59  btfunction.o(.bss)
    __initial_sp                             0x2000bcb8   Data           0  startup_stm32f10x_cl.o(STACK)



==============================================================================

Memory Map of the image

  Image Entry point : 0x08000151

  Load Region LR_IROM1 (Base: 0x08000000, Size: 0x00012cc8, Max: 0x00020000, ABSOLUTE, COMPRESSED[0x00012a2c])

    Execution Region ER_IROM1 (Exec base: 0x08000000, Load base: 0x08000000, Size: 0x00012978, Max: 0x00020000, ABSOLUTE)

    Exec Addr    Load Addr    Size         Type   Attr      Idx    E Section Name        Object

    0x08000000   0x08000000   0x00000150   Data   RO         1608    RESET               startup_stm32f10x_cl.o
    0x08000150   0x08000150   0x00000000   Code   RO         7920  * .ARM.Collect$$$$00000000  mc_w.l(entry.o)
    0x08000150   0x08000150   0x00000004   Code   RO         8224    .ARM.Collect$$$$00000001  mc_w.l(entry2.o)
    0x08000154   0x08000154   0x00000004   Code   RO         8227    .ARM.Collect$$$$00000004  mc_w.l(entry5.o)
    0x08000158   0x08000158   0x00000000   Code   RO         8229    .ARM.Collect$$$$00000008  mc_w.l(entry7b.o)
    0x08000158   0x08000158   0x00000000   Code   RO         8231    .ARM.Collect$$$$0000000A  mc_w.l(entry8b.o)
    0x08000158   0x08000158   0x00000008   Code   RO         8232    .ARM.Collect$$$$0000000B  mc_w.l(entry9a.o)
    0x08000160   0x08000160   0x00000004   Code   RO         8239    .ARM.Collect$$$$0000000E  mc_w.l(entry12b.o)
    0x08000164   0x08000164   0x00000000   Code   RO         8234    .ARM.Collect$$$$0000000F  mc_w.l(entry10a.o)
    0x08000164   0x08000164   0x00000000   Code   RO         8236    .ARM.Collect$$$$00000011  mc_w.l(entry11a.o)
    0x08000164   0x08000164   0x00000004   Code   RO         8225    .ARM.Collect$$$$00002712  mc_w.l(entry2.o)
    0x08000168   0x08000168   0x00000024   Code   RO         1609    .text               startup_stm32f10x_cl.o
    0x0800018c   0x0800018c   0x00000034   Code   RO         3875    .text               cpu_a.o
    0x080001c0   0x080001c0   0x00000062   Code   RO         7923    .text               mc_w.l(uldiv.o)
    0x08000222   0x08000222   0x00000024   Code   RO         7925    .text               mc_w.l(memcpya.o)
    0x08000246   0x08000246   0x00000024   Code   RO         7927    .text               mc_w.l(memseta.o)
    0x0800026a   0x0800026a   0x00000024   Code   RO         7929    .text               mc_w.l(strstr.o)
    0x0800028e   0x0800028e   0x00000018   Code   RO         7931    .text               mc_w.l(strncpy.o)
    0x080002a6   0x080002a6   0x00000014   Code   RO         7933    .text               mc_w.l(strchr.o)
    0x080002ba   0x080002ba   0x0000000e   Code   RO         7935    .text               mc_w.l(strlen.o)
    0x080002c8   0x080002c8   0x0000001a   Code   RO         7937    .text               mc_w.l(memcmp.o)
    0x080002e2   0x080002e2   0x00000012   Code   RO         7939    .text               mc_w.l(strcpy.o)
    0x080002f4   0x080002f4   0x00000064   Code   RO         8210    .text               mf_w.l(fmul.o)
    0x08000358   0x08000358   0x0000007c   Code   RO         8212    .text               mf_w.l(fdiv.o)
    0x080003d4   0x080003d4   0x000000e4   Code   RO         8214    .text               mf_w.l(dmul.o)
    0x080004b8   0x080004b8   0x0000000a   Code   RO         8216    .text               mf_w.l(ffltui.o)
    0x080004c2   0x080004c2   0x00000028   Code   RO         8218    .text               mf_w.l(ffixui.o)
    0x080004ea   0x080004ea   0x00000026   Code   RO         8220    .text               mf_w.l(f2d.o)
    0x08000510   0x08000510   0x00000038   Code   RO         8222    .text               mf_w.l(d2f.o)
    0x08000548   0x08000548   0x0000001e   Code   RO         8242    .text               mc_w.l(llshl.o)
    0x08000566   0x08000566   0x00000020   Code   RO         8244    .text               mc_w.l(llushr.o)
    0x08000586   0x08000586   0x00000000   Code   RO         8246    .text               mc_w.l(iusefp.o)
    0x08000586   0x08000586   0x0000006e   Code   RO         8247    .text               mf_w.l(fepilogue.o)
    0x080005f4   0x080005f4   0x000000ba   Code   RO         8249    .text               mf_w.l(depilogue.o)
    0x080006ae   0x080006ae   0x00000002   PAD
    0x080006b0   0x080006b0   0x00000024   Code   RO         8259    .text               mc_w.l(init.o)
    0x080006d4   0x080006d4   0x00000056   Code   RO         8271    .text               mc_w.l(__dczerorl2.o)
    0x0800072a   0x0800072a   0x00000002   PAD
    0x0800072c   0x0800072c   0x00000098   Code   RO         5403    CODE                os_cpu_a.o
    0x080007c4   0x080007c4   0x00000016   Code   RO         3446    i.ADC_Cmd           stm32f10x_adc.o
    0x080007da   0x080007da   0x00000002   PAD
    0x080007dc   0x080007dc   0x0000005c   Code   RO         3448    i.ADC_DeInit        stm32f10x_adc.o
    0x08000838   0x08000838   0x00000014   Code   RO         3454    i.ADC_GetCalibrationStatus  stm32f10x_adc.o
    0x0800084c   0x0800084c   0x00000008   Code   RO         3455    i.ADC_GetConversionValue  stm32f10x_adc.o
    0x08000854   0x08000854   0x00000012   Code   RO         3457    i.ADC_GetFlagStatus  stm32f10x_adc.o
    0x08000866   0x08000866   0x00000014   Code   RO         3460    i.ADC_GetResetCalibrationStatus  stm32f10x_adc.o
    0x0800087a   0x0800087a   0x00000002   PAD
    0x0800087c   0x0800087c   0x00000050   Code   RO         3464    i.ADC_Init          stm32f10x_adc.o
    0x080008cc   0x080008cc   0x000000b8   Code   RO         3468    i.ADC_RegularChannelConfig  stm32f10x_adc.o
    0x08000984   0x08000984   0x0000000a   Code   RO         3469    i.ADC_ResetCalibration  stm32f10x_adc.o
    0x0800098e   0x0800098e   0x00000016   Code   RO         3471    i.ADC_SoftwareStartConvCmd  stm32f10x_adc.o
    0x080009a4   0x080009a4   0x0000000a   Code   RO         3473    i.ADC_StartCalibration  stm32f10x_adc.o
    0x080009ae   0x080009ae   0x00000002   PAD
    0x080009b0   0x080009b0   0x00000024   Code   RO         7729    i.ATcommond_Logic   printeratcmd.o
    0x080009d4   0x080009d4   0x0000008c   Code   RO         1240    i.Adc_Init          mainpower.o
    0x08000a60   0x08000a60   0x0000008c   Code   RO         1241    i.Adc_Init_PA0      mainpower.o
    0x08000aec   0x08000aec   0x00000042   Code   RO         7465    i.BC95_chartoasc    bc95.o
    0x08000b2e   0x08000b2e   0x00000010   Code   RO         2397    i.BKP_DeInit        stm32f10x_bkp.o
    0x08000b3e   0x08000b3e   0x00000002   PAD
    0x08000b40   0x08000b40   0x0000001c   Code   RO         2402    i.BKP_ReadBackupRegister  stm32f10x_bkp.o
    0x08000b5c   0x08000b5c   0x0000001c   Code   RO         2406    i.BKP_WriteBackupRegister  stm32f10x_bkp.o
    0x08000b78   0x08000b78   0x00000010   Code   RO         3662    i.BSP_CPU_ClkFreq   bsp.o
    0x08000b88   0x08000b88   0x000000f4   Code   RO         7834    i.BTBuffer_frameInit  btfunction.o
    0x08000c7c   0x08000c7c   0x00000018   Code   RO         5864    i.BTFlashFlagSet    w25q16.o
    0x08000c94   0x08000c94   0x000000b4   Code   RO         7835    i.BT_DataFrame      btfunction.o
    0x08000d48   0x08000d48   0x00000180   Code   RO         7837    i.BT_Logic          btfunction.o
    0x08000ec8   0x08000ec8   0x00000084   Code   RO         7838    i.BT_PeriodTask     btfunction.o
    0x08000f4c   0x08000f4c   0x0000005c   Code   RO         7839    i.BT_SucessInfor    btfunction.o
    0x08000fa8   0x08000fa8   0x00000038   Code   RO         7840    i.BtAbnormalRequest  btfunction.o
    0x08000fe0   0x08000fe0   0x00000020   Code   RO         7841    i.BtDataTranseferRequest  btfunction.o
    0x08001000   0x08001000   0x00000010   Code   RO         7842    i.BtDownloadBeginRequest  btfunction.o
    0x08001010   0x08001010   0x00000040   Code   RO         7843    i.BtFlashEraseRequest  btfunction.o
    0x08001050   0x08001050   0x00000004   Code   RO          381    i.BusFault_Handler  stm32f10x_it.o
    0x08001054   0x08001054   0x00000024   Code   RO          565    i.Buzzer            buzzer.o
    0x08001078   0x08001078   0x00000060   Code   RO          566    i.Buzzer_Action     buzzer.o
    0x080010d8   0x080010d8   0x00000038   Code   RO          567    i.Buzzer_Init       buzzer.o
    0x08001110   0x08001110   0x0000000c   Code   RO         3703    i.CPU_Init          cpu_core.o
    0x0800111c   0x0800111c   0x00000030   Code   RO         3704    i.CPU_NameClr       cpu_core.o
    0x0800114c   0x0800114c   0x00000008   Code   RO         3706    i.CPU_NameInit      cpu_core.o
    0x08001154   0x08001154   0x00000014   Code   RO         3710    i.CPU_TS_Init       cpu_core.o
    0x08001168   0x08001168   0x0000000c   Code   RO         3712    i.CPU_TS_TmrFreqSet  cpu_core.o
    0x08001174   0x08001174   0x00000034   Code   RO         3664    i.CPU_TS_TmrInit    bsp.o
    0x080011a8   0x080011a8   0x0000000c   Code   RO         3665    i.CPU_TS_TmrRd      bsp.o
    0x080011b4   0x080011b4   0x00000028   Code   RO         1045    i.ChaGangYingDa_stop  serveraction.o
    0x080011dc   0x080011dc   0x00000030   Code   RO         5865    i.Clear_LCD_Num     w25q16.o
    0x0800120c   0x0800120c   0x0000007a   Code   RO         5866    i.ConfigDataSet     w25q16.o
    0x08001286   0x08001286   0x00000002   PAD
    0x08001288   0x08001288   0x000002c0   Code   RO         5867    i.ConfigSystemDataPrint  w25q16.o
    0x08001548   0x08001548   0x000000e4   Code   RO         5868    i.ConfigSystemSet   w25q16.o
    0x0800162c   0x0800162c   0x0000039c   Code   RO         7730    i.Configure_Data_Analyze  printeratcmd.o
    0x080019c8   0x080019c8   0x000002f0   Code   RO          983    i.Data_TransToServer  sendtoserverdatatype.o
    0x08001cb8   0x08001cb8   0x00000002   Code   RO          382    i.DebugMon_Handler  stm32f10x_it.o
    0x08001cba   0x08001cba   0x00000002   PAD
    0x08001cbc   0x08001cbc   0x00000024   Code   RO         6984    i.DevicePlugin_Install  choicedevice.o
    0x08001ce0   0x08001ce0   0x0000001e   Code   RO          806    i.Device_Operation_Information  frame.o
    0x08001cfe   0x08001cfe   0x00000002   PAD
    0x08001d00   0x08001d00   0x00000024   Code   RO          807    i.Device_RunningState  frame.o
    0x08001d24   0x08001d24   0x00000016   Code   RO          808    i.Device_SysTime    frame.o
    0x08001d3a   0x08001d3a   0x00000002   PAD
    0x08001d3c   0x08001d3c   0x00000020   Code   RO          809    i.Device_Version    frame.o
    0x08001d5c   0x08001d5c   0x00000022   Code   RO          899    i.DutyCmd           recievefromserver.o
    0x08001d7e   0x08001d7e   0x00000002   PAD
    0x08001d80   0x08001d80   0x0000002c   Code   RO         1046    i.DutyVoicetmr_callback  serveraction.o
    0x08001dac   0x08001dac   0x00000038   Code   RO         1047    i.Duty_Key          serveraction.o
    0x08001de4   0x08001de4   0x00000018   Code   RO          604    i.EXTI1_IRQHandler  key.o
    0x08001dfc   0x08001dfc   0x00000018   Code   RO          605    i.EXTI3_IRQHandler  key.o
    0x08001e14   0x08001e14   0x00000018   Code   RO          606    i.EXTI4_IRQHandler  key.o
    0x08001e2c   0x08001e2c   0x000000a6   Code   RO          607    i.EXTIX_Init        key.o
    0x08001ed2   0x08001ed2   0x00000002   PAD
    0x08001ed4   0x08001ed4   0x0000000c   Code   RO         2198    i.EXTI_ClearITPendingBit  stm32f10x_exti.o
    0x08001ee0   0x08001ee0   0x00000094   Code   RO         2203    i.EXTI_Init         stm32f10x_exti.o
    0x08001f74   0x08001f74   0x00000034   Code   RO         1048    i.FaultMute_Key     serveraction.o
    0x08001fa8   0x08001fa8   0x00000040   Code   RO         1652    i.GPIO_EXTILineConfig  stm32f10x_gpio.o
    0x08001fe8   0x08001fe8   0x00000116   Code   RO         1655    i.GPIO_Init         stm32f10x_gpio.o
    0x080020fe   0x080020fe   0x00000002   PAD
    0x08002100   0x08002100   0x00000090   Code   RO         1657    i.GPIO_PinRemapConfig  stm32f10x_gpio.o
    0x08002190   0x08002190   0x00000012   Code   RO         1659    i.GPIO_ReadInputDataBit  stm32f10x_gpio.o
    0x080021a2   0x080021a2   0x00000004   Code   RO         1662    i.GPIO_ResetBits    stm32f10x_gpio.o
    0x080021a6   0x080021a6   0x00000004   Code   RO         1663    i.GPIO_SetBits      stm32f10x_gpio.o
    0x080021aa   0x080021aa   0x00000014   Code   RO         7468    i.GPRS_buffer_send  bc95.o
    0x080021be   0x080021be   0x00000002   PAD
    0x080021c0   0x080021c0   0x0000015c   Code   RO         7469    i.GPRS_senddata     bc95.o
    0x0800231c   0x0800231c   0x0000001c   Code   RO         7365    i.GST200_ActionConv  d026_hw200.o
    0x08002338   0x08002338   0x0000003a   Code   RO         7366    i.GST200_CompStateConv  d026_hw200.o
    0x08002372   0x08002372   0x00000050   Code   RO         7367    i.GST200_ComponentConversion  d026_hw200.o
    0x080023c2   0x080023c2   0x00000020   Code   RO         7368    i.GST200_SysStateConv  d026_hw200.o
    0x080023e2   0x080023e2   0x00000002   PAD
    0x080023e4   0x080023e4   0x00000034   Code   RO         1242    i.Get_Adc           mainpower.o
    0x08002418   0x08002418   0x00000134   Code   RO         1243    i.Get_Adc_Average   mainpower.o
    0x0800254c   0x0800254c   0x0000010c   Code   RO         1244    i.Get_Adc_Average_PA0  mainpower.o
    0x08002658   0x08002658   0x00000034   Code   RO         1245    i.Get_Adc_PA0       mainpower.o
    0x0800268c   0x0800268c   0x000001d0   Code   RO         5871    i.Get_ConfigArea    w25q16.o
    0x0800285c   0x0800285c   0x000000e4   Code   RO         7470    i.Get_GPRS_Receive  bc95.o
    0x08002940   0x08002940   0x00000014   Code   RO         7471    i.Get_GPRS_Receive_Length  bc95.o
    0x08002954   0x08002954   0x0000016c   Code   RO         5872    i.Get_RecordArea    w25q16.o
    0x08002ac0   0x08002ac0   0x00000054   Code   RO          486    i.HC595SendData     led.o
    0x08002b14   0x08002b14   0x00000064   Code   RO         7369    i.HW200_MCDeviceCode  d026_hw200.o
    0x08002b78   0x08002b78   0x00000004   Code   RO          383    i.HardFault_Handler  stm32f10x_it.o
    0x08002b7c   0x08002b7c   0x00000028   Code   RO         1050    i.HeartBeatFrame    serveraction.o
    0x08002ba4   0x08002ba4   0x00000032   Code   RO         6594    i.IINCHIP_READ      w5500_conf.o
    0x08002bd6   0x08002bd6   0x0000000c   Code   RO         6595    i.IINCHIP_SpiSendData  w5500_conf.o
    0x08002be2   0x08002be2   0x00000032   Code   RO         6596    i.IINCHIP_WRITE     w5500_conf.o
    0x08002c14   0x08002c14   0x00000040   Code   RO         5873    i.IP_Write_Flash    w25q16.o
    0x08002c54   0x08002c54   0x00000010   Code   RO         3243    i.IWDG_Enable       stm32f10x_iwdg.o
    0x08002c64   0x08002c64   0x00000008   Code   RO         1458    i.IWDG_Feed         wdg.o
    0x08002c6c   0x08002c6c   0x0000003c   Code   RO         1459    i.IWDG_Init         wdg.o
    0x08002ca8   0x08002ca8   0x00000010   Code   RO         3245    i.IWDG_ReloadCounter  stm32f10x_iwdg.o
    0x08002cb8   0x08002cb8   0x0000000c   Code   RO         3246    i.IWDG_SetPrescaler  stm32f10x_iwdg.o
    0x08002cc4   0x08002cc4   0x0000000c   Code   RO         3247    i.IWDG_SetReload    stm32f10x_iwdg.o
    0x08002cd0   0x08002cd0   0x0000000c   Code   RO         3248    i.IWDG_WriteAccessCmd  stm32f10x_iwdg.o
    0x08002cdc   0x08002cdc   0x000000d8   Code   RO         5874    i.Infor_Record_Num  w25q16.o
    0x08002db4   0x08002db4   0x0000001a   Code   RO          901    i.InitCmd           recievefromserver.o
    0x08002dce   0x08002dce   0x00000002   PAD
    0x08002dd0   0x08002dd0   0x00000140   Code   RO         1051    i.IsEquel           serveraction.o
    0x08002f10   0x08002f10   0x00000084   Code   RO         1052    i.IsOnDuty_Action   serveraction.o
    0x08002f94   0x08002f94   0x000000c4   Code   RO          984    i.IsPriorityFrame   sendtoserverdatatype.o
    0x08003058   0x08003058   0x000000a0   Code   RO          985    i.IsReportAddr      sendtoserverdatatype.o
    0x080030f8   0x080030f8   0x00000026   Code   RO         5875    i.IsStrEqual        w25q16.o
    0x0800311e   0x0800311e   0x0000006c   Code   RO         7472    i.IsStrInclude      bc95.o
    0x0800318a   0x0800318a   0x0000003a   Code   RO          731    i.Is_Leap_Year      rtc.o
    0x080031c4   0x080031c4   0x00000038   Code   RO         1053    i.JingQingXiaoChu_Key  serveraction.o
    0x080031fc   0x080031fc   0x00000120   Code   RO          608    i.KEY_Init          key.o
    0x0800331c   0x0800331c   0x00000038   Code   RO          609    i.KEY_READ          key.o
    0x08003354   0x08003354   0x0000015c   Code   RO          610    i.KEY_SCAN          key.o
    0x080034b0   0x080034b0   0x000000b8   Code   RO          487    i.LED_Init          led.o
    0x08003568   0x08003568   0x00000010   Code   RO         1054    i.LastTx_Frame_Increase  serveraction.o
    0x08003578   0x08003578   0x000001a8   Code   RO          489    i.LedSet            led.o
    0x08003720   0x08003720   0x00000304   Code   RO         1055    i.LedVoice_Action   serveraction.o
    0x08003a24   0x08003a24   0x00000138   Code   RO          490    i.Leds_Action       led.o
    0x08003b5c   0x08003b5c   0x0000000a   Code   RO         7473    i.MP1482_POWEROFF   bc95.o
    0x08003b66   0x08003b66   0x00000002   Code   RO         7474    i.MP1482_POWERON    bc95.o
    0x08003b68   0x08003b68   0x00000038   Code   RO         1056    i.ManAlarm_Key      serveraction.o
    0x08003ba0   0x08003ba0   0x00000004   Code   RO          384    i.MemManage_Handler  stm32f10x_it.o
    0x08003ba4   0x08003ba4   0x00000012   Code   RO         4019    i.Mem_Clr           lib_mem.o
    0x08003bb6   0x08003bb6   0x00000054   Code   RO         4035    i.Mem_Set           lib_mem.o
    0x08003c0a   0x08003c0a   0x00000002   PAD
    0x08003c0c   0x08003c0c   0x00000048   Code   RO         7475    i.NB_Init           bc95.o
    0x08003c54   0x08003c54   0x00000010   Code   RO         7479    i.NB_UsartSendstr   bc95.o
    0x08003c64   0x08003c64   0x00000030   Code   RO         5654    i.NET_SET           net.o
    0x08003c94   0x08003c94   0x00000002   Code   RO          385    i.NMI_Handler       stm32f10x_it.o
    0x08003c96   0x08003c96   0x00000002   PAD
    0x08003c98   0x08003c98   0x00000070   Code   RO         1613    i.NVIC_Init         misc.o
    0x08003d08   0x08003d08   0x00000014   Code   RO         1614    i.NVIC_PriorityGroupConfig  misc.o
    0x08003d1c   0x08003d1c   0x00000038   Code   RO         5609    i.NVIC_Usartx_Configuration  usartmsgprocessdrv.o
    0x08003d54   0x08003d54   0x00000060   Code   RO         1057    i.NetCHECK          serveraction.o
    0x08003db4   0x08003db4   0x00000034   Code   RO         5655    i.NetStatus         net.o
    0x08003de8   0x08003de8   0x00000010   Code   RO            2    i.NetTask_Resume    main.o
    0x08003df8   0x08003df8   0x00000010   Code   RO            3    i.NetTask_Suspend   main.o
    0x08003e08   0x08003e08   0x000002d4   Code   RO         5657    i.NetWork_State     net.o
    0x080040dc   0x080040dc   0x00000064   Code   RO         5658    i.Net_Init          net.o
    0x08004140   0x08004140   0x0000012c   Code   RO         5659    i.Net_Restart       net.o
    0x0800426c   0x0800426c   0x00000078   Code   RO         5660    i.Net_Rx_Read       net.o
    0x080042e4   0x080042e4   0x00000038   Code   RO         5661    i.Net_Send_Infor    net.o
    0x0800431c   0x0800431c   0x0000000c   Code   RO            4    i.Net_task          main.o
    0x08004328   0x08004328   0x000000fc   Code   RO         4288    i.OSCfg_Init        os_cfg_app.o
    0x08004424   0x08004424   0x00000014   Code   RO         5406    i.OSIdleTaskHook    os_cpu_c.o
    0x08004438   0x08004438   0x0000018c   Code   RO         4311    i.OSInit            os_core.o
    0x080045c4   0x080045c4   0x00000038   Code   RO         5407    i.OSInitHook        os_cpu_c.o
    0x080045fc   0x080045fc   0x0000002c   Code   RO         4312    i.OSIntEnter        os_core.o
    0x08004628   0x08004628   0x000000e4   Code   RO         4313    i.OSIntExit         os_core.o
    0x0800470c   0x0800470c   0x000000c4   Code   RO         4764    i.OSMutexCreate     os_mutex.o
    0x080047d0   0x080047d0   0x000002d8   Code   RO         4766    i.OSMutexPend       os_mutex.o
    0x08004aa8   0x08004aa8   0x0000024c   Code   RO         4768    i.OSMutexPost       os_mutex.o
    0x08004cf4   0x08004cf4   0x000000a8   Code   RO         4314    i.OSSched           os_core.o
    0x08004d9c   0x08004d9c   0x00000074   Code   RO         4315    i.OSSchedLock       os_core.o
    0x08004e10   0x08004e10   0x00000064   Code   RO         4316    i.OSSchedRoundRobinCfg  os_core.o
    0x08004e74   0x08004e74   0x00000094   Code   RO         4318    i.OSSchedUnlock     os_core.o
    0x08004f08   0x08004f08   0x000000bc   Code   RO         4939    i.OSSemCreate       os_sem.o
    0x08004fc4   0x08004fc4   0x000001e0   Code   RO         4941    i.OSSemPend         os_sem.o
    0x080051a4   0x080051a4   0x00000098   Code   RO         4943    i.OSSemPost         os_sem.o
    0x0800523c   0x0800523c   0x00000068   Code   RO         4319    i.OSStart           os_core.o
    0x080052a4   0x080052a4   0x00000138   Code   RO         5011    i.OSStatReset       os_stat.o
    0x080053dc   0x080053dc   0x000000f0   Code   RO         5012    i.OSStatTaskCPUUsageInit  os_stat.o
    0x080054cc   0x080054cc   0x00000014   Code   RO         5408    i.OSStatTaskHook    os_cpu_c.o
    0x080054e0   0x080054e0   0x0000025c   Code   RO         5042    i.OSTaskCreate      os_task.o
    0x0800573c   0x0800573c   0x00000018   Code   RO         5409    i.OSTaskCreateHook  os_cpu_c.o
    0x08005754   0x08005754   0x000001c4   Code   RO         5043    i.OSTaskDel         os_task.o
    0x08005918   0x08005918   0x00000018   Code   RO         5410    i.OSTaskDelHook     os_cpu_c.o
    0x08005930   0x08005930   0x00000210   Code   RO         5045    i.OSTaskQPend       os_task.o
    0x08005b40   0x08005b40   0x0000007c   Code   RO         5051    i.OSTaskResume      os_task.o
    0x08005bbc   0x08005bbc   0x00000018   Code   RO         5411    i.OSTaskReturnHook  os_cpu_c.o
    0x08005bd4   0x08005bd4   0x00000214   Code   RO         5052    i.OSTaskSemPend     os_task.o
    0x08005de8   0x08005de8   0x0000006c   Code   RO         5054    i.OSTaskSemPost     os_task.o
    0x08005e54   0x08005e54   0x000000d4   Code   RO         5056    i.OSTaskStkChk      os_task.o
    0x08005f28   0x08005f28   0x000000c0   Code   RO         5412    i.OSTaskStkInit     os_cpu_c.o
    0x08005fe8   0x08005fe8   0x00000060   Code   RO         5057    i.OSTaskSuspend     os_task.o
    0x08006048   0x08006048   0x00000088   Code   RO         5413    i.OSTaskSwHook      os_cpu_c.o
    0x080060d0   0x080060d0   0x00000118   Code   RO         5257    i.OSTimeDly         os_time.o
    0x080061e8   0x080061e8   0x000001f0   Code   RO         5258    i.OSTimeDlyHMSM     os_time.o
    0x080063d8   0x080063d8   0x00000034   Code   RO         5260    i.OSTimeGet         os_time.o
    0x0800640c   0x0800640c   0x00000044   Code   RO         5262    i.OSTimeTick        os_time.o
    0x08006450   0x08006450   0x00000014   Code   RO         5414    i.OSTimeTickHook    os_cpu_c.o
    0x08006464   0x08006464   0x00000108   Code   RO         5299    i.OSTmrCreate       os_tmr.o
    0x0800656c   0x0800656c   0x000000bc   Code   RO         5300    i.OSTmrDel          os_tmr.o
    0x08006628   0x08006628   0x000000c4   Code   RO         5301    i.OSTmrRemainGet    os_tmr.o
    0x080066ec   0x080066ec   0x000000ac   Code   RO         5302    i.OSTmrStart        os_tmr.o
    0x08006798   0x08006798   0x00000090   Code   RO         5303    i.OSTmrStateGet     os_tmr.o
    0x08006828   0x08006828   0x000001b0   Code   RO         4557    i.OS_Dbg_Init       os_dbg.o
    0x080069d8   0x080069d8   0x00000018   Code   RO         4582    i.OS_FlagInit       os_flag.o
    0x080069f0   0x080069f0   0x00000230   Code   RO         4583    i.OS_FlagPost       os_flag.o
    0x08006c20   0x08006c20   0x00000056   Code   RO         4584    i.OS_FlagTaskRdy    os_flag.o
    0x08006c76   0x08006c76   0x00000002   PAD
    0x08006c78   0x08006c78   0x00000044   Code   RO         4321    i.OS_IdleTask       os_core.o
    0x08006cbc   0x08006cbc   0x00000070   Code   RO         4322    i.OS_IdleTaskInit   os_core.o
    0x08006d2c   0x08006d2c   0x000000fc   Code   RO         4656    i.OS_IntQPost       os_int.o
    0x08006e28   0x08006e28   0x000001a4   Code   RO         4657    i.OS_IntQRePost     os_int.o
    0x08006fcc   0x08006fcc   0x000000b4   Code   RO         4658    i.OS_IntQTask       os_int.o
    0x08007080   0x08007080   0x00000128   Code   RO         4659    i.OS_IntQTaskInit   os_int.o
    0x080071a8   0x080071a8   0x00000018   Code   RO         4690    i.OS_MemInit        os_mem.o
    0x080071c0   0x080071c0   0x00000036   Code   RO         4722    i.OS_MsgPoolCreate  os_msg.o
    0x080071f6   0x080071f6   0x00000002   PAD
    0x080071f8   0x080071f8   0x00000054   Code   RO         4723    i.OS_MsgPoolInit    os_msg.o
    0x0800724c   0x0800724c   0x00000044   Code   RO         4724    i.OS_MsgQFreeAll    os_msg.o
    0x08007290   0x08007290   0x00000068   Code   RO         4725    i.OS_MsgQGet        os_msg.o
    0x080072f8   0x080072f8   0x0000000e   Code   RO         4726    i.OS_MsgQInit       os_msg.o
    0x08007306   0x08007306   0x00000002   PAD
    0x08007308   0x08007308   0x000000fc   Code   RO         4727    i.OS_MsgQPut        os_msg.o
    0x08007404   0x08007404   0x00000030   Code   RO         4770    i.OS_MutexDbgListAdd  os_mutex.o
    0x08007434   0x08007434   0x00000018   Code   RO         4772    i.OS_MutexInit      os_mutex.o
    0x0800744c   0x0800744c   0x00000068   Code   RO         4323    i.OS_Pend           os_core.o
    0x080074b4   0x080074b4   0x00000026   Code   RO         4326    i.OS_PendDataInit   os_core.o
    0x080074da   0x080074da   0x00000002   PAD
    0x080074dc   0x080074dc   0x0000005c   Code   RO         4327    i.OS_PendDbgNameAdd  os_core.o
    0x08007538   0x08007538   0x00000024   Code   RO         4328    i.OS_PendDbgNameRemove  os_core.o
    0x0800755c   0x0800755c   0x00000046   Code   RO         4329    i.OS_PendListChangePrio  os_core.o
    0x080075a2   0x080075a2   0x0000000a   Code   RO         4330    i.OS_PendListInit   os_core.o
    0x080075ac   0x080075ac   0x00000066   Code   RO         4332    i.OS_PendListInsertPrio  os_core.o
    0x08007612   0x08007612   0x00000030   Code   RO         4333    i.OS_PendListRemove  os_core.o
    0x08007642   0x08007642   0x00000042   Code   RO         4334    i.OS_PendListRemove1  os_core.o
    0x08007684   0x08007684   0x000000c0   Code   RO         4337    i.OS_Post           os_core.o
    0x08007744   0x08007744   0x0000002a   Code   RO         4338    i.OS_Post1          os_core.o
    0x0800776e   0x0800776e   0x00000002   PAD
    0x08007770   0x08007770   0x00000028   Code   RO         4830    i.OS_PrioGetHighest  os_prio.o
    0x08007798   0x08007798   0x00000018   Code   RO         4831    i.OS_PrioInit       os_prio.o
    0x080077b0   0x080077b0   0x00000024   Code   RO         4832    i.OS_PrioInsert     os_prio.o
    0x080077d4   0x080077d4   0x00000024   Code   RO         4833    i.OS_PrioRemove     os_prio.o
    0x080077f8   0x080077f8   0x00000018   Code   RO         4876    i.OS_QInit          os_q.o
    0x08007810   0x08007810   0x0000014c   Code   RO         4877    i.OS_QPost          os_q.o
    0x0800795c   0x0800795c   0x00000024   Code   RO         4339    i.OS_RdyListInit    os_core.o
    0x08007980   0x08007980   0x0000002c   Code   RO         4340    i.OS_RdyListInsert  os_core.o
    0x080079ac   0x080079ac   0x00000040   Code   RO         4341    i.OS_RdyListInsertHead  os_core.o
    0x080079ec   0x080079ec   0x0000003c   Code   RO         4342    i.OS_RdyListInsertTail  os_core.o
    0x08007a28   0x08007a28   0x00000044   Code   RO         4343    i.OS_RdyListMoveHeadToTail  os_core.o
    0x08007a6c   0x08007a6c   0x0000005c   Code   RO         4344    i.OS_RdyListRemove  os_core.o
    0x08007ac8   0x08007ac8   0x0000005c   Code   RO         4345    i.OS_Sched0         os_core.o
    0x08007b24   0x08007b24   0x0000001c   Code   RO         4346    i.OS_SchedLockTimeMeasStart  os_core.o
    0x08007b40   0x08007b40   0x0000003c   Code   RO         4347    i.OS_SchedLockTimeMeasStop  os_core.o
    0x08007b7c   0x08007b7c   0x000000d0   Code   RO         4348    i.OS_SchedRoundRobin  os_core.o
    0x08007c4c   0x08007c4c   0x00000030   Code   RO         4946    i.OS_SemDbgListAdd  os_sem.o
    0x08007c7c   0x08007c7c   0x00000018   Code   RO         4948    i.OS_SemInit        os_sem.o
    0x08007c94   0x08007c94   0x00000164   Code   RO         4949    i.OS_SemPost        os_sem.o
    0x08007df8   0x08007df8   0x0000035c   Code   RO         5013    i.OS_StatTask       os_stat.o
    0x08008154   0x08008154   0x000000cc   Code   RO         5014    i.OS_StatTaskInit   os_stat.o
    0x08008220   0x08008220   0x00000038   Code   RO         4349    i.OS_TaskBlock      os_core.o
    0x08008258   0x08008258   0x00000030   Code   RO         5059    i.OS_TaskDbgListAdd  os_task.o
    0x08008288   0x08008288   0x00000044   Code   RO         5060    i.OS_TaskDbgListRemove  os_task.o
    0x080082cc   0x080082cc   0x00000020   Code   RO         5061    i.OS_TaskInit       os_task.o
    0x080082ec   0x080082ec   0x000000c8   Code   RO         5062    i.OS_TaskInitTCB    os_task.o
    0x080083b4   0x080083b4   0x0000020c   Code   RO         5063    i.OS_TaskQPost      os_task.o
    0x080085c0   0x080085c0   0x0000001c   Code   RO         4350    i.OS_TaskRdy        os_core.o
    0x080085dc   0x080085dc   0x00000140   Code   RO         5064    i.OS_TaskResume     os_task.o
    0x0800871c   0x0800871c   0x00000018   Code   RO         5065    i.OS_TaskReturn     os_task.o
    0x08008734   0x08008734   0x000004c4   Code   RO         5066    i.OS_TaskSemPost    os_task.o
    0x08008bf8   0x08008bf8   0x00000150   Code   RO         5067    i.OS_TaskSuspend    os_task.o
    0x08008d48   0x08008d48   0x00000028   Code   RO         5209    i.OS_TickListInit   os_tick.o
    0x08008d70   0x08008d70   0x000001bc   Code   RO         5210    i.OS_TickListInsert  os_tick.o
    0x08008f2c   0x08008f2c   0x00000038   Code   RO         5211    i.OS_TickListRemove  os_tick.o
    0x08008f64   0x08008f64   0x00000024   Code   RO         5212    i.OS_TickListResetPeak  os_tick.o
    0x08008f88   0x08008f88   0x000001f8   Code   RO         5213    i.OS_TickListUpdate  os_tick.o
    0x08009180   0x08009180   0x0000002c   Code   RO         5214    i.OS_TickTask       os_tick.o
    0x080091ac   0x080091ac   0x000000b8   Code   RO         5215    i.OS_TickTaskInit   os_tick.o
    0x08009264   0x08009264   0x00000030   Code   RO         5305    i.OS_TmrClr         os_tmr.o
    0x08009294   0x08009294   0x00000028   Code   RO         5306    i.OS_TmrDbgListAdd  os_tmr.o
    0x080092bc   0x080092bc   0x00000030   Code   RO         5307    i.OS_TmrDbgListRemove  os_tmr.o
    0x080092ec   0x080092ec   0x00000128   Code   RO         5308    i.OS_TmrInit        os_tmr.o
    0x08009414   0x08009414   0x000000d0   Code   RO         5309    i.OS_TmrLink        os_tmr.o
    0x080094e4   0x080094e4   0x00000024   Code   RO         5310    i.OS_TmrResetPeak   os_tmr.o
    0x08009508   0x08009508   0x000000c0   Code   RO         5311    i.OS_TmrTask        os_tmr.o
    0x080095c8   0x080095c8   0x00000050   Code   RO         5312    i.OS_TmrUnlink      os_tmr.o
    0x08009618   0x08009618   0x0000000c   Code   RO         2473    i.PWR_BackupAccessCmd  stm32f10x_pwr.o
    0x08009624   0x08009624   0x0000001c   Code   RO            5    i.PeridTaskFeed     main.o
    0x08009640   0x08009640   0x000000a4   Code   RO            6    i.Period_task       main.o
    0x080096e4   0x080096e4   0x00000038   Code   RO         1246    i.PowerDetec_Init   mainpower.o
    0x0800971c   0x0800971c   0x0000004c   Code   RO         1247    i.Power_Detection   mainpower.o
    0x08009768   0x08009768   0x000000d4   Code   RO         1248    i.Power_State       mainpower.o
    0x0800983c   0x0800983c   0x0000001c   Code   RO            7    i.PreHostTaskFeed   main.o
    0x08009858   0x08009858   0x00000044   Code   RO         7162    i.ProalyInit        app.o
    0x0800989c   0x0800989c   0x00000010   Code   RO         7163    i.ProalyRun         app.o
    0x080098ac   0x080098ac   0x00000018   Code   RO         1943    i.RCC_ADCCLKConfig  stm32f10x_rcc.o
    0x080098c4   0x080098c4   0x00000020   Code   RO         1946    i.RCC_APB1PeriphClockCmd  stm32f10x_rcc.o
    0x080098e4   0x080098e4   0x00000020   Code   RO         1947    i.RCC_APB1PeriphResetCmd  stm32f10x_rcc.o
    0x08009904   0x08009904   0x00000020   Code   RO         1948    i.RCC_APB2PeriphClockCmd  stm32f10x_rcc.o
    0x08009924   0x08009924   0x00000020   Code   RO         1949    i.RCC_APB2PeriphResetCmd  stm32f10x_rcc.o
    0x08009944   0x08009944   0x0000000c   Code   RO         1951    i.RCC_BackupResetCmd  stm32f10x_rcc.o
    0x08009950   0x08009950   0x00000190   Code   RO         1956    i.RCC_GetClocksFreq  stm32f10x_rcc.o
    0x08009ae0   0x08009ae0   0x0000003c   Code   RO         1957    i.RCC_GetFlagStatus  stm32f10x_rcc.o
    0x08009b1c   0x08009b1c   0x00000034   Code   RO         1966    i.RCC_LSEConfig     stm32f10x_rcc.o
    0x08009b50   0x08009b50   0x0000000c   Code   RO         1980    i.RCC_RTCCLKCmd     stm32f10x_rcc.o
    0x08009b5c   0x08009b5c   0x00000010   Code   RO         1981    i.RCC_RTCCLKConfig  stm32f10x_rcc.o
    0x08009b6c   0x08009b6c   0x00000010   Code   RO         7047    i.RS485_Read        receivedatabuffer.o
    0x08009b7c   0x08009b7c   0x00000010   Code   RO         2534    i.RTC_ClearITPendingBit  stm32f10x_rtc.o
    0x08009b8c   0x08009b8c   0x00000014   Code   RO         2535    i.RTC_EnterConfigMode  stm32f10x_rtc.o
    0x08009ba0   0x08009ba0   0x00000014   Code   RO         2536    i.RTC_ExitConfigMode  stm32f10x_rtc.o
    0x08009bb4   0x08009bb4   0x00000040   Code   RO          732    i.RTC_Get           rtc.o
    0x08009bf4   0x08009bf4   0x00000014   Code   RO         2537    i.RTC_GetCounter    stm32f10x_rtc.o
    0x08009c08   0x08009c08   0x00000024   Code   RO         2540    i.RTC_GetITStatus   stm32f10x_rtc.o
    0x08009c2c   0x08009c2c   0x00000100   Code   RO          733    i.RTC_Get_DATA      rtc.o
    0x08009d2c   0x08009d2c   0x00000078   Code   RO          734    i.RTC_Get_Week      rtc.o
    0x08009da4   0x08009da4   0x00000060   Code   RO          735    i.RTC_IRQHandler    rtc.o
    0x08009e04   0x08009e04   0x000000c4   Code   RO          736    i.RTC_Init          rtc.o
    0x08009ec8   0x08009ec8   0x000000ec   Code   RO          737    i.RTC_Set           rtc.o
    0x08009fb4   0x08009fb4   0x0000001c   Code   RO         2543    i.RTC_SetCounter    stm32f10x_rtc.o
    0x08009fd0   0x08009fd0   0x00000020   Code   RO         2544    i.RTC_SetPrescaler  stm32f10x_rtc.o
    0x08009ff0   0x08009ff0   0x00000014   Code   RO         2545    i.RTC_WaitForLastTask  stm32f10x_rtc.o
    0x0800a004   0x0800a004   0x00000024   Code   RO         2546    i.RTC_WaitForSynchro  stm32f10x_rtc.o
    0x0800a028   0x0800a028   0x0000000c   Code   RO          491    i.ReadLedToggleStatus  led.o
    0x0800a034   0x0800a034   0x0000000c   Code   RO          663    i.ReadVoiceType     voice.o
    0x0800a040   0x0800a040   0x000000e8   Code   RO         5877    i.Readflash_Config  w25q16.o
    0x0800a128   0x0800a128   0x000000c8   Code   RO         5878    i.Readflash_Infor   w25q16.o
    0x0800a1f0   0x0800a1f0   0x000004fc   Code   RO         7481    i.RecieveATCMDhandle  bc95.o
    0x0800a6ec   0x0800a6ec   0x0000002c   Code   RO          902    i.RecieveFromServer_Correct_Action  recievefromserver.o
    0x0800a718   0x0800a718   0x00000006   Code   RO          903    i.RecieveFromServer_Error_Action  recievefromserver.o
    0x0800a71e   0x0800a71e   0x00000044   Code   RO          904    i.RecieveFromServer_Handle  recievefromserver.o
    0x0800a762   0x0800a762   0x00000002   PAD
    0x0800a764   0x0800a764   0x00000050   Code   RO            8    i.RecieveFromServer_task  main.o
    0x0800a7b4   0x0800a7b4   0x000000f0   Code   RO         7008    i.RecieveMCDeviceStatusAndSend  devicecommon.o
    0x0800a8a4   0x0800a8a4   0x0000008c   Code   RO         7009    i.RecieveMCOperationStatusAndSend  devicecommon.o
    0x0800a930   0x0800a930   0x0000008c   Code   RO         7010    i.RecieveMCSystemStatusAndSend  devicecommon.o
    0x0800a9bc   0x0800a9bc   0x0000001c   Code   RO            9    i.RecieveTaskFeed   main.o
    0x0800a9d8   0x0800a9d8   0x00000020   Code   RO           10    i.RefreshRunLedState  main.o
    0x0800a9f8   0x0800a9f8   0x0000001a   Code   RO         7482    i.RegisterToServer  bc95.o
    0x0800aa12   0x0800aa12   0x00000002   PAD
    0x0800aa14   0x0800aa14   0x00000020   Code   RO         5879    i.RemoteIP_Write_Flash  w25q16.o
    0x0800aa34   0x0800aa34   0x00000074   Code   RO          810    i.ReplyToServer_ConfirmationFrame  frame.o
    0x0800aaa8   0x0800aaa8   0x00000098   Code   RO          811    i.ReplyToServer_InformationFrame  frame.o
    0x0800ab40   0x0800ab40   0x000000d8   Code   RO          812    i.ReportToServer    frame.o
    0x0800ac18   0x0800ac18   0x00000098   Code   RO          813    i.ReportToServer_InformationFrame  frame.o
    0x0800acb0   0x0800acb0   0x00000028   Code   RO         7483    i.ResetUartBuf      bc95.o
    0x0800acd8   0x0800acd8   0x000000d4   Code   RO          986    i.Reset_RdSendToServerData  sendtoserverdatatype.o
    0x0800adac   0x0800adac   0x00000018   Code   RO          905    i.Reset_RecieveFromServerData  recievefromserver.o
    0x0800adc4   0x0800adc4   0x000000a4   Code   RO         1058    i.ResteKeytmr_callback  serveraction.o
    0x0800ae68   0x0800ae68   0x00000074   Code   RO         1059    i.Reste_Key         serveraction.o
    0x0800aedc   0x0800aedc   0x00000148   Code   RO         7484    i.RetSendControl    bc95.o
    0x0800b024   0x0800b024   0x0000019c   Code   RO         1060    i.RunState_Action   serveraction.o
    0x0800b1c0   0x0800b1c0   0x00000030   Code   RO           11    i.RunState_Handle   main.o
    0x0800b1f0   0x0800b1f0   0x00000020   Code   RO         1061    i.RunningStateFrame  serveraction.o
    0x0800b210   0x0800b210   0x000000bc   Code   RO         6597    i.SPI2_FLASH_Init   w5500_conf.o
    0x0800b2cc   0x0800b2cc   0x00000038   Code   RO         6598    i.SPI2_FLASH_SendByte  w5500_conf.o
    0x0800b304   0x0800b304   0x00000068   Code   RO         5554    i.SPI2_IRQHandler   msgspiprocessdrv.o
    0x0800b36c   0x0800b36c   0x00000018   Code   RO         2256    i.SPI_Cmd           stm32f10x_spi.o
    0x0800b384   0x0800b384   0x00000050   Code   RO         5803    i.SPI_FLASH_BufferRead  spi_flash.o
    0x0800b3d4   0x0800b3d4   0x00000128   Code   RO         5804    i.SPI_FLASH_BufferWrite  spi_flash.o
    0x0800b4fc   0x0800b4fc   0x000000b8   Code   RO         5806    i.SPI_FLASH_Init    spi_flash.o
    0x0800b5b4   0x0800b5b4   0x00000060   Code   RO         5807    i.SPI_FLASH_PageWrite  spi_flash.o
    0x0800b614   0x0800b614   0x00000044   Code   RO         5808    i.SPI_FLASH_SectorErase  spi_flash.o
    0x0800b658   0x0800b658   0x00000038   Code   RO         5809    i.SPI_FLASH_SendByte  spi_flash.o
    0x0800b690   0x0800b690   0x00000034   Code   RO         5810    i.SPI_FLASH_WaitForWriteEnd  spi_flash.o
    0x0800b6c4   0x0800b6c4   0x00000020   Code   RO         5811    i.SPI_FLASH_WriteEnable  spi_flash.o
    0x0800b6e4   0x0800b6e4   0x00000012   Code   RO         2264    i.SPI_I2S_GetFlagStatus  stm32f10x_spi.o
    0x0800b6f6   0x0800b6f6   0x00000034   Code   RO         2265    i.SPI_I2S_GetITStatus  stm32f10x_spi.o
    0x0800b72a   0x0800b72a   0x00000006   Code   RO         2267    i.SPI_I2S_ReceiveData  stm32f10x_spi.o
    0x0800b730   0x0800b730   0x00000004   Code   RO         2268    i.SPI_I2S_SendData  stm32f10x_spi.o
    0x0800b734   0x0800b734   0x0000003c   Code   RO         2269    i.SPI_Init          stm32f10x_spi.o
    0x0800b770   0x0800b770   0x00000002   Code   RO          386    i.SVC_Handler       stm32f10x_it.o
    0x0800b772   0x0800b772   0x00000002   PAD
    0x0800b774   0x0800b774   0x00000014   Code   RO         1062    i.SelfCheckStep1    serveraction.o
    0x0800b788   0x0800b788   0x00000018   Code   RO         1063    i.SelfCheckStep2    serveraction.o
    0x0800b7a0   0x0800b7a0   0x00000014   Code   RO         1064    i.SelfCheckStep3    serveraction.o
    0x0800b7b4   0x0800b7b4   0x0000000c   Code   RO         1065    i.SelfCheckStep4    serveraction.o
    0x0800b7c0   0x0800b7c0   0x0000002c   Code   RO         1066    i.SelfCheck_Key     serveraction.o
    0x0800b7ec   0x0800b7ec   0x00000002   Code   RO         1067    i.SendFailedAction  serveraction.o
    0x0800b7ee   0x0800b7ee   0x00000028   Code   RO          875    i.SendFrameToServer  sendtoserver.o
    0x0800b816   0x0800b816   0x00000002   Code   RO         1068    i.SendSuccessedAction  serveraction.o
    0x0800b818   0x0800b818   0x0000001c   Code   RO           12    i.SendTaskFeed      main.o
    0x0800b834   0x0800b834   0x00000130   Code   RO          988    i.SendToServerData_Reset  sendtoserverdatatype.o
    0x0800b964   0x0800b964   0x000000b8   Code   RO          876    i.SendToServerRetrans  sendtoserver.o
    0x0800ba1c   0x0800ba1c   0x00000026   Code   RO          877    i.SendToServer_Infor  sendtoserver.o
    0x0800ba42   0x0800ba42   0x00000002   PAD
    0x0800ba44   0x0800ba44   0x00000094   Code   RO           13    i.SendToServer_task  main.o
    0x0800bad8   0x0800bad8   0x000003b0   Code   RO         7485    i.Send_AT_Command   bc95.o
    0x0800be88   0x0800be88   0x0000012c   Code   RO          906    i.ServerData_Analysis  recievefromserver.o
    0x0800bfb4   0x0800bfb4   0x00000064   Code   RO          907    i.ServerData_Control  recievefromserver.o
    0x0800c018   0x0800c018   0x00000098   Code   RO          908    i.ServerData_Integrity  recievefromserver.o
    0x0800c0b0   0x0800c0b0   0x00000096   Code   RO          909    i.ServerData_Request  recievefromserver.o
    0x0800c146   0x0800c146   0x00000002   PAD
    0x0800c148   0x0800c148   0x00000128   Code   RO         1069    i.Server_Action     serveraction.o
    0x0800c270   0x0800c270   0x000001a0   Code   RO         1070    i.Server_SaveInfor  serveraction.o
    0x0800c410   0x0800c410   0x000000bc   Code   RO          664    i.Set               voice.o
    0x0800c4cc   0x0800c4cc   0x00000008   Code   RO          452    i.SetSysClock       system_stm32f10x.o
    0x0800c4d4   0x0800c4d4   0x00000118   Code   RO          453    i.SetSysClockTo72   system_stm32f10x.o
    0x0800c5ec   0x0800c5ec   0x00000128   Code   RO         7486    i.Signal_Check      bc95.o
    0x0800c714   0x0800c714   0x00000044   Code   RO         7731    i.Sting_Compare     printeratcmd.o
    0x0800c758   0x0800c758   0x00000028   Code   RO          910    i.Str_Is_Equal      recievefromserver.o
    0x0800c780   0x0800c780   0x00000028   Code   RO         7487    i.Str_Is_Equal      bc95.o
    0x0800c7a8   0x0800c7a8   0x00000048   Code   RO         1424    i.SysSoftReset      bsp_fb1000y.o
    0x0800c7f0   0x0800c7f0   0x00000028   Code   RO         1617    i.SysTick_CLKSourceConfig  misc.o
    0x0800c818   0x0800c818   0x0000001c   Code   RO         1476    i.SysTick_Handler   delay.o
    0x0800c834   0x0800c834   0x0000006c   Code   RO          455    i.SystemInit        system_stm32f10x.o
    0x0800c8a0   0x0800c8a0   0x00000040   Code   RO         1071    i.SystemMod_Key     serveraction.o
    0x0800c8e0   0x0800c8e0   0x00000060   Code   RO         1425    i.SystemPeriod_Reset  bsp_fb1000y.o
    0x0800c940   0x0800c940   0x00000022   Code   RO         7164    i.TIM2_IRQHandler   app.o
    0x0800c962   0x0800c962   0x00000058   Code   RO         7165    i.TIM2_Int_Init     app.o
    0x0800c9ba   0x0800c9ba   0x00000002   PAD
    0x0800c9bc   0x0800c9bc   0x00000020   Code   RO         7052    i.TIM3_IRQHandler   receivedatabuffer.o
    0x0800c9dc   0x0800c9dc   0x00000060   Code   RO         7166    i.TIM3_Int_Init     app.o
    0x0800ca3c   0x0800ca3c   0x00000020   Code   RO         7784    i.TIM4_IRQHandler   printeratrev.o
    0x0800ca5c   0x0800ca5c   0x00000060   Code   RO         7785    i.TIM4_Int_Init     printeratrev.o
    0x0800cabc   0x0800cabc   0x00000070   Code   RO         5556    i.TIM5_IRQHandler   msgspiprocessdrv.o
    0x0800cb2c   0x0800cb2c   0x00000006   Code   RO         2706    i.TIM_ClearITPendingBit  stm32f10x_tim.o
    0x0800cb32   0x0800cb32   0x00000018   Code   RO         2711    i.TIM_Cmd           stm32f10x_tim.o
    0x0800cb4a   0x0800cb4a   0x00000022   Code   RO         2732    i.TIM_GetITStatus   stm32f10x_tim.o
    0x0800cb6c   0x0800cb6c   0x00000012   Code   RO         2736    i.TIM_ITConfig      stm32f10x_tim.o
    0x0800cb7e   0x0800cb7e   0x00000002   PAD
    0x0800cb80   0x0800cb80   0x000000a4   Code   RO         2782    i.TIM_TimeBaseInit  stm32f10x_tim.o
    0x0800cc24   0x0800cc24   0x0000004c   Code   RO         7167    i.Time_System_Get   app.o
    0x0800cc70   0x0800cc70   0x00000054   Code   RO         7168    i.TmrCallback       app.o
    0x0800ccc4   0x0800ccc4   0x00000048   Code   RO         7488    i.UART4_IRQHandler  bc95.o
    0x0800cd0c   0x0800cd0c   0x000000b0   Code   RO         7489    i.UART4_Init        bc95.o
    0x0800cdbc   0x0800cdbc   0x00000058   Code   RO         6091    i.UART5_IRQHandler  uart5.o
    0x0800ce14   0x0800ce14   0x00000034   Code   RO         5610    i.UARTx_Send_Data   usartmsgprocessdrv.o
    0x0800ce48   0x0800ce48   0x0000002c   Code   RO         7786    i.USART1_IRQHandler  printeratrev.o
    0x0800ce74   0x0800ce74   0x00000008   Code   RO         7169    i.USART2_IRQHandler  app.o
    0x0800ce7c   0x0800ce7c   0x00000054   Code   RO         7490    i.USART4_sendbuf    bc95.o
    0x0800ced0   0x0800ced0   0x0000001e   Code   RO         1764    i.USART_ClearITPendingBit  stm32f10x_usart.o
    0x0800ceee   0x0800ceee   0x00000018   Code   RO         1767    i.USART_Cmd         stm32f10x_usart.o
    0x0800cf06   0x0800cf06   0x00000002   PAD
    0x0800cf08   0x0800cf08   0x0000009c   Code   RO         1769    i.USART_DeInit      stm32f10x_usart.o
    0x0800cfa4   0x0800cfa4   0x0000001a   Code   RO         1770    i.USART_GetFlagStatus  stm32f10x_usart.o
    0x0800cfbe   0x0800cfbe   0x00000054   Code   RO         1771    i.USART_GetITStatus  stm32f10x_usart.o
    0x0800d012   0x0800d012   0x0000004a   Code   RO         1773    i.USART_ITConfig    stm32f10x_usart.o
    0x0800d05c   0x0800d05c   0x000000d8   Code   RO         1774    i.USART_Init        stm32f10x_usart.o
    0x0800d134   0x0800d134   0x0000000a   Code   RO         1781    i.USART_ReceiveData  stm32f10x_usart.o
    0x0800d13e   0x0800d13e   0x00000008   Code   RO         1784    i.USART_SendData    stm32f10x_usart.o
    0x0800d146   0x0800d146   0x00000054   Code   RO         5611    i.USARTx_Configuration  usartmsgprocessdrv.o
    0x0800d19a   0x0800d19a   0x00000002   PAD
    0x0800d19c   0x0800d19c   0x000001e8   Code   RO         5612    i.USARTx_GPIO_Configuration  usartmsgprocessdrv.o
    0x0800d384   0x0800d384   0x00000036   Code   RO         5613    i.USARTx_Mode_Init  usartmsgprocessdrv.o
    0x0800d3ba   0x0800d3ba   0x00000002   PAD
    0x0800d3bc   0x0800d3bc   0x000000b0   Code   RO         7787    i.Uart1_RxISR       printeratrev.o
    0x0800d46c   0x0800d46c   0x000000cc   Code   RO         7788    i.Uart1_Rx_Read     printeratrev.o
    0x0800d538   0x0800d538   0x00000078   Code   RO         7789    i.Uart1_TimCnt      printeratrev.o
    0x0800d5b0   0x0800d5b0   0x00000094   Code   RO         7054    i.Uart4_RxISR       receivedatabuffer.o
    0x0800d644   0x0800d644   0x000000a8   Code   RO         7055    i.Uart4_Rx_Read     receivedatabuffer.o
    0x0800d6ec   0x0800d6ec   0x00000074   Code   RO         7056    i.Uart4_TimCnt      receivedatabuffer.o
    0x0800d760   0x0800d760   0x00000024   Code   RO         7491    i.UartGetRxLen      bc95.o
    0x0800d784   0x0800d784   0x0000005c   Code   RO         7492    i.UartRead          bc95.o
    0x0800d7e0   0x0800d7e0   0x0000004c   Code   RO         7493    i.UartRxISR         bc95.o
    0x0800d82c   0x0800d82c   0x00000016   Code   RO         1072    i.UpdataRunState    serveraction.o
    0x0800d842   0x0800d842   0x00000002   PAD
    0x0800d844   0x0800d844   0x000000a0   Code   RO         5880    i.Updata_ConfigArea  w25q16.o
    0x0800d8e4   0x0800d8e4   0x00000040   Code   RO          494    i.Update_LEDStatus  led.o
    0x0800d924   0x0800d924   0x000001f0   Code   RO         5881    i.Update_RecordArea  w25q16.o
    0x0800db14   0x0800db14   0x00000030   Code   RO         5558    i.Update_Timer      msgspiprocessdrv.o
    0x0800db44   0x0800db44   0x00000004   Code   RO          387    i.UsageFault_Handler  stm32f10x_it.o
    0x0800db48   0x0800db48   0x00000078   Code   RO         7494    i.VGPRS_EN          bc95.o
    0x0800dbc0   0x0800dbc0   0x00000150   Code   RO          665    i.VoiceAction       voice.o
    0x0800dd10   0x0800dd10   0x0000004c   Code   RO         1073    i.VoiceActionClear  serveraction.o
    0x0800dd5c   0x0800dd5c   0x00000018   Code   RO          666    i.VoiceSet1Stmr_callback  voice.o
    0x0800dd74   0x0800dd74   0x000000c0   Code   RO          667    i.Voice_GPIO_Init   voice.o
    0x0800de34   0x0800de34   0x00000008   Code   RO          668    i.Voice_Init        voice.o
    0x0800de3c   0x0800de3c   0x00000088   Code   RO          669    i.Voice_Send_Data   voice.o
    0x0800dec4   0x0800dec4   0x00000028   Code   RO          671    i.Voicetmr_callback  voice.o
    0x0800deec   0x0800deec   0x000000e0   Code   RO         7844    i.W25Q16FlashErase  btfunction.o
    0x0800dfcc   0x0800dfcc   0x000000c8   Code   RO         7845    i.W25Q16FlashWrite  btfunction.o
    0x0800e094   0x0800e094   0x00000034   Code   RO         5882    i.W25q16_Init       w25q16.o
    0x0800e0c8   0x0800e0c8   0x00000018   Code   RO         5883    i.W25q16_Lock       w25q16.o
    0x0800e0e0   0x0800e0e0   0x00000014   Code   RO         5885    i.W25q16_UnLock     w25q16.o
    0x0800e0f4   0x0800e0f4   0x000000b8   Code   RO         6749    i.W5500_Init        w5500_ctl.o
    0x0800e1ac   0x0800e1ac   0x00000060   Code   RO         7495    i.Wait_Signal       bc95.o
    0x0800e20c   0x0800e20c   0x0000000c   Code   RO         1074    i.Write_LastFrameCnt  serveraction.o
    0x0800e218   0x0800e218   0x000001e8   Code   RO         5886    i.Writeflash_Config  w25q16.o
    0x0800e400   0x0800e400   0x000001a4   Code   RO         5887    i.Writeflash_Infor  w25q16.o
    0x0800e5a4   0x0800e5a4   0x0000002c   Code   RO         7059    i.YH_UART_IRQHandler  receivedatabuffer.o
    0x0800e5d0   0x0800e5d0   0x00000074   Code   RO         7370    i.ZJ_Action_Analsis  d026_hw200.o
    0x0800e644   0x0800e644   0x00000064   Code   RO         7371    i.ZJ_Analysis       d026_hw200.o
    0x0800e6a8   0x0800e6a8   0x000000c8   Code   RO         7372    i.ZJ_ComponentState_Analsis  d026_hw200.o
    0x0800e770   0x0800e770   0x0000004c   Code   RO         7373    i.ZJ_Integrity      d026_hw200.o
    0x0800e7bc   0x0800e7bc   0x00000028   Code   RO         7374    i.ZJ_Plugin_Init    d026_hw200.o
    0x0800e7e4   0x0800e7e4   0x00000002   Code   RO         7375    i.ZJ_Plugin_Interrupt  d026_hw200.o
    0x0800e7e6   0x0800e7e6   0x00000002   PAD
    0x0800e7e8   0x0800e7e8   0x0000005c   Code   RO         7376    i.ZJ_Plugin_Run     d026_hw200.o
    0x0800e844   0x0800e844   0x00000098   Code   RO         7377    i.ZJ_SysState_Analsis  d026_hw200.o
    0x0800e8dc   0x0800e8dc   0x00000020   Code   RO         8156    i.__0printf$8       mc_w.l(printf8.o)
    0x0800e8fc   0x0800e8fc   0x00000028   Code   RO         8158    i.__0sprintf$8      mc_w.l(printf8.o)
    0x0800e924   0x0800e924   0x0000000e   Code   RO         8265    i.__scatterload_copy  mc_w.l(handlers.o)
    0x0800e932   0x0800e932   0x00000002   Code   RO         8266    i.__scatterload_null  mc_w.l(handlers.o)
    0x0800e934   0x0800e934   0x0000000e   Code   RO         8267    i.__scatterload_zeroinit  mc_w.l(handlers.o)
    0x0800e942   0x0800e942   0x00000002   PAD
    0x0800e944   0x0800e944   0x00000404   Code   RO         8163    i._printf_core      mc_w.l(printf8.o)
    0x0800ed48   0x0800ed48   0x00000024   Code   RO         8164    i._printf_post_padding  mc_w.l(printf8.o)
    0x0800ed6c   0x0800ed6c   0x0000002e   Code   RO         8165    i._printf_pre_padding  mc_w.l(printf8.o)
    0x0800ed9a   0x0800ed9a   0x0000000a   Code   RO         8167    i._sputc            mc_w.l(printf8.o)
    0x0800eda4   0x0800eda4   0x0000004c   Code   RO         1426    i.bsp_init          bsp_fb1000y.o
    0x0800edf0   0x0800edf0   0x00000084   Code   RO         6769    i.check_DHCP_Timeout  dhcp.o
    0x0800ee74   0x0800ee74   0x00000168   Code   RO         6770    i.check_DHCP_state  dhcp.o
    0x0800efdc   0x0800efdc   0x00000040   Code   RO         6771    i.check_leasedIP    dhcp.o
    0x0800f01c   0x0800f01c   0x00000064   Code   RO         6025    i.check_self_fun    lcd.o
    0x0800f080   0x0800f080   0x00000034   Code   RO         6196    i.close             socket.o
    0x0800f0b4   0x0800f0b4   0x000000f8   Code   RO         6197    i.connect           socket.o
    0x0800f1ac   0x0800f1ac   0x00000036   Code   RO         7496    i.data_transform    bc95.o
    0x0800f1e2   0x0800f1e2   0x00000050   Code   RO         7733    i.data_transform_YM  printeratcmd.o
    0x0800f232   0x0800f232   0x0000006a   Code   RO         7735    i.data_transform_checkA  printeratcmd.o
    0x0800f29c   0x0800f29c   0x00000014   Code   RO          495    i.delay_hc595       led.o
    0x0800f2b0   0x0800f2b0   0x00000070   Code   RO         1477    i.delay_init        delay.o
    0x0800f320   0x0800f320   0x00000050   Code   RO         1478    i.delay_ms          delay.o
    0x0800f370   0x0800f370   0x0000000a   Code   RO         1479    i.delay_osschedlock  delay.o
    0x0800f37a   0x0800f37a   0x0000000a   Code   RO         1480    i.delay_osschedunlock  delay.o
    0x0800f384   0x0800f384   0x00000010   Code   RO         1481    i.delay_ostimedly   delay.o
    0x0800f394   0x0800f394   0x00000016   Code   RO          672    i.delay_us          voice.o
    0x0800f3aa   0x0800f3aa   0x00000002   PAD
    0x0800f3ac   0x0800f3ac   0x0000005c   Code   RO         1482    i.delay_us          delay.o
    0x0800f408   0x0800f408   0x00000022   Code   RO         6599    i.delay_us1         w5500_conf.o
    0x0800f42a   0x0800f42a   0x00000008   Code   RO         6600    i.dhcp_timer_init   w5500_conf.o
    0x0800f432   0x0800f432   0x00000002   PAD
    0x0800f434   0x0800f434   0x00000100   Code   RO         6859    i.dns_answer        dns.o
    0x0800f534   0x0800f534   0x000000c8   Code   RO         6860    i.dns_makequery     dns.o
    0x0800f5fc   0x0800f5fc   0x000000c8   Code   RO         6861    i.dns_query         dns.o
    0x0800f6c4   0x0800f6c4   0x00000026   Code   RO         6862    i.dns_question      dns.o
    0x0800f6ea   0x0800f6ea   0x00000002   PAD
    0x0800f6ec   0x0800f6ec   0x000000d8   Code   RO         6772    i.do_dhcp           dhcp.o
    0x0800f7c4   0x0800f7c4   0x00000154   Code   RO         6863    i.do_dns            dns.o
    0x0800f918   0x0800f918   0x0000004e   Code   RO         6933    i.do_tcp_client_RxStatus  tcp_demo.o
    0x0800f966   0x0800f966   0x00000002   PAD
    0x0800f968   0x0800f968   0x000000d4   Code   RO         6934    i.do_tcp_client_rx  tcp_demo.o
    0x0800fa3c   0x0800fa3c   0x000000b0   Code   RO         6935    i.do_tcp_client_tx  tcp_demo.o
    0x0800faec   0x0800faec   0x00000068   Code   RO         6864    i.domain_CHK        dns.o
    0x0800fb54   0x0800fb54   0x0000001c   Code   RO         1557    i.fputc             usart.o
    0x0800fb70   0x0800fb70   0x0000001c   Code   RO         7170    i.gMessageSent      app.o
    0x0800fb8c   0x0800fb8c   0x00000010   Code   RO         6422    i.getGAR            w5500.o
    0x0800fb9c   0x0800fb9c   0x00000010   Code   RO         6424    i.getIINCHIP_TxMAX  w5500.o
    0x0800fbac   0x0800fbac   0x00000012   Code   RO         6427    i.getSIPR           w5500.o
    0x0800fbbe   0x0800fbbe   0x00000012   Code   RO         6428    i.getSUBR           w5500.o
    0x0800fbd0   0x0800fbd0   0x00000012   Code   RO         6429    i.getSn_IR          w5500.o
    0x0800fbe2   0x0800fbe2   0x00000054   Code   RO         6430    i.getSn_RX_RSR      w5500.o
    0x0800fc36   0x0800fc36   0x00000012   Code   RO         6431    i.getSn_SR          w5500.o
    0x0800fc48   0x0800fc48   0x00000054   Code   RO         6432    i.getSn_TX_FSR      w5500.o
    0x0800fc9c   0x0800fc9c   0x000000d8   Code   RO         6773    i.get_DHCP          dhcp.o
    0x0800fd74   0x0800fd74   0x0000010c   Code   RO         6865    i.get_DNS           dns.o
    0x0800fe80   0x0800fe80   0x00000050   Code   RO         6601    i.gpio_for_w5500_config  w5500_conf.o
    0x0800fed0   0x0800fed0   0x00000090   Code   RO         7497    i.gprs_check_connect  bc95.o
    0x0800ff60   0x0800ff60   0x00000088   Code   RO         7500    i.gprs_send_start   bc95.o
    0x0800ffe8   0x0800ffe8   0x0000000c   Code   RO         6278    i.htonl             utility.o
    0x0800fff4   0x0800fff4   0x0000000c   Code   RO         6279    i.htons             utility.o
    0x08010000   0x08010000   0x0000000a   Code   RO         6602    i.iinchip_csoff     w5500_conf.o
    0x0801000a   0x0801000a   0x0000000a   Code   RO         6603    i.iinchip_cson      w5500_conf.o
    0x08010014   0x08010014   0x0000000a   Code   RO         6433    i.iinchip_init      w5500.o
    0x0801001e   0x0801001e   0x00000002   PAD
    0x08010020   0x08010020   0x000000a8   Code   RO         6774    i.init_dhcp_client  dhcp.o
    0x080100c8   0x080100c8   0x00000040   Code   RO         6283    i.itoa              utility.o
    0x08010108   0x08010108   0x00000016   Code   RO         7502    i.judgeLen          bc95.o
    0x0801011e   0x0801011e   0x00000002   PAD
    0x08010120   0x08010120   0x000000bc   Code   RO         6026    i.key_Explain       lcd.o
    0x080101dc   0x080101dc   0x00000084   Code   RO           14    i.key_task          main.o
    0x08010260   0x08010260   0x0000001c   Code   RO           15    i.lcdTaskFeed       main.o
    0x0801027c   0x0801027c   0x0000001e   Code   RO         6027    i.lcd_SelfCheck     lcd.o
    0x0801029a   0x0801029a   0x00000002   PAD
    0x0801029c   0x0801029c   0x0000008c   Code   RO           16    i.lcd_task          main.o
    0x08010328   0x08010328   0x00000034   Code   RO          496    i.ledtmr_callback   led.o
    0x0801035c   0x0801035c   0x000000f8   Code   RO          497    i.ledtoggletmr_callback  led.o
    0x08010454   0x08010454   0x000000f4   Code   RO           17    i.main              main.o
    0x08010548   0x08010548   0x0000000c   Code   RO         6285    i.ntohl             utility.o
    0x08010554   0x08010554   0x0000000c   Code   RO         6286    i.ntohs             utility.o
    0x08010560   0x08010560   0x00000160   Code   RO          989    i.pSendToServerData  sendtoserverdatatype.o
    0x080106c0   0x080106c0   0x00000170   Code   RO         6775    i.parseDHCPMSG      dhcp.o
    0x08010830   0x08010830   0x000000da   Code   RO         6866    i.parseMSG          dns.o
    0x0801090a   0x0801090a   0x0000009c   Code   RO         6867    i.parse_name        dns.o
    0x080109a6   0x080109a6   0x00000002   PAD
    0x080109a8   0x080109a8   0x000000a8   Code   RO           18    i.prehost_task      main.o
    0x08010a50   0x08010a50   0x00000042   Code   RO         6200    i.recv              socket.o
    0x08010a92   0x08010a92   0x00000002   PAD
    0x08010a94   0x08010a94   0x00000094   Code   RO         6434    i.recv_data_processing  w5500.o
    0x08010b28   0x08010b28   0x00000200   Code   RO         6201    i.recvfrom          socket.o
    0x08010d28   0x08010d28   0x0000002c   Code   RO         6776    i.reset_DHCP_time   dhcp.o
    0x08010d54   0x08010d54   0x000000d0   Code   RO         7503    i.reset_gprs        bc95.o
    0x08010e24   0x08010e24   0x00000028   Code   RO         6607    i.reset_w5500       w5500_conf.o
    0x08010e4c   0x08010e4c   0x00000038   Code   RO         6028    i.selfcheck_stop    lcd.o
    0x08010e84   0x08010e84   0x00000060   Code   RO         6029    i.selfchecktimer_on  lcd.o
    0x08010ee4   0x08010ee4   0x0000003c   Code   RO         6030    i.selfchecktmr_callback  lcd.o
    0x08010f20   0x08010f20   0x000000ec   Code   RO         6202    i.send              socket.o
    0x0801100c   0x0801100c   0x000002d4   Code   RO         6777    i.send_DHCP_DISCOVER  dhcp.o
    0x080112e0   0x080112e0   0x0000029c   Code   RO         6778    i.send_DHCP_RELEASE_DECLINE  dhcp.o
    0x0801157c   0x0801157c   0x000003f0   Code   RO         6779    i.send_DHCP_REQUEST  dhcp.o
    0x0801196c   0x0801196c   0x00000094   Code   RO         6435    i.send_data_processing  w5500.o
    0x08011a00   0x08011a00   0x0000010c   Code   RO         6203    i.sendto            socket.o
    0x08011b0c   0x08011b0c   0x00000010   Code   RO         6436    i.setGAR            w5500.o
    0x08011b1c   0x08011b1c   0x0000000e   Code   RO         6437    i.setMR             w5500.o
    0x08011b2a   0x08011b2a   0x00000010   Code   RO         6438    i.setRCR            w5500.o
    0x08011b3a   0x08011b3a   0x00000012   Code   RO         6440    i.setSHAR           w5500.o
    0x08011b4c   0x08011b4c   0x00000012   Code   RO         6441    i.setSIPR           w5500.o
    0x08011b5e   0x08011b5e   0x00000012   Code   RO         6442    i.setSUBR           w5500.o
    0x08011b70   0x08011b70   0x00000016   Code   RO         6443    i.setSn_IR          w5500.o
    0x08011b86   0x08011b86   0x00000002   PAD
    0x08011b88   0x08011b88   0x000001ac   Code   RO         6608    i.set_w5500_ip      w5500_conf.o
    0x08011d34   0x08011d34   0x0000002c   Code   RO         6609    i.set_w5500_mac     w5500_conf.o
    0x08011d60   0x08011d60   0x000000c4   Code   RO         6204    i.socket            socket.o
    0x08011e24   0x08011e24   0x000000b8   Code   RO         6446    i.socket_buf_init   w5500.o
    0x08011edc   0x08011edc   0x00000308   Code   RO           19    i.start_task        main.o
    0x080121e4   0x080121e4   0x0000001c   Code   RO         6288    i.swapl             utility.o
    0x08012200   0x08012200   0x0000000e   Code   RO         6289    i.swaps             utility.o
    0x0801220e   0x0801220e   0x00000002   Code   RO         6610    i.timer2_init       w5500_conf.o
    0x08012210   0x08012210   0x00000010   Code   RO         7258    i.tmrInspect_callback  can1protocolparsing.o
    0x08012220   0x08012220   0x00000128   Code   RO           20    i.tmrWdg_callback   main.o
    0x08012348   0x08012348   0x0000001c   Code   RO          569    i.tmr_buzzer_callback  buzzer.o
    0x08012364   0x08012364   0x000000a8   Code   RO         1558    i.uart_init         usart.o
    0x0801240c   0x0801240c   0x00000024   Code   RO         6612    i.wiz_cs            w5500_conf.o
    0x08012430   0x08012430   0x00000068   Code   RO         6613    i.wiz_read_buf      w5500_conf.o
    0x08012498   0x08012498   0x00000068   Code   RO         6614    i.wiz_write_buf     w5500_conf.o
    0x08012500   0x08012500   0x0000001c   Data   RO           22    .constdata          main.o
    0x0801251c   0x0801251c   0x00000018   Data   RO          499    .constdata          led.o
    0x08012534   0x08012534   0x00000018   Data   RO          740    .constdata          rtc.o
    0x0801254c   0x0801254c   0x000000a4   Data   RO         4290    .constdata          os_cfg_app.o
    0x080125f0   0x080125f0   0x0000016c   Data   RO         4558    .constdata          os_dbg.o
    0x0801275c   0x0801275c   0x0000005a   Data   RO         5889    .constdata          w25q16.o
    0x080127b6   0x080127b6   0x00000066   Data   RO         7379    .constdata          d026_hw200.o
    0x0801281c   0x0801281c   0x0000009a   Data   RO         7506    .constdata          bc95.o
    0x080128b6   0x080128b6   0x00000002   PAD
    0x080128b8   0x080128b8   0x00000050   Data   RO         7737    .constdata          printeratcmd.o
    0x08012908   0x08012908   0x00000005   Data   RO         6781    .conststring        dhcp.o
    0x0801290d   0x0801290d   0x00000003   PAD
    0x08012910   0x08012910   0x00000046   Data   RO         6869    .conststring        dns.o
    0x08012956   0x08012956   0x00000002   PAD
    0x08012958   0x08012958   0x00000020   Data   RO         8263    Region$$Table       anon$$obj.o


    Execution Region RW_IRAM1 (Exec base: 0x20000000, Load base: 0x08012978, Size: 0x0000bcb8, Max: 0x00010000, ABSOLUTE, COMPRESSED[0x000000b4])

    Exec Addr    Load Addr    Size         Type   Attr      Idx    E Section Name        Object

    0x20000000   COMPRESSED   0x0000001a   Data   RW           23    .data               main.o
    0x2000001a   COMPRESSED   0x00000002   PAD
    0x2000001c   COMPRESSED   0x00000014   Data   RW          456    .data               system_stm32f10x.o
    0x20000030   COMPRESSED   0x00000014   Data   RW          500    .data               led.o
    0x20000044   COMPRESSED   0x00000010   Data   RW          612    .data               key.o
    0x20000054   COMPRESSED   0x00000001   Data   RW          674    .data               voice.o
    0x20000055   COMPRESSED   0x00000001   PAD
    0x20000056   COMPRESSED   0x00000002   Data   RW          741    .data               rtc.o
    0x20000058   COMPRESSED   0x00000004   Data   RW          814    .data               frame.o
    0x2000005c   COMPRESSED   0x00000006   Data   RW          991    .data               sendtoserverdatatype.o
    0x20000062   COMPRESSED   0x00000002   PAD
    0x20000064   COMPRESSED   0x00000025   Data   RW         1076    .data               serveraction.o
    0x20000089   COMPRESSED   0x00000002   Data   RW         1250    .data               mainpower.o
    0x2000008b   COMPRESSED   0x00000001   PAD
    0x2000008c   COMPRESSED   0x0000000c   Data   RW         1427    .data               bsp_fb1000y.o
    0x20000098   COMPRESSED   0x00000004   Data   RW         1483    .data               delay.o
    0x2000009c   COMPRESSED   0x0000000d   Data   RW         1560    .data               usart.o
    0x200000a9   COMPRESSED   0x00000014   Data   RW         1984    .data               stm32f10x_rcc.o
    0x200000bd   COMPRESSED   0x00000003   PAD
    0x200000c0   COMPRESSED   0x00000004   Data   RW         3716    .data               cpu_core.o
    0x200000c4   COMPRESSED   0x00000008   Data   RW         4834    .data               os_prio.o
    0x200000cc   COMPRESSED   0x000000c8   Data   RW         5390    .data               os_var.o
    0x20000194   COMPRESSED   0x00000004   Data   RW         5417    .data               os_cpu_c.o
    0x20000198   COMPRESSED   0x00000009   Data   RW         5560    .data               msgspiprocessdrv.o
    0x200001a1   COMPRESSED   0x00000003   PAD
    0x200001a4   COMPRESSED   0x00000019   Data   RW         5663    .data               net.o
    0x200001bd   COMPRESSED   0x00000003   PAD
    0x200001c0   COMPRESSED   0x00000049   Data   RW         5890    .data               w25q16.o
    0x20000209   COMPRESSED   0x0000000b   Data   RW         6032    .data               lcd.o
    0x20000214   COMPRESSED   0x00000008   Data   RW         6095    .data               uart5.o
    0x2000021c   COMPRESSED   0x00000002   Data   RW         6205    .data               socket.o
    0x2000021e   COMPRESSED   0x00000010   Data   RW         6448    .data               w5500.o
    0x2000022e   COMPRESSED   0x00000002   PAD
    0x20000230   COMPRESSED   0x00000029   Data   RW         6617    .data               w5500_conf.o
    0x20000259   COMPRESSED   0x00000003   PAD
    0x2000025c   COMPRESSED   0x00000040   Data   RW         6782    .data               dhcp.o
    0x2000029c   COMPRESSED   0x0000000c   Data   RW         6870    .data               dns.o
    0x200002a8   COMPRESSED   0x00000007   Data   RW         7061    .data               receivedatabuffer.o
    0x200002af   COMPRESSED   0x00000001   PAD
    0x200002b0   COMPRESSED   0x0000001c   Data   RW         7172    .data               app.o
    0x200002cc   COMPRESSED   0x0000001d   Data   RW         7260    .data               can1protocolparsing.o
    0x200002e9   COMPRESSED   0x00000003   PAD
    0x200002ec   COMPRESSED   0x00000014   Data   RW         7380    .data               d026_hw200.o
    0x20000300   COMPRESSED   0x00000029   Data   RW         7507    .data               bc95.o
    0x20000329   COMPRESSED   0x00000003   Data   RW         7791    .data               printeratrev.o
    0x2000032c   COMPRESSED   0x00000024   Data   RW         7847    .data               btfunction.o
    0x20000350        -       0x0000431c   Zero   RW           21    .bss                main.o
    0x2000466c        -       0x00000540   Zero   RW          498    .bss                led.o
    0x20004bac        -       0x00000034   Zero   RW          570    .bss                buzzer.o
    0x20004be0        -       0x00000090   Zero   RW          673    .bss                voice.o
    0x20004c70        -       0x0000000a   Zero   RW          739    .bss                rtc.o
    0x20004c7a        -       0x00000200   Zero   RW          911    .bss                recievefromserver.o
    0x20004e7a   COMPRESSED   0x00000002   PAD
    0x20004e7c        -       0x00001248   Zero   RW          990    .bss                sendtoserverdatatype.o
    0x200060c4        -       0x00000668   Zero   RW         1075    .bss                serveraction.o
    0x2000672c        -       0x00000046   Zero   RW         1249    .bss                mainpower.o
    0x20006772        -       0x00000010   Zero   RW         3714    .bss                cpu_core.o
    0x20006782   COMPRESSED   0x00000002   PAD
    0x20006784        -       0x00001490   Zero   RW         4289    .bss                os_cfg_app.o
    0x20007c14        -       0x000006e0   Zero   RW         5389    .bss                os_var.o
    0x200082f4        -       0x00000400   Zero   RW         5559    .bss                msgspiprocessdrv.o
    0x200086f4        -       0x00000014   Zero   RW         5614    .bss                usartmsgprocessdrv.o
    0x20008708        -       0x00000050   Zero   RW         5662    .bss                net.o
    0x20008758        -       0x0000012c   Zero   RW         5888    .bss                w25q16.o
    0x20008884        -       0x00000034   Zero   RW         6031    .bss                lcd.o
    0x200088b8        -       0x00000032   Zero   RW         6094    .bss                uart5.o
    0x200088ea        -       0x00000020   Zero   RW         6447    .bss                w5500.o
    0x2000890a        -       0x0000002e   Zero   RW         6616    .bss                w5500_conf.o
    0x20008938        -       0x00000418   Zero   RW         6780    .bss                dhcp.o
    0x20008d50        -       0x0000041e   Zero   RW         6868    .bss                dns.o
    0x2000916e        -       0x00000800   Zero   RW         6937    .bss                tcp_demo.o
    0x2000996e        -       0x00000048   Zero   RW         7011    .bss                devicecommon.o
    0x200099b6   COMPRESSED   0x00000002   PAD
    0x200099b8        -       0x000012ec   Zero   RW         7060    .bss                receivedatabuffer.o
    0x2000aca4        -       0x0000020c   Zero   RW         7171    .bss                app.o
    0x2000aeb0        -       0x00000020   Zero   RW         7378    .bss                d026_hw200.o
    0x2000aed0        -       0x0000065c   Zero   RW         7505    .bss                bc95.o
    0x2000b52c        -       0x000000dc   Zero   RW         7736    .bss                printeratcmd.o
    0x2000b608        -       0x00000270   Zero   RW         7790    .bss                printeratrev.o
    0x2000b878        -       0x0000003b   Zero   RW         7846    .bss                btfunction.o
    0x2000b8b3   COMPRESSED   0x00000005   PAD
    0x2000b8b8        -       0x00000400   Zero   RW         1606    STACK               startup_stm32f10x_cl.o


==============================================================================

Image component sizes


      Code (inc. data)   RO Data    RW Data    ZI Data      Debug   Object Name

       498         82          0         28        524       8817   app.o
      5156        780        154         41       1628      25287   bc95.o
        80         14          0          0          0       1562   bsp.o
       244         44          0         12          0      16982   bsp_fb1000y.o
      1624        466          0         36         59      10120   btfunction.o
       216         40          0          0         52       2538   buzzer.o
        16          4          0         29          0       4071   can1protocolparsing.o
        36          6          0          0          0       3540   choicedevice.o
        52          0          0          0          0        356   cpu_a.o
       100         18          0          4         16      12157   cpu_core.o
      1076         48        102         20         32      10513   d026_hw200.o
       348         44          0          4          0       3985   delay.o
       520         28          0          0         72       6557   devicecommon.o
      3968        542          5         64       1048      12517   dhcp.o
      1780        340         70         12       1054       9886   dns.o
       756         34          0          4          0       5929   frame.o
       930         62          0         16          0       6874   key.o
       530         58          0         11         52       5099   lcd.o
      1400        176         24         20       1344       7152   led.o
       102          0          0          0          0       1828   lib_mem.o
      2412        454         28         26      17180     344170   main.o
      1304         70          0          2         70      15488   mainpower.o
       172         22          0          0          0       2177   misc.o
       264         48          0          9       1024       2709   msgspiprocessdrv.o
      1400        334          0         25         80       6833   net.o
       252        166        164          0       5264      20994   os_cfg_app.o
      3120        424          0          0          0      22210   os_core.o
       152         32          0          0          0        416   os_cpu_a.o
       516         58          0          4          0       7056   os_cpu_c.o
       432        286        364          0          0       4821   os_dbg.o
       670         26          0          0          0       3077   os_flag.o
      1148        204          0          0          0       3526   os_int.o
        24         10          0          0          0        897   os_mem.o
       576         32          0          0          0       4685   os_msg.o
      1584         92          0          0          0       4660   os_mutex.o
       136         16          0          8          0       2898   os_prio.o
       356         18          0          0          0       2190   os_q.o
      1248         68          0          0          0       5695   os_sem.o
      1616        208          0          0          0       3979   os_stat.o
      5428        280          0          0          0      15482   os_task.o
      1308        124          0          0          0       5525   os_tick.o
       896         50          0          0          0       3689   os_time.o
      1912        214          0          0          0      10224   os_tmr.o
         0          0          0        200       1760      19405   os_var.o
      1214        318         80          0        220       5149   printeratcmd.o
       672         58          0          3        624       4507   printeratrev.o
         0          0          0          0          0        711   protocolboard.o
       524         48          0          7       4844       8461   receivedatabuffer.o
       944         26          0          0        512       8787   recievefromserver.o
      1026        104         24          2         10       6189   rtc.o
       262          0          0          0          0       2627   sendtoserver.o
      1976         98          0          6       4680       6757   sendtoserverdatatype.o
      3414        274          0         37       1640      34552   serveraction.o
      1578         50          0          2          0       6977   socket.o
       864         40          0          0          0       6223   spi_flash.o
        36          8        336          0       1024        808   startup_stm32f10x_cl.o
       486         24          0          0          0       8950   stm32f10x_adc.o
        72         10          0          0          0       2804   stm32f10x_bkp.o
       160         12          0          0          0       1589   stm32f10x_exti.o
       512         10          0          0          0       5308   stm32f10x_gpio.o
        22          0          0          0          0       2995   stm32f10x_it.o
        68         30          0          0          0       2610   stm32f10x_iwdg.o
        12          6          0          0          0        542   stm32f10x_pwr.o
       704         82          0         20          0      10023   stm32f10x_rcc.o
       228         42          0          0          0       4881   stm32f10x_rtc.o
       164          0          0          0          0       4768   stm32f10x_spi.o
       246         42          0          0          0       3730   stm32f10x_tim.o
       628         28          0          0          0       7694   stm32f10x_usart.o
         0          0          0          0          0         32   sys.o
       396         32          0         20          0       2193   system_stm32f10x.o
       466         56          0          0       2048       3154   tcp_demo.o
        88         16          0          8         50       1465   uart5.o
       196         14          0         13          0       3398   usart.o
       734         38          0          0         20       5083   usartmsgprocessdrv.o
       154          0          0          0          0       4567   utility.o
       958        112          0          1        144       5735   voice.o
      4396        744         90         73        300      16463   w25q16.o
       884         80          0         16         32      11730   w5500.o
      1256        276          0         41         46      12436   w5500_conf.o
       184        108          0          0          0        525   w5500_ctl.o
        68         18          0          0          0       1052   wdg.o

    ----------------------------------------------------------------------
     72036       8826       1480        848      47464     884051   Object Totals
         0          0         32          0          0          0   (incl. Generated)
        86          0          7         24         11          0   (incl. Padding)

    ----------------------------------------------------------------------

      Code (inc. data)   RO Data    RW Data    ZI Data      Debug   Library Member Name

        86          0          0          0          0          0   __dczerorl2.o
         0          0          0          0          0          0   entry.o
         0          0          0          0          0          0   entry10a.o
         0          0          0          0          0          0   entry11a.o
         4          0          0          0          0          0   entry12b.o
         8          4          0          0          0          0   entry2.o
         4          0          0          0          0          0   entry5.o
         0          0          0          0          0          0   entry7b.o
         0          0          0          0          0          0   entry8b.o
         8          4          0          0          0          0   entry9a.o
        30          0          0          0          0          0   handlers.o
        36          8          0          0          0         68   init.o
         0          0          0          0          0          0   iusefp.o
        30          0          0          0          0         68   llshl.o
        32          0          0          0          0         68   llushr.o
        26          0          0          0          0         80   memcmp.o
        36          0          0          0          0         68   memcpya.o
        36          0          0          0          0        108   memseta.o
      1192         60          0          0          0        504   printf8.o
        20          0          0          0          0         68   strchr.o
        18          0          0          0          0         68   strcpy.o
        14          0          0          0          0         68   strlen.o
        24          0          0          0          0         76   strncpy.o
        36          0          0          0          0         80   strstr.o
        98          0          0          0          0         92   uldiv.o
        56          0          0          0          0         88   d2f.o
       186          0          0          0          0        176   depilogue.o
       228          0          0          0          0         96   dmul.o
        38          0          0          0          0         68   f2d.o
       124          0          0          0          0         88   fdiv.o
       110          0          0          0          0        168   fepilogue.o
        40          0          0          0          0         68   ffixui.o
        10          0          0          0          0         68   ffltui.o
       100          0          0          0          0         76   fmul.o

    ----------------------------------------------------------------------
      2636         76          0          0          0       2312   Library Totals
         6          0          0          0          0          0   (incl. Padding)

    ----------------------------------------------------------------------

      Code (inc. data)   RO Data    RW Data    ZI Data      Debug   Library Name

      1738         76          0          0          0       1416   mc_w.l
       892          0          0          0          0        896   mf_w.l

    ----------------------------------------------------------------------
      2636         76          0          0          0       2312   Library Totals

    ----------------------------------------------------------------------

==============================================================================


      Code (inc. data)   RO Data    RW Data    ZI Data      Debug   

     74672       8902       1480        848      47464     856747   Grand Totals
     74672       8902       1480        180      47464     856747   ELF Image Totals (compressed)
     74672       8902       1480        180          0          0   ROM Totals

==============================================================================

    Total RO  Size (Code + RO Data)                76152 (  74.37kB)
    Total RW  Size (RW Data + ZI Data)             48312 (  47.18kB)
    Total ROM Size (Code + RO Data + RW Data)      76332 (  74.54kB)

==============================================================================

