<html>
<body>
<pre>
<h1>礦ision Build Log</h1>
<h2>Tool Versions:</h2>
IDE-Version: μVision V5.14.0.0
Copyright (C) 2015 ARM Ltd and ARM Germany GmbH. All rights reserved.
License Information: none Microsoft, Microsoft, LIC=Q7GII-TAVS5-WIQ5K-ZW2VV-WSZ49-VSYGJ
 
Tool Versions:
Toolchain:       MDK-ARM Professional  Version: 5.14.0.0
Toolchain Path:  C:\Keil_v5\ARM\ARMCC\Bin
C Compiler:      Armcc.exe V5.05 update 1 (build 106)
Assembler:       Armasm.exe V5.05 update 1 (build 106)
Linker/Locator:  ArmLink.exe V5.05 update 1 (build 106)
Library Manager: ArmAr.exe V5.05 update 1 (build 106)
Hex Converter:   FromElf.exe V5.05 update 1 (build 106)
CPU DLL:         SARMCM3.DLL V5.14.0.0
Dialog DLL:      DARMSTM.DLL V1.65.0.0
Target DLL:      Segger\JL2CM3.dll V2.99.13.0
Dialog DLL:      TARMSTM.DLL V1.64.0.0
 
<h2>Project:</h2>
C:\Users\Administrator\Desktop\蓝牙离位基站程序 - BC35\USER\ICAPTURE.uvprojx
Project File Date:  10/15/2018

<h2>Output:</h2>
Rebuild target 'Target 1'
compiling main.c...
main.c(256): warning:  #177-D: variable "last_heartbeatflag" was declared but never referenced
      static u32 last_heartbeatflag;
main.c(257): warning:  #177-D: variable "last_check_flag" was declared but never referenced
      static u32 last_check_flag;
main.c(262): warning:  #550-D: variable "timestamp" was set but never used
      u32 timestamp;
main.c(343): warning:  #1-D: last line of file ends without a newline
  }
main.c(307): warning:  #177-D: variable "length" was declared but never referenced
      u32 length;
main.c: 5 warnings, 0 errors
compiling stm32f10x_it.c...
compiling system_stm32f10x.c...
compiling led.c...
compiling timer.c...
compiling stmflash.c...
..\HARDWARE\STMFLASH\stmflash.c(268): warning:  #177-D: variable "printf_data" was declared but never referenced
        unsigned char printf_data[50]={0x00};
..\HARDWARE\STMFLASH\stmflash.c(269): warning:  #177-D: variable "middle_data" was declared but never referenced
        unsigned char middle_data[50]={0x00};   
..\HARDWARE\STMFLASH\stmflash.c(271): warning:  #550-D: variable "SERVER_ID" was set but never used
        unsigned char SERVER_ID[50]={0x00};//服务器IP
..\HARDWARE\STMFLASH\stmflash.c(275): warning:  #550-D: variable "test1" was set but never used
        unsigned char test1[10]={0x00};                 
..\HARDWARE\STMFLASH\stmflash.c: 4 warnings, 0 errors
compiling usart2.c...
..\HARDWARE\USART2\usart2.c(222): warning:  #177-D: variable "NODE_ID_u16" was declared but never referenced
        unsigned int  NODE_ID_u16[20]={0x00};
..\HARDWARE\USART2\usart2.c(839): warning:  #177-D: variable "j" was declared but never referenced
        unsigned int j = 0;     
..\HARDWARE\USART2\usart2.c: 2 warnings, 0 errors
compiling key.c...
compiling usart3.c...
compiling buzzer.c...
compiling function.c...
..\HARDWARE\FUNCTION\function.c(728): warning:  #167-D: argument of type "unsigned char *" is incompatible with parameter of type "const char *"
        j=strlen(Sting1);
..\HARDWARE\FUNCTION\function.c: 1 warning, 0 errors
compiling uart4.c...
compiling gprs.c...
..\HARDWARE\GPRS\gprs.c(113): warning:  #177-D: variable "i" was declared but never referenced
        unsigned char i=0;      
..\HARDWARE\GPRS\gprs.c(115): warning:  #177-D: variable "data_long" was declared but never referenced
        unsigned int  data_long=0;      
..\HARDWARE\GPRS\gprs.c(116): warning:  #177-D: variable "SERVER_ID" was declared but never referenced
        unsigned char SERVER_ID[50]={0x00};//服务器IP
..\HARDWARE\GPRS\gprs.c(117): warning:  #177-D: variable "PORT_ID" was declared but never referenced
        unsigned char PORT_ID[20]={0x00};       //服务器端口号  
..\HARDWARE\GPRS\gprs.c(118): warning:  #177-D: variable "PORT_ID_MIDDLE" was declared but never referenced
        unsigned char PORT_ID_MIDDLE[20]={0x00};        //服务器端口号                  
..\HARDWARE\GPRS\gprs.c(119): warning:  #177-D: variable "test" was declared but never referenced
        unsigned char test[10]={0x00};          
..\HARDWARE\GPRS\gprs.c(251): warning:  #550-D: variable "lenth" was set but never used
        unsigned short lenth=0;
..\HARDWARE\GPRS\gprs.c: 7 warnings, 0 errors
compiling bluetooh.c...
compiling iwdg.c...
compiling rtc.c...
compiling bc95.c...
..\HARDWARE\BC95\bc95.c(1416): warning:  #1-D: last line of file ends without a newline
  }
..\HARDWARE\BC95\bc95.c: 1 warning, 0 errors
compiling memory.c...
..\HARDWARE\MEMORY\memory.c(84): warning:  #940-D: missing return statement at end of non-void function "Creat_Memory"
  }
..\HARDWARE\MEMORY\memory.c(93): warning:  #940-D: missing return statement at end of non-void function "Create_Msg"
  }
..\HARDWARE\MEMORY\memory.c: 2 warnings, 0 errors
compiling delay.c...
compiling sys.c...
compiling usart.c...
compiling core_cm3.c...
assembling startup_stm32f10x_hd.s...
compiling stm32f10x_gpio.c...
compiling stm32f10x_rcc.c...
compiling stm32f10x_usart.c...
compiling misc.c...
compiling stm32f10x_tim.c...
compiling stm32f10x_flash.c...
compiling stm32f10x_iwdg.c...
compiling stm32f10x_rtc.c...
compiling stm32f10x_bkp.c...
compiling stm32f10x_pwr.c...
compiling bsp.c...
compiling lib_ascii.c...
compiling lib_math.c...
compiling lib_mem.c...
compiling lib_str.c...
assembling lib_mem_a.asm...
compiling cpu_core.c...
compiling cpu_c.c...
assembling cpu_a.asm...
compiling os_cpu_c.c...
assembling os_cpu_a.s...
compiling os_app_hooks.c...
compiling os_cfg_app.c...
compiling os_core.c...
compiling os_dbg.c...
compiling os_flag.c...
compiling os_int.c...
compiling os_mem.c...
compiling os_msg.c...
compiling os_mutex.c...
compiling os_pend_multi.c...
compiling os_prio.c...
compiling os_q.c...
compiling os_sem.c...
compiling os_stat.c...
compiling os_task.c...
compiling os_tick.c...
compiling os_time.c...
compiling os_tmr.c...
compiling os_var.c...
linking...
Program Size: Code=49248 RO-data=1240 RW-data=2596 ZI-data=30516  
FromELF: creating hex file...
"..\OBJ\ICAPTURE.axf" - 0 Error(s), 22 Warning(s).

<h2>Collection of Component include folders:</h2>
  C:\Users\Administrator\Desktop\蓝牙离位基站程序 - BC35\USER\RTE
  C:\Keil_v5\ARM\PACK\Keil\STM32F1xx_DFP\1.0.5\Device\Include

<h2>Collection of Component Files used:</h2>
</pre>
</body>
</html>
