Component: ARM Compiler 5.06 update 7 (build 960) Tool: armlink [4d3601]

==============================================================================

Section Cross References

    main.o(i.DETECT_task) refers to iwdg.o(i.Watchdog_FEED) for Watchdog_FEED
    main.o(i.DETECT_task) refers to usart.o(i.USART1_COMAND_SCAN) for USART1_COMAND_SCAN
    main.o(i.DETECT_task) refers to usart2.o(i.USART2_COMAND_SCAN) for USART2_COMAND_SCAN
    main.o(i.DETECT_task) refers to usart3.o(i.USART3_COMAND_SCAN) for USART3_COMAND_SCAN
    main.o(i.DETECT_task) refers to uart4.o(i.UART4_COMAND_SCAN) for UART4_COMAND_SCAN
    main.o(i.DETECT_task) refers to usart2.o(i.Judge_GM3_send_data) for Judge_GM3_send_data
    main.o(i.DETECT_task) refers to uart4.o(i.Bluetooh_SCAN) for Bluetooh_SCAN
    main.o(i.DETECT_task) refers to stmflash.o(i.Judge_Erase_all_ID) for Judge_Erase_all_ID
    main.o(i.DETECT_task) refers to delay.o(i.delay_ms) for delay_ms
    main.o(i.GPRSCONNECT_task) refers to os_task.o(i.OSTaskSuspend) for OSTaskSuspend
    main.o(i.GPRSCONNECT_task) refers to bc95.o(i.OpenGPRS_check) for OpenGPRS_check
    main.o(i.GPRSCONNECT_task) refers to bc95.o(i.gprs_send_start) for gprs_send_start
    main.o(i.GPRSCONNECT_task) refers to os_time.o(i.OSTimeGet) for OSTimeGet
    main.o(i.GPRSCONNECT_task) refers to __2printf.o(.text) for __2printf
    main.o(i.GPRSCONNECT_task) refers to bc95.o(i.ResetUartBuf) for ResetUartBuf
    main.o(i.GPRSCONNECT_task) refers to os_task.o(i.OSTaskResume) for OSTaskResume
    main.o(i.GPRSCONNECT_task) refers to bc95.o(i.reset_gprs) for reset_gprs
    main.o(i.GPRSCONNECT_task) refers to delay.o(i.delay_ms) for delay_ms
    main.o(i.GPRSCONNECT_task) refers to main.o(.bss) for GPRSSTANDBYTaskTCB
    main.o(i.GPRSCONNECT_task) refers to main.o(.data) for open_flag
    main.o(i.GPRSCONNECT_task) refers to led.o(.data) for LED_flag
    main.o(i.GPRSCONNECT_task) refers to bc95.o(.bss) for uart_gprs
    main.o(i.GPRSCONNECT_task) refers to buzzer.o(.data) for Buzzer_flag
    main.o(i.GPRSSTANDBY_task) refers to delay.o(i.delay_ms) for delay_ms
    main.o(i.GPRSSTANDBY_task) refers to os_time.o(i.OSTimeGet) for OSTimeGet
    main.o(i.GPRSSTANDBY_task) refers to bc95.o(i.GPRS_Detect_Handle) for GPRS_Detect_Handle
    main.o(i.GPRSSTANDBY_task) refers to memory.o(i.PEND) for PEND
    main.o(i.GPRSSTANDBY_task) refers to bc95.o(i.gprs_check_connect) for gprs_check_connect
    main.o(i.GPRSSTANDBY_task) refers to bc95.o(i.GPRS_buffer_send) for GPRS_buffer_send
    main.o(i.GPRSSTANDBY_task) refers to os_task.o(i.OSTaskResume) for OSTaskResume
    main.o(i.GPRSSTANDBY_task) refers to os_task.o(i.OSTaskSuspend) for OSTaskSuspend
    main.o(i.GPRSSTANDBY_task) refers to main.o(.data) for data_size
    main.o(i.GPRSSTANDBY_task) refers to memory.o(.bss) for STORAGE_MEM
    main.o(i.GPRSSTANDBY_task) refers to main.o(.bss) for Receive_buf
    main.o(i.GPRSSTANDBY_task) refers to usart2.o(.data) for datastatus
    main.o(i.flag_int) refers to rt_memclr_w.o(.text) for __aeabi_memclr4
    main.o(i.flag_int) refers to stmflash.o(i.STMFLASH_Read) for STMFLASH_Read
    main.o(i.flag_int) refers to uart4.o(.data) for bluetooh_scan_heart_time
    main.o(i.flag_int) refers to timer.o(.data) for Bluetooh_scan_time
    main.o(i.flag_int) refers to usart2.o(.data) for heartbeat_time
    main.o(i.flag_int) refers to timer.o(.bss) for Bluetooh_time
    main.o(i.flag_int) refers to stmflash.o(.data) for Bluetooh_amount
    main.o(i.flag_int) refers to gprs.o(.data) for GM3_LINKA_TIME_LOSE
    main.o(i.main) refers to misc.o(i.NVIC_PriorityGroupConfig) for NVIC_PriorityGroupConfig
    main.o(i.main) refers to delay.o(i.delay_init) for delay_init
    main.o(i.main) refers to iwdg.o(i.Watchdog_Init) for Watchdog_Init
    main.o(i.main) refers to timer.o(i.TIM2_Int_Init) for TIM2_Int_Init
    main.o(i.main) refers to usart.o(i.USART1_Init) for USART1_Init
    main.o(i.main) refers to usart2.o(i.USART2_Init) for USART2_Init
    main.o(i.main) refers to usart3.o(i.USART3_Init) for USART3_Init
    main.o(i.main) refers to uart4.o(i.UART4_Init) for UART4_Init
    main.o(i.main) refers to uart4.o(i.test_URAT4) for test_URAT4
    main.o(i.main) refers to __2printf.o(.text) for __2printf
    main.o(i.main) refers to led.o(i.ENABLE_IO_Init) for ENABLE_IO_Init
    main.o(i.main) refers to key.o(i.KEY_Init) for KEY_Init
    main.o(i.main) refers to bluetooh.o(i.Bluetooh_Init) for Bluetooh_Init
    main.o(i.main) refers to bluetooh.o(i.Bluetooh_Reset) for Bluetooh_Reset
    main.o(i.main) refers to stmflash.o(i.Star_Read_ID) for Star_Read_ID
    main.o(i.main) refers to gprs.o(i.GPRS_Init) for GPRS_Init
    main.o(i.main) refers to bc95.o(i.GPRS_IO_Init) for GPRS_IO_Init
    main.o(i.main) refers to main.o(i.flag_int) for flag_int
    main.o(i.main) refers to led.o(i.LED_Init) for LED_Init
    main.o(i.main) refers to rtc.o(i.RTC_Init) for RTC_Init
[...]
    _drsb                                    0x0800d8e1   Thumb Code    22  daddsub_clz.o(x$fpl$drsb)
    _dsqrt                                   0x0800d8f9   Thumb Code   456  dsqrt_noumaal.o(x$fpl$dsqrt)
    __aeabi_dsub                             0x0800dac5   Thumb Code     0  daddsub_clz.o(x$fpl$dsub)
    _dsub                                    0x0800dac5   Thumb Code   464  daddsub_clz.o(x$fpl$dsub)
    __fpl_return_NaN                         0x0800dc99   Thumb Code   100  retnan.o(x$fpl$retnan)
    __ARM_scalbn                             0x0800dcfd   Thumb Code    92  scalbn.o(x$fpl$scalbn)
    __fpl_cmpreturn                          0x0800dd59   Thumb Code    48  trapv.o(x$fpl$trapveneer)
    __I$use$fp                               0x0800dd88   Number         0  usenofp.o(x$fpl$usenofp)
    table_week                               0x0800de08   Data          12  rtc.o(.constdata)
    mon_table                                0x0800de14   Data          12  rtc.o(.constdata)
    ATOK                                     0x0800de20   Data           5  bc95.o(.constdata)
    AT_ERROR                                 0x0800de25   Data           8  bc95.o(.constdata)
    ATCCLK                                   0x0800de2d   Data           7  bc95.o(.constdata)
    ATCSQ                                    0x0800de34   Data           6  bc95.o(.constdata)
    ATCGATT                                  0x0800de3a   Data           8  bc95.o(.constdata)
    ATCPSMS                                  0x0800de42   Data           7  bc95.o(.constdata)
    ATCEDRXS                                 0x0800de49   Data           8  bc95.o(.constdata)
    ATCPSMS0                                 0x0800de51   Data           9  bc95.o(.constdata)
    ATCEDRXS0                                0x0800de5a   Data          10  bc95.o(.constdata)
    ATCGSN                                   0x0800de64   Data           7  bc95.o(.constdata)
    ATCEREG                                  0x0800de6b   Data           8  bc95.o(.constdata)
    ATNBAND                                  0x0800de73   Data           8  bc95.o(.constdata)
    ATNSMI                                   0x0800de7b   Data           6  bc95.o(.constdata)
    ATNNMI                                   0x0800de81   Data           6  bc95.o(.constdata)
    ATNSONMI                                 0x0800de87   Data           9  bc95.o(.constdata)
    ATCGPADDR                                0x0800de90   Data          10  bc95.o(.constdata)
    AT_CLOSED                                0x0800de9a   Data           6  bc95.o(.constdata)
    AT_CGATT1                                0x0800dea0   Data           9  bc95.o(.constdata)
    AT_CEREG1                                0x0800dea9   Data          11  bc95.o(.constdata)
    AT_CEREG5                                0x0800deb4   Data          11  bc95.o(.constdata)
    OSCfg_IdleTaskStkBasePtr                 0x0800df88   Data           4  os_cfg_app.o(.constdata)
    OSCfg_IdleTaskStkLimit                   0x0800df8c   Data           4  os_cfg_app.o(.constdata)
    OSCfg_IdleTaskStkSize                    0x0800df90   Data           4  os_cfg_app.o(.constdata)
    OSCfg_IdleTaskStkSizeRAM                 0x0800df94   Data           4  os_cfg_app.o(.constdata)
    OSCfg_IntQBasePtr                        0x0800df98   Data           4  os_cfg_app.o(.constdata)
    OSCfg_IntQSize                           0x0800df9c   Data           2  os_cfg_app.o(.constdata)
    OSCfg_IntQSizeRAM                        0x0800dfa0   Data           4  os_cfg_app.o(.constdata)
    OSCfg_IntQTaskStkBasePtr                 0x0800dfa4   Data           4  os_cfg_app.o(.constdata)
    OSCfg_IntQTaskStkLimit                   0x0800dfa8   Data           4  os_cfg_app.o(.constdata)
    OSCfg_IntQTaskStkSize                    0x0800dfac   Data           4  os_cfg_app.o(.constdata)
    OSCfg_IntQTaskStkSizeRAM                 0x0800dfb0   Data           4  os_cfg_app.o(.constdata)
    OSCfg_ISRStkBasePtr                      0x0800dfb4   Data           4  os_cfg_app.o(.constdata)
    OSCfg_ISRStkSize                         0x0800dfb8   Data           4  os_cfg_app.o(.constdata)
    OSCfg_ISRStkSizeRAM                      0x0800dfbc   Data           4  os_cfg_app.o(.constdata)
    OSCfg_MsgPoolSize                        0x0800dfc0   Data           2  os_cfg_app.o(.constdata)
    OSCfg_MsgPoolSizeRAM                     0x0800dfc4   Data           4  os_cfg_app.o(.constdata)
    OSCfg_MsgPoolBasePtr                     0x0800dfc8   Data           4  os_cfg_app.o(.constdata)
    OSCfg_StatTaskPrio                       0x0800dfcc   Data           1  os_cfg_app.o(.constdata)
    OSCfg_StatTaskRate_Hz                    0x0800dfd0   Data           4  os_cfg_app.o(.constdata)
    OSCfg_StatTaskStkBasePtr                 0x0800dfd4   Data           4  os_cfg_app.o(.constdata)
    OSCfg_StatTaskStkLimit                   0x0800dfd8   Data           4  os_cfg_app.o(.constdata)
    OSCfg_StatTaskStkSize                    0x0800dfdc   Data           4  os_cfg_app.o(.constdata)
    OSCfg_StatTaskStkSizeRAM                 0x0800dfe0   Data           4  os_cfg_app.o(.constdata)
    OSCfg_StkSizeMin                         0x0800dfe4   Data           4  os_cfg_app.o(.constdata)
    OSCfg_TickRate_Hz                        0x0800dfe8   Data           4  os_cfg_app.o(.constdata)
    OSCfg_TickTaskPrio                       0x0800dfec   Data           1  os_cfg_app.o(.constdata)
    OSCfg_TickTaskStkBasePtr                 0x0800dff0   Data           4  os_cfg_app.o(.constdata)
    OSCfg_TickTaskStkLimit                   0x0800dff4   Data           4  os_cfg_app.o(.constdata)
    OSCfg_TickTaskStkSize                    0x0800dff8   Data           4  os_cfg_app.o(.constdata)
    OSCfg_TickTaskStkSizeRAM                 0x0800dffc   Data           4  os_cfg_app.o(.constdata)
    OSCfg_TickWheelSize                      0x0800e000   Data           2  os_cfg_app.o(.constdata)
    OSCfg_TickWheelSizeRAM                   0x0800e004   Data           4  os_cfg_app.o(.constdata)
    OSCfg_TmrTaskPrio                        0x0800e008   Data           1  os_cfg_app.o(.constdata)
    OSCfg_TmrTaskRate_Hz                     0x0800e00c   Data           4  os_cfg_app.o(.constdata)
    OSCfg_TmrTaskStkBasePtr                  0x0800e010   Data           4  os_cfg_app.o(.constdata)
    OSCfg_TmrTaskStkLimit                    0x0800e014   Data           4  os_cfg_app.o(.constdata)
    OSCfg_TmrTaskStkSize                     0x0800e018   Data           4  os_cfg_app.o(.constdata)
    OSCfg_TmrTaskStkSizeRAM                  0x0800e01c   Data           4  os_cfg_app.o(.constdata)
    OSCfg_TmrWheelSize                       0x0800e020   Data           2  os_cfg_app.o(.constdata)
    OSCfg_TmrWheelSizeRAM                    0x0800e024   Data           4  os_cfg_app.o(.constdata)
    OSCfg_DataSizeRAM                        0x0800e028   Data           4  os_cfg_app.o(.constdata)
    OSDbg_DbgEn                              0x0800e02c   Data           1  os_dbg.o(.constdata)
    OSDbg_ArgChkEn                           0x0800e02d   Data           1  os_dbg.o(.constdata)
    OSDbg_AppHooksEn                         0x0800e02e   Data           1  os_dbg.o(.constdata)
    OSDbg_EndiannessTest                     0x0800e030   Data           4  os_dbg.o(.constdata)
    OSDbg_CalledFromISRChkEn                 0x0800e034   Data           1  os_dbg.o(.constdata)
    OSDbg_FlagEn                             0x0800e035   Data           1  os_dbg.o(.constdata)
    OSDbg_FlagGrp                            0x0800e038   Data          40  os_dbg.o(.constdata)
    OSDbg_FlagDelEn                          0x0800e060   Data           1  os_dbg.o(.constdata)
    OSDbg_FlagModeClrEn                      0x0800e061   Data           1  os_dbg.o(.constdata)
    OSDbg_FlagPendAbortEn                    0x0800e062   Data           1  os_dbg.o(.constdata)
    OSDbg_FlagGrpSize                        0x0800e064   Data           2  os_dbg.o(.constdata)
    OSDbg_FlagWidth                          0x0800e066   Data           2  os_dbg.o(.constdata)
    OSDbg_IntQ                               0x0800e068   Data           2  os_dbg.o(.constdata)
    OSDbg_ISRPostDeferredEn                  0x0800e06a   Data           1  os_dbg.o(.constdata)
    OSDbg_Mem                                0x0800e06c   Data          32  os_dbg.o(.constdata)
    OSDbg_MemEn                              0x0800e08c   Data           1  os_dbg.o(.constdata)
    OSDbg_MemSize                            0x0800e08e   Data           2  os_dbg.o(.constdata)
    OSDbg_MsgEn                              0x0800e090   Data           1  os_dbg.o(.constdata)
    OSDbg_MsgSize                            0x0800e092   Data           2  os_dbg.o(.constdata)
    OSDbg_MsgPoolSize                        0x0800e094   Data           2  os_dbg.o(.constdata)
    OSDbg_MsgQSize                           0x0800e096   Data           2  os_dbg.o(.constdata)
    OSDbg_Mutex                              0x0800e098   Data          44  os_dbg.o(.constdata)
    OSDbg_MutexEn                            0x0800e0c4   Data           1  os_dbg.o(.constdata)
    OSDbg_MutexDelEn                         0x0800e0c5   Data           1  os_dbg.o(.constdata)
    OSDbg_MutexPendAbortEn                   0x0800e0c6   Data           1  os_dbg.o(.constdata)
    OSDbg_MutexSize                          0x0800e0c8   Data           2  os_dbg.o(.constdata)
    OSDbg_ObjTypeChkEn                       0x0800e0ca   Data           1  os_dbg.o(.constdata)
    OSDbg_PendMultiEn                        0x0800e0cb   Data           1  os_dbg.o(.constdata)
    OSDbg_PendDataSize                       0x0800e0cc   Data           2  os_dbg.o(.constdata)
    OSDbg_PendListSize                       0x0800e0ce   Data           2  os_dbg.o(.constdata)
    OSDbg_PendObjSize                        0x0800e0d0   Data           2  os_dbg.o(.constdata)
    OSDbg_PrioMax                            0x0800e0d2   Data           2  os_dbg.o(.constdata)
    OSDbg_PrioTblSize                        0x0800e0d4   Data           2  os_dbg.o(.constdata)
    OSDbg_PtrSize                            0x0800e0d6   Data           2  os_dbg.o(.constdata)
    OSDbg_Q                                  0x0800e0d8   Data          48  os_dbg.o(.constdata)
    OSDbg_QEn                                0x0800e108   Data           1  os_dbg.o(.constdata)
    OSDbg_QDelEn                             0x0800e109   Data           1  os_dbg.o(.constdata)
    OSDbg_QFlushEn                           0x0800e10a   Data           1  os_dbg.o(.constdata)
    OSDbg_QPendAbortEn                       0x0800e10b   Data           1  os_dbg.o(.constdata)
    OSDbg_QSize                              0x0800e10c   Data           2  os_dbg.o(.constdata)
    OSDbg_SchedRoundRobinEn                  0x0800e10e   Data           1  os_dbg.o(.constdata)
    OSDbg_Sem                                0x0800e110   Data          40  os_dbg.o(.constdata)
    OSDbg_SemEn                              0x0800e138   Data           1  os_dbg.o(.constdata)
    OSDbg_SemDelEn                           0x0800e139   Data           1  os_dbg.o(.constdata)
    OSDbg_SemPendAbortEn                     0x0800e13a   Data           1  os_dbg.o(.constdata)
    OSDbg_SemSetEn                           0x0800e13b   Data           1  os_dbg.o(.constdata)
    OSDbg_SemSize                            0x0800e13c   Data           2  os_dbg.o(.constdata)
    OSDbg_RdyList                            0x0800e13e   Data           2  os_dbg.o(.constdata)
    OSDbg_RdyListSize                        0x0800e140   Data           4  os_dbg.o(.constdata)
    OSDbg_StkWidth                           0x0800e144   Data           1  os_dbg.o(.constdata)
    OSDbg_StatTaskEn                         0x0800e145   Data           1  os_dbg.o(.constdata)
    OSDbg_StatTaskStkChkEn                   0x0800e146   Data           1  os_dbg.o(.constdata)
    OSDbg_TaskChangePrioEn                   0x0800e147   Data           1  os_dbg.o(.constdata)
    OSDbg_TaskDelEn                          0x0800e148   Data           1  os_dbg.o(.constdata)
    OSDbg_TaskQEn                            0x0800e149   Data           1  os_dbg.o(.constdata)
    OSDbg_TaskQPendAbortEn                   0x0800e14a   Data           1  os_dbg.o(.constdata)
    OSDbg_TaskProfileEn                      0x0800e14b   Data           1  os_dbg.o(.constdata)
    OSDbg_TaskRegTblSize                     0x0800e14c   Data           2  os_dbg.o(.constdata)
    OSDbg_TaskSemPendAbortEn                 0x0800e14e   Data           1  os_dbg.o(.constdata)
    OSDbg_TaskSuspendEn                      0x0800e14f   Data           1  os_dbg.o(.constdata)
    OSDbg_TCBSize                            0x0800e150   Data           2  os_dbg.o(.constdata)
    OSDbg_TickSpokeSize                      0x0800e152   Data           2  os_dbg.o(.constdata)
    OSDbg_TimeDlyHMSMEn                      0x0800e154   Data           1  os_dbg.o(.constdata)
    OSDbg_TimeDlyResumeEn                    0x0800e155   Data           1  os_dbg.o(.constdata)
    OSDbg_TLS_TblSize                        0x0800e156   Data           2  os_dbg.o(.constdata)
    OSDbg_Tmr                                0x0800e158   Data          52  os_dbg.o(.constdata)
    OSDbg_TmrEn                              0x0800e18c   Data           1  os_dbg.o(.constdata)
    OSDbg_TmrDelEn                           0x0800e18d   Data           1  os_dbg.o(.constdata)
    OSDbg_TmrSize                            0x0800e18e   Data           2  os_dbg.o(.constdata)
    OSDbg_TmrSpokeSize                       0x0800e190   Data           2  os_dbg.o(.constdata)
    OSDbg_VersionNbr                         0x0800e192   Data           2  os_dbg.o(.constdata)
    OSDbg_DataSize                           0x0800e194   Data           4  os_dbg.o(.constdata)
    __mathlib_zero                           0x0800e238   Data           8  qnan.o(.constdata)
    Region$$Table$$Base                      0x0800e240   Number         0  anon$$obj.o(Region$$Table)
    Region$$Table$$Limit                     0x0800e260   Number         0  anon$$obj.o(Region$$Table)
    NB_LINKSTATUS                            0x20000000   Data           4  main.o(.data)
    SystemCoreClock                          0x20000014   Data           4  system_stm32f10x.o(.data)
    AHBPrescTable                            0x20000018   Data          16  system_stm32f10x.o(.data)
    LED_flag                                 0x20000028   Data           1  led.o(.data)
    time_led                                 0x2000002c   Data           4  led.o(.data)
    TIM2_IRQ_flag                            0x20000030   Data           1  timer.o(.data)
    Send_Overtime                            0x20000034   Data           4  timer.o(.data)
    time_step                                0x20000038   Data           4  timer.o(.data)
    Bluetooh_Package_compare                 0x2000003c   Data           4  timer.o(.data)
    Bluetooh_scan_time                       0x20000040   Data           4  timer.o(.data)
    Bluetooh_heartbeat_time                  0x20000044   Data           4  timer.o(.data)
    send_time                                0x20000048   Data           4  timer.o(.data)
    KEY0_DN_S_effective_time                 0x2000004c   Data           4  timer.o(.data)
    KEY0_DN_L_effective_time                 0x20000050   Data           4  timer.o(.data)
    Gateway_ID                               0x20000054   Data           6  stmflash.o(.data)
    Bluetooh_amount                          0x2000005a   Data           1  stmflash.o(.data)
    GM3_LINKA                                0x2000005c   Data           1  usart2.o(.data)
    datastatus                               0x20000060   Data           4  usart2.o(.data)
    heartbeat_time                           0x20000064   Data           4  usart2.o(.data)
    timeout                                  0x20000068   Data           4  usart2.o(.data)
    SEND_DATA_to_server_time                 0x2000006c   Data           4  usart2.o(.data)
    SEND_DATA_to_server_ok                   0x20000070   Data           1  usart2.o(.data)
    finger_point                             0x20000071   Data           1  usart2.o(.data)
    SEND_DATA_to_server_GROUP                0x20000072   Data           1  usart2.o(.data)
    SEND_once                                0x20000073   Data           1  usart2.o(.data)
    last_serial_number                       0x20000074   Data           2  usart2.o(.data)
    serial_number_counter                    0x20000076   Data           2  usart2.o(.data)
    USART2_RX_FLAG                           0x20000078   Data           1  usart2.o(.data)
    USART2_RX_TIME                           0x20000079   Data           1  usart2.o(.data)
    USART2_RX_NO                             0x2000007c   Data           4  usart2.o(.data)
    USART2_GROUP                             0x20000080   Data           1  usart2.o(.data)
    USART2_finger_point                      0x20000081   Data           1  usart2.o(.data)
    KEY_flag                                 0x20000084   Data           1  key.o(.data)
    key_dn_long                              0x20000088   Data           4  key.o(.data)
    key_dn_short                             0x2000008c   Data           4  key.o(.data)
    USART3_RX_FLAG                           0x20000098   Data           1  usart3.o(.data)
    USART3_RX_TIME                           0x20000099   Data           1  usart3.o(.data)
    USART3_RX_NO                             0x2000009c   Data           4  usart3.o(.data)
    USART3_GROUP                             0x200000a0   Data           1  usart3.o(.data)
    USART3_finger_point                      0x200000a1   Data           1  usart3.o(.data)
    send_success_flag                        0x200000a2   Data           1  usart3.o(.data)
    Buzzer_Open_time                         0x200000a4   Data           4  buzzer.o(.data)
    Buzzer_Closed_time                       0x200000a8   Data           4  buzzer.o(.data)
    Buzzer_Number                            0x200000ac   Data           1  buzzer.o(.data)
    Buzzer_flag                              0x200000ad   Data           1  buzzer.o(.data)
    Buzzer_condition                         0x200000ae   Data           1  buzzer.o(.data)
    Buzzer_Doing                             0x200000af   Data           1  buzzer.o(.data)
    All_ID                                   0x200000b0   Data        2048  function.o(.data)
    receive_once                             0x200008b0   Data           1  uart4.o(.data)
    mark_status                              0x200008b2   Data           2  uart4.o(.data)
    mark_status_last                         0x200008b4   Data           2  uart4.o(.data)
    departure_time                           0x200008b8   Data           4  uart4.o(.data)
    bluetooh_scan_heart_time                 0x200008bc   Data           4  uart4.o(.data)
    judge_fruit_time                         0x200008c0   Data           4  uart4.o(.data)
    UART4_RX_FLAG                            0x200008c4   Data           1  uart4.o(.data)
    UART4_RX_TIME                            0x200008c5   Data           1  uart4.o(.data)
    UART4_RX_NO                              0x200008c8   Data           4  uart4.o(.data)
    UART4_GROUP                              0x200008cc   Data           1  uart4.o(.data)
    UART4_finger_point                       0x200008cd   Data           1  uart4.o(.data)
    GM3_LINKA_TIME_LOSE                      0x200008d4   Data           4  gprs.o(.data)
    sendata_flag                             0x200008d8   Data           1  gprs.o(.data)
    GM3_LINKA_TIME                           0x200008dc   Data           4  gprs.o(.data)
    NB_Link_step                             0x200008e4   Data           1  bc95.o(.data)
    NB_BAND                                  0x200008e5   Data           1  bc95.o(.data)
    NBbuflenth                               0x200008e8   Data           4  bc95.o(.data)
    gprs_shutdown_flag                       0x200008ec   Data           1  bc95.o(.data)
    SendSuccessedFlag                        0x200008ed   Data           1  bc95.o(.data)
    GprsStopSendFlag                         0x200008ee   Data           1  bc95.o(.data)
    Signal_Value                             0x200008ef   Data           1  bc95.o(.data)
    MNC                                      0x200008f0   Data           1  bc95.o(.data)
    socket_port                              0x200008f4   Data           4  bc95.o(.data)
    remote_ip_str                            0x200008f8   Data          16  bc95.o(.data)
    __stdout                                 0x20000930   Data           4  usart.o(.data)
    USART1_RX_FLAG                           0x20000934   Data           1  usart.o(.data)
    USART1_RX_TIME                           0x20000935   Data           1  usart.o(.data)
    USART1_RX_NO                             0x20000938   Data           4  usart.o(.data)
    USART1_GROUP                             0x2000093c   Data           1  usart.o(.data)
    USART1_finger_point                      0x2000093d   Data           1  usart.o(.data)
    CPU_TS_TmrFreq_Hz                        0x20000954   Data           4  cpu_core.o(.data)
    CPU_IntDisMeasCtr                        0x20000958   Data           2  cpu_core.o(.data)
    CPU_IntDisNestCtr                        0x2000095a   Data           2  cpu_core.o(.data)
    CPU_IntDisMeasStart_cnts                 0x2000095c   Data           4  cpu_core.o(.data)
    CPU_IntDisMeasStop_cnts                  0x20000960   Data           4  cpu_core.o(.data)
    CPU_IntDisMeasOvrhd_cnts                 0x20000964   Data           4  cpu_core.o(.data)
    CPU_IntDisMeasMaxCur_cnts                0x20000968   Data           4  cpu_core.o(.data)
    CPU_IntDisMeasMax_cnts                   0x2000096c   Data           4  cpu_core.o(.data)
    OS_CPU_ExceptStkBase                     0x20000970   Data           4  os_cpu_c.o(.data)
    OSPrioTbl                                0x20000974   Data           4  os_prio.o(.data)
    OS_AppTaskCreateHookPtr                  0x20000978   Data           4  os_var.o(.data)
    OS_AppTaskDelHookPtr                     0x2000097c   Data           4  os_var.o(.data)
    OS_AppTaskReturnHookPtr                  0x20000980   Data           4  os_var.o(.data)
    OS_AppIdleTaskHookPtr                    0x20000984   Data           4  os_var.o(.data)
    OS_AppStatTaskHookPtr                    0x20000988   Data           4  os_var.o(.data)
    OS_AppTaskSwHookPtr                      0x2000098c   Data           4  os_var.o(.data)
    OS_AppTimeTickHookPtr                    0x20000990   Data           4  os_var.o(.data)
    OSIdleTaskCtr                            0x20000994   Data           4  os_var.o(.data)
    OSIntNestingCtr                          0x20000998   Data           1  os_var.o(.data)
    OSIntDisTimeMax                          0x2000099c   Data           4  os_var.o(.data)
    OSRunning                                0x200009a0   Data           1  os_var.o(.data)
    OSIntQInPtr                              0x200009a4   Data           4  os_var.o(.data)
    OSIntQOutPtr                             0x200009a8   Data           4  os_var.o(.data)
    OSIntQNbrEntries                         0x200009ac   Data           2  os_var.o(.data)
    OSIntQNbrEntriesMax                      0x200009ae   Data           2  os_var.o(.data)
    OSIntQOvfCtr                             0x200009b0   Data           2  os_var.o(.data)
    OSIntQTaskTimeMax                        0x200009b4   Data           4  os_var.o(.data)
    OSFlagDbgListPtr                         0x200009b8   Data           4  os_var.o(.data)
    OSFlagQty                                0x200009bc   Data           2  os_var.o(.data)
    OSMemDbgListPtr                          0x200009c0   Data           4  os_var.o(.data)
    OSMemQty                                 0x200009c4   Data           2  os_var.o(.data)
    OSMutexDbgListPtr                        0x200009c8   Data           4  os_var.o(.data)
    OSMutexQty                               0x200009cc   Data           2  os_var.o(.data)
    OSPrioCur                                0x200009ce   Data           1  os_var.o(.data)
    OSPrioHighRdy                            0x200009cf   Data           1  os_var.o(.data)
    OSPrioSaved                              0x200009d0   Data           1  os_var.o(.data)
    OSQDbgListPtr                            0x200009d4   Data           4  os_var.o(.data)
    OSQQty                                   0x200009d8   Data           2  os_var.o(.data)
    OSSchedLockTimeBegin                     0x200009dc   Data           4  os_var.o(.data)
    OSSchedLockTimeMax                       0x200009e0   Data           4  os_var.o(.data)
    OSSchedLockTimeMaxCur                    0x200009e4   Data           4  os_var.o(.data)
    OSSchedLockNestingCtr                    0x200009e8   Data           1  os_var.o(.data)
    OSSchedRoundRobinDfltTimeQuanta          0x200009ec   Data           4  os_var.o(.data)
    OSSchedRoundRobinEn                      0x200009f0   Data           1  os_var.o(.data)
    OSSemDbgListPtr                          0x200009f4   Data           4  os_var.o(.data)
    OSSemQty                                 0x200009f8   Data           2  os_var.o(.data)
    OSStatResetFlag                          0x200009fa   Data           1  os_var.o(.data)
    OSStatTaskCPUUsage                       0x200009fc   Data           2  os_var.o(.data)
    OSStatTaskCPUUsageMax                    0x200009fe   Data           2  os_var.o(.data)
    OSStatTaskCtr                            0x20000a00   Data           4  os_var.o(.data)
    OSStatTaskCtrMax                         0x20000a04   Data           4  os_var.o(.data)
    OSStatTaskCtrRun                         0x20000a08   Data           4  os_var.o(.data)
    OSStatTaskRdy                            0x20000a0c   Data           1  os_var.o(.data)
    OSStatTaskTimeMax                        0x20000a10   Data           4  os_var.o(.data)
    OSTaskCtxSwCtr                           0x20000a14   Data           4  os_var.o(.data)
    OSTaskDbgListPtr                         0x20000a18   Data           4  os_var.o(.data)
    OSTaskQty                                0x20000a1c   Data           2  os_var.o(.data)
    OSTaskRegNextAvailID                     0x20000a1e   Data           1  os_var.o(.data)
    OSTickCtr                                0x20000a20   Data           4  os_var.o(.data)
    OSTickTaskTimeMax                        0x20000a24   Data           4  os_var.o(.data)
    OSTmrDbgListPtr                          0x20000a28   Data           4  os_var.o(.data)
    OSTmrQty                                 0x20000a2c   Data           2  os_var.o(.data)
    OSTmrTaskTimeMax                         0x20000a30   Data           4  os_var.o(.data)
    OSTmrTickCtr                             0x20000a34   Data           4  os_var.o(.data)
    OSTmrUpdateCnt                           0x20000a38   Data           4  os_var.o(.data)
    OSTmrUpdateCtr                           0x20000a3c   Data           4  os_var.o(.data)
    OSTCBCurPtr                              0x20000a40   Data           4  os_var.o(.data)
    OSTCBHighRdyPtr                          0x20000a44   Data           4  os_var.o(.data)
    DETECTTaskTCB                            0x20000a48   Data         200  main.o(.bss)
    DETECT_TASK_STK                          0x20000b10   Data        1536  main.o(.bss)
    GPRSCONNECTTaskTCB                       0x20001110   Data         200  main.o(.bss)
    GPRSCONNECT_TASK_STK                     0x200011d8   Data        2048  main.o(.bss)
    GPRSSTANDBYTaskTCB                       0x200019d8   Data         200  main.o(.bss)
    GPRSSTANDBY_TASK_STK                     0x20001aa0   Data        2048  main.o(.bss)
    Receive_buf                              0x200022a0   Data        1024  main.o(.bss)
    Bluetooh_time                            0x200026a0   Data          64  timer.o(.bss)
    TIM2_ICInitStructure                     0x200026e0   Data          10  timer.o(.bss)
    STMFLASH_BUF                             0x200026ea   Data        2048  stmflash.o(.bss)
    data                                     0x20002eea   Data         500  usart2.o(.bss)
    send_message                             0x200030de   Data         100  usart2.o(.bss)
    send_data                                0x20003142   Data        1600  usart2.o(.bss)
    USART2_RX_BUF                            0x20003782   Data        1000  usart2.o(.bss)
    USART2_RX_BUF_middle                     0x20003b6a   Data         100  usart2.o(.bss)
    USART3_RX_BUF                            0x20003bce   Data        1000  usart3.o(.bss)
    USART3_RX_BUF_middle                     0x20003fb6   Data         100  usart3.o(.bss)
    judge_data_u16                           0x2000401a   Data          20  function.o(.bss)
    UART4_RX_BUF                             0x2000402e   Data        1000  uart4.o(.bss)
    UART4_RX_BUF_middle                      0x20004416   Data         100  uart4.o(.bss)
    calendar                                 0x2000447a   Data          10  rtc.o(.bss)
    uart_gprs                                0x20004484   Data         276  bc95.o(.bss)
    Data_Frame                               0x200045b6   Data         512  bc95.o(.bss)
    temp_Buffer                              0x200047b6   Data         255  bc95.o(.bss)
    Data1_Frame                              0x200048b5   Data         100  bc95.o(.bss)
    STORAGE_MEM                              0x2000491c   Data          32  memory.o(.bss)
    Storage_RamMemp                          0x2000493c   Data        4040  memory.o(.bss)
    BT_Msg                                   0x20005904   Data          48  memory.o(.bss)
    USART1_RX_BUF                            0x20005934   Data        1000  usart.o(.bss)
    USART1_RX_BUF_middle                     0x20005d1c   Data         100  usart.o(.bss)
    memory_index                             0x20005d80   Data         200  usart.o(.bss)
    CPU_Name                                 0x20005e48   Data          16  cpu_core.o(.bss)
    OSCfg_IdleTaskStk                        0x20005e58   Data         512  os_cfg_app.o(.bss)
    OSCfg_IntQ                               0x20006058   Data         320  os_cfg_app.o(.bss)
    OSCfg_IntQTaskStk                        0x20006198   Data         512  os_cfg_app.o(.bss)
    OSCfg_ISRStk                             0x20006398   Data         512  os_cfg_app.o(.bss)
    OSCfg_MsgPool                            0x20006598   Data        1600  os_cfg_app.o(.bss)
    OSCfg_StatTaskStk                        0x20006bd8   Data         512  os_cfg_app.o(.bss)
    OSCfg_TickTaskStk                        0x20006dd8   Data         512  os_cfg_app.o(.bss)
    OSCfg_TickWheel                          0x20006fd8   Data         136  os_cfg_app.o(.bss)
    OSCfg_TmrTaskStk                         0x20007060   Data         512  os_cfg_app.o(.bss)
    OSCfg_TmrWheel                           0x20007260   Data         136  os_cfg_app.o(.bss)
    OSIdleTaskTCB                            0x200072e8   Data         200  os_var.o(.bss)
    OSIntQTaskTCB                            0x200073b0   Data         200  os_var.o(.bss)
    OSMsgPool                                0x20007478   Data          12  os_var.o(.bss)
    OSRdyList                                0x20007484   Data         384  os_var.o(.bss)
    OSStatTaskTCB                            0x20007604   Data         200  os_var.o(.bss)
    OSTickTaskTCB                            0x200076cc   Data         200  os_var.o(.bss)
    OSTmrTaskTCB                             0x20007794   Data         200  os_var.o(.bss)
    __libspace_start                         0x2000785c   Data          96  libspace.o(.bss)
    __temporary_stack_top$libspace           0x200078bc   Data           0  libspace.o(.bss)



==============================================================================

Memory Map of the image

  Image Entry point : 0x08000131

  Load Region LR_IROM1 (Base: 0x08000000, Size: 0x0000eca8, Max: 0x00040000, ABSOLUTE, COMPRESSED[0x0000e2bc])

    Execution Region ER_IROM1 (Exec base: 0x08000000, Load base: 0x08000000, Size: 0x0000e260, Max: 0x00040000, ABSOLUTE)

    Exec Addr    Load Addr    Size         Type   Attr      Idx    E Section Name        Object

    0x08000000   0x08000000   0x00000130   Data   RO         1482    RESET               startup_stm32f10x_hd.o
    0x08000130   0x08000130   0x00000008   Code   RO         5020  * !!!main             c_w.l(__main.o)
    0x08000138   0x08000138   0x00000034   Code   RO         5405    !!!scatter          c_w.l(__scatter.o)
    0x0800016c   0x0800016c   0x0000005a   Code   RO         5403    !!dczerorl2         c_w.l(__dczerorl2.o)
    0x080001c6   0x080001c6   0x00000002   PAD
    0x080001c8   0x080001c8   0x0000001c   Code   RO         5407    !!handler_zi        c_w.l(__scatter_zi.o)
    0x080001e4   0x080001e4   0x00000000   Code   RO         5003    .ARM.Collect$$_printf_percent$$00000000  c_w.l(_printf_percent.o)
    0x080001e4   0x080001e4   0x00000006   Code   RO         5002    .ARM.Collect$$_printf_percent$$00000009  c_w.l(_printf_d.o)
    0x080001ea   0x080001ea   0x00000006   Code   RO         5001    .ARM.Collect$$_printf_percent$$00000014  c_w.l(_printf_s.o)
    0x080001f0   0x080001f0   0x00000004   Code   RO         5118    .ARM.Collect$$_printf_percent$$00000017  c_w.l(_printf_percent_end.o)
    0x080001f4   0x080001f4   0x00000002   Code   RO         5265    .ARM.Collect$$libinit$$00000000  c_w.l(libinit.o)
    0x080001f6   0x080001f6   0x00000000   Code   RO         5286    .ARM.Collect$$libinit$$00000002  c_w.l(libinit2.o)
    0x080001f6   0x080001f6   0x00000000   Code   RO         5288    .ARM.Collect$$libinit$$00000004  c_w.l(libinit2.o)
    0x080001f6   0x080001f6   0x00000000   Code   RO         5291    .ARM.Collect$$libinit$$0000000A  c_w.l(libinit2.o)
    0x080001f6   0x080001f6   0x00000000   Code   RO         5293    .ARM.Collect$$libinit$$0000000C  c_w.l(libinit2.o)
    0x080001f6   0x080001f6   0x00000000   Code   RO         5295    .ARM.Collect$$libinit$$0000000E  c_w.l(libinit2.o)
    0x080001f6   0x080001f6   0x00000000   Code   RO         5298    .ARM.Collect$$libinit$$00000011  c_w.l(libinit2.o)
    0x080001f6   0x080001f6   0x00000000   Code   RO         5300    .ARM.Collect$$libinit$$00000013  c_w.l(libinit2.o)
    0x080001f6   0x080001f6   0x00000000   Code   RO         5302    .ARM.Collect$$libinit$$00000015  c_w.l(libinit2.o)
    0x080001f6   0x080001f6   0x00000000   Code   RO         5304    .ARM.Collect$$libinit$$00000017  c_w.l(libinit2.o)
    0x080001f6   0x080001f6   0x00000000   Code   RO         5306    .ARM.Collect$$libinit$$00000019  c_w.l(libinit2.o)
    0x080001f6   0x080001f6   0x00000000   Code   RO         5308    .ARM.Collect$$libinit$$0000001B  c_w.l(libinit2.o)
    0x080001f6   0x080001f6   0x00000000   Code   RO         5310    .ARM.Collect$$libinit$$0000001D  c_w.l(libinit2.o)
    0x080001f6   0x080001f6   0x00000000   Code   RO         5312    .ARM.Collect$$libinit$$0000001F  c_w.l(libinit2.o)
    0x080001f6   0x080001f6   0x00000000   Code   RO         5314    .ARM.Collect$$libinit$$00000021  c_w.l(libinit2.o)
    0x080001f6   0x080001f6   0x00000000   Code   RO         5316    .ARM.Collect$$libinit$$00000023  c_w.l(libinit2.o)
    0x080001f6   0x080001f6   0x00000000   Code   RO         5318    .ARM.Collect$$libinit$$00000025  c_w.l(libinit2.o)
    0x080001f6   0x080001f6   0x00000000   Code   RO         5322    .ARM.Collect$$libinit$$0000002C  c_w.l(libinit2.o)
    0x080001f6   0x080001f6   0x00000000   Code   RO         5324    .ARM.Collect$$libinit$$0000002E  c_w.l(libinit2.o)
    0x080001f6   0x080001f6   0x00000000   Code   RO         5326    .ARM.Collect$$libinit$$00000030  c_w.l(libinit2.o)
    0x080001f6   0x080001f6   0x00000000   Code   RO         5328    .ARM.Collect$$libinit$$00000032  c_w.l(libinit2.o)
    0x080001f6   0x080001f6   0x00000002   Code   RO         5329    .ARM.Collect$$libinit$$00000033  c_w.l(libinit2.o)
    0x080001f8   0x080001f8   0x00000002   Code   RO         5357    .ARM.Collect$$libshutdown$$00000000  c_w.l(libshutdown.o)
    0x080001fa   0x080001fa   0x00000000   Code   RO         5384    .ARM.Collect$$libshutdown$$00000002  c_w.l(libshutdown2.o)
    0x080001fa   0x080001fa   0x00000000   Code   RO         5386    .ARM.Collect$$libshutdown$$00000004  c_w.l(libshutdown2.o)
    0x080001fa   0x080001fa   0x00000000   Code   RO         5388    .ARM.Collect$$libshutdown$$00000006  c_w.l(libshutdown2.o)
    0x080001fa   0x080001fa   0x00000000   Code   RO         5391    .ARM.Collect$$libshutdown$$00000009  c_w.l(libshutdown2.o)
    0x080001fa   0x080001fa   0x00000000   Code   RO         5394    .ARM.Collect$$libshutdown$$0000000C  c_w.l(libshutdown2.o)
    0x080001fa   0x080001fa   0x00000000   Code   RO         5396    .ARM.Collect$$libshutdown$$0000000E  c_w.l(libshutdown2.o)
    0x080001fa   0x080001fa   0x00000000   Code   RO         5399    .ARM.Collect$$libshutdown$$00000011  c_w.l(libshutdown2.o)
    0x080001fa   0x080001fa   0x00000002   Code   RO         5400    .ARM.Collect$$libshutdown$$00000012  c_w.l(libshutdown2.o)
    0x080001fc   0x080001fc   0x00000000   Code   RO         5052    .ARM.Collect$$rtentry$$00000000  c_w.l(__rtentry.o)
    0x080001fc   0x080001fc   0x00000000   Code   RO         5171    .ARM.Collect$$rtentry$$00000002  c_w.l(__rtentry2.o)
    0x080001fc   0x080001fc   0x00000006   Code   RO         5183    .ARM.Collect$$rtentry$$00000004  c_w.l(__rtentry4.o)
    0x08000202   0x08000202   0x00000000   Code   RO         5173    .ARM.Collect$$rtentry$$00000009  c_w.l(__rtentry2.o)
    0x08000202   0x08000202   0x00000004   Code   RO         5174    .ARM.Collect$$rtentry$$0000000A  c_w.l(__rtentry2.o)
    0x08000206   0x08000206   0x00000000   Code   RO         5176    .ARM.Collect$$rtentry$$0000000C  c_w.l(__rtentry2.o)
    0x08000206   0x08000206   0x00000008   Code   RO         5177    .ARM.Collect$$rtentry$$0000000D  c_w.l(__rtentry2.o)
    0x0800020e   0x0800020e   0x00000002   Code   RO         5272    .ARM.Collect$$rtexit$$00000000  c_w.l(rtexit.o)
    0x08000210   0x08000210   0x00000000   Code   RO         5333    .ARM.Collect$$rtexit$$00000002  c_w.l(rtexit2.o)
    0x08000210   0x08000210   0x00000004   Code   RO         5334    .ARM.Collect$$rtexit$$00000003  c_w.l(rtexit2.o)
    0x08000214   0x08000214   0x00000006   Code   RO         5335    .ARM.Collect$$rtexit$$00000004  c_w.l(rtexit2.o)
    0x0800021a   0x0800021a   0x00000002   PAD
    0x0800021c   0x0800021c   0x00000040   Code   RO         1483    .text               startup_stm32f10x_hd.o
    0x0800025c   0x0800025c   0x00000034   Code   RO         3677    .text               cpu_a.o
    0x08000290   0x08000290   0x00000002   Code   RO         4965    .text               c_w.l(use_no_semi_2.o)
    0x08000292   0x08000292   0x00000002   PAD
    0x08000294   0x08000294   0x00000018   Code   RO         4971    .text               c_w.l(__2printf.o)
    0x080002ac   0x080002ac   0x00000052   Code   RO         4977    .text               c_w.l(_printf_str.o)
    0x080002fe   0x080002fe   0x00000002   PAD
    0x08000300   0x08000300   0x00000078   Code   RO         4979    .text               c_w.l(_printf_dec.o)
    0x08000378   0x08000378   0x00000188   Code   RO         4998    .text               c_w.l(__printf_flags_ss_wp.o)
    0x08000500   0x08000500   0x00000024   Code   RO         5004    .text               c_w.l(strstr.o)
    0x08000524   0x08000524   0x0000003e   Code   RO         5006    .text               c_w.l(strlen.o)
    0x08000562   0x08000562   0x0000008a   Code   RO         5008    .text               c_w.l(rt_memcpy_v6.o)
    0x080005ec   0x080005ec   0x00000064   Code   RO         5010    .text               c_w.l(rt_memcpy_w.o)
    0x08000650   0x08000650   0x00000010   Code   RO         5012    .text               c_w.l(aeabi_memset.o)
    0x08000660   0x08000660   0x00000044   Code   RO         5014    .text               c_w.l(rt_memclr.o)
    0x080006a4   0x080006a4   0x0000004e   Code   RO         5016    .text               c_w.l(rt_memclr_w.o)
    0x080006f2   0x080006f2   0x00000006   Code   RO         5018    .text               c_w.l(heapauxi.o)
    0x080006f8   0x080006f8   0x00000002   Code   RO         5050    .text               c_w.l(use_no_semi.o)
    0x080006fa   0x080006fa   0x00000016   Code   RO         5057    .text               c_w.l(_rserrno.o)
    0x08000710   0x08000710   0x000000b2   Code   RO         5063    .text               c_w.l(_printf_intcommon.o)
    0x080007c2   0x080007c2   0x00000002   PAD
    0x080007c4   0x080007c4   0x00000030   Code   RO         5067    .text               c_w.l(_printf_char_common.o)
    0x080007f4   0x080007f4   0x0000002c   Code   RO         5071    .text               c_w.l(_printf_char.o)
    0x08000820   0x08000820   0x00000024   Code   RO         5073    .text               c_w.l(_printf_char_file.o)
    0x08000844   0x08000844   0x00000008   Code   RO         5190    .text               c_w.l(rt_errno_addr_intlibspace.o)
    0x0800084c   0x0800084c   0x00000008   Code   RO         5200    .text               c_w.l(ferror.o)
    0x08000854   0x08000854   0x00000008   Code   RO         5212    .text               c_w.l(libspace.o)
    0x0800085c   0x0800085c   0x0000004a   Code   RO         5215    .text               c_w.l(sys_stackheap_outer.o)
    0x080008a6   0x080008a6   0x00000012   Code   RO         5254    .text               c_w.l(exit.o)
    0x080008b8   0x080008b8   0x00000098   Code   RO         3758    CODE                os_cpu_a.o
    0x08000950   0x08000950   0x00000074   Code   RO         1004    i.AT_ReadPort       bc95.o
    0x080009c4   0x080009c4   0x00000042   Code   RO         1006    i.BC95_chartoasc    bc95.o
    0x08000a06   0x08000a06   0x00000010   Code   RO         2873    i.BKP_DeInit        stm32f10x_bkp.o
    0x08000a16   0x08000a16   0x00000002   PAD
    0x08000a18   0x08000a18   0x0000001c   Code   RO         2878    i.BKP_ReadBackupRegister  stm32f10x_bkp.o
    0x08000a34   0x08000a34   0x0000001c   Code   RO         2882    i.BKP_WriteBackupRegister  stm32f10x_bkp.o
    0x08000a50   0x08000a50   0x00000010   Code   RO         3009    i.BSP_CPU_ClkFreq   bsp.o
    0x08000a60   0x08000a60   0x00000038   Code   RO          899    i.Bluetooh_Init     bluetooh.o
    0x08000a98   0x08000a98   0x00000050   Code   RO          900    i.Bluetooh_Reset    bluetooh.o
    0x08000ae8   0x08000ae8   0x00000658   Code   RO          773    i.Bluetooh_SCAN     uart4.o
    0x08001140   0x08001140   0x00000004   Code   RO          251    i.BusFault_Handler  stm32f10x_it.o
    0x08001144   0x08001144   0x00000010   Code   RO         3465    i.CPU_Init          cpu_core.o
    0x08001154   0x08001154   0x00000084   Code   RO         3466    i.CPU_IntDisMeasInit  cpu_core.o
    0x080011d8   0x080011d8   0x0000001c   Code   RO         3467    i.CPU_IntDisMeasMaxCalc  cpu_core.o
    0x080011f4   0x080011f4   0x0000002c   Code   RO         3468    i.CPU_IntDisMeasMaxCurGet  cpu_core.o
    0x08001220   0x08001220   0x0000002c   Code   RO         3469    i.CPU_IntDisMeasMaxCurReset  cpu_core.o
    0x0800124c   0x0800124c   0x0000002c   Code   RO         3470    i.CPU_IntDisMeasMaxGet  cpu_core.o
    0x08001278   0x08001278   0x00000034   Code   RO         3471    i.CPU_IntDisMeasStart  cpu_core.o
    0x080012ac   0x080012ac   0x00000054   Code   RO         3472    i.CPU_IntDisMeasStop  cpu_core.o
    0x08001300   0x08001300   0x00000038   Code   RO         3473    i.CPU_NameClr       cpu_core.o
    0x08001338   0x08001338   0x00000008   Code   RO         3475    i.CPU_NameInit      cpu_core.o
    0x08001340   0x08001340   0x00000014   Code   RO         3479    i.CPU_TS_Init       cpu_core.o
    0x08001354   0x08001354   0x0000000c   Code   RO         3481    i.CPU_TS_TmrFreqSet  cpu_core.o
    0x08001360   0x08001360   0x00000034   Code   RO         3011    i.CPU_TS_TmrInit    bsp.o
    0x08001394   0x08001394   0x0000000c   Code   RO         3012    i.CPU_TS_TmrRd      bsp.o
    0x080013a0   0x080013a0   0x00000030   Code   RO         1265    i.Creat_Memory      memory.o
    0x080013d0   0x080013d0   0x0000001c   Code   RO         1266    i.Create_Msg        memory.o
    0x080013ec   0x080013ec   0x00000126   Code   RO          682    i.DATA_change       function.o
    0x08001512   0x08001512   0x00000030   Code   RO          683    i.DATA_change_u16_to_u8  function.o
    0x08001542   0x08001542   0x00000036   Code   RO          684    i.DATA_change_u8_to_u16  function.o
    0x08001578   0x08001578   0x0000002e   Code   RO            1    i.DETECT_task       main.o
    0x080015a6   0x080015a6   0x00000002   Code   RO          252    i.DebugMon_Handler  stm32f10x_it.o
    0x080015a8   0x080015a8   0x00000194   Code   RO          686    i.Delete_NODE_ID    function.o
    0x0800173c   0x0800173c   0x00000038   Code   RO          362    i.ENABLE_IO_Init    led.o
    0x08001774   0x08001774   0x0000004c   Code   RO         2570    i.FLASH_ErasePage   stm32f10x_flash.o
    0x080017c0   0x080017c0   0x00000034   Code   RO         2571    i.FLASH_GetBank1Status  stm32f10x_flash.o
    0x080017f4   0x080017f4   0x00000014   Code   RO         2580    i.FLASH_Lock        stm32f10x_flash.o
    0x08001808   0x08001808   0x00000040   Code   RO         2583    i.FLASH_ProgramHalfWord  stm32f10x_flash.o
    0x08001848   0x08001848   0x00000018   Code   RO         2588    i.FLASH_Unlock      stm32f10x_flash.o
    0x08001860   0x08001860   0x00000026   Code   RO         2592    i.FLASH_WaitForLastOperation  stm32f10x_flash.o
    0x08001886   0x08001886   0x00000116   Code   RO         1493    i.GPIO_Init         stm32f10x_gpio.o
    0x0800199c   0x0800199c   0x00000012   Code   RO         1497    i.GPIO_ReadInputDataBit  stm32f10x_gpio.o
    0x080019ae   0x080019ae   0x00000004   Code   RO         1500    i.GPIO_ResetBits    stm32f10x_gpio.o
    0x080019b2   0x080019b2   0x00000004   Code   RO         1501    i.GPIO_SetBits      stm32f10x_gpio.o
    0x080019b6   0x080019b6   0x00000002   PAD
    0x080019b8   0x080019b8   0x000000d4   Code   RO            2    i.GPRSCONNECT_task  main.o
    0x08001a8c   0x08001a8c   0x00000094   Code   RO            3    i.GPRSSTANDBY_task  main.o
    0x08001b20   0x08001b20   0x0000005c   Code   RO         1008    i.GPRS_Detect_Handle  bc95.o
    0x08001b7c   0x08001b7c   0x0000007c   Code   RO         1009    i.GPRS_IO_Init      bc95.o
    0x08001bf8   0x08001bf8   0x00000118   Code   RO          857    i.GPRS_Init         gprs.o
    0x08001d10   0x08001d10   0x00000002   Code   RO          858    i.GPRS_RESTAR       gprs.o
    0x08001d12   0x08001d12   0x00000002   PAD
    0x08001d14   0x08001d14   0x00000050   Code   RO         1010    i.GPRS_buffer_send  bc95.o
    0x08001d64   0x08001d64   0x00000190   Code   RO         1011    i.GPRS_senddata     bc95.o
    0x08001ef4   0x08001ef4   0x00000108   Code   RO         1012    i.Get_GPRS_Receive  bc95.o
    0x08001ffc   0x08001ffc   0x00000004   Code   RO          253    i.HardFault_Handler  stm32f10x_it.o
    0x08002000   0x08002000   0x0000006c   Code   RO         1013    i.IsStrInclude      bc95.o
    0x0800206c   0x0800206c   0x0000003a   Code   RO          947    i.Is_Leap_Year      rtc.o
    0x080020a6   0x080020a6   0x00000002   PAD
    0x080020a8   0x080020a8   0x00000040   Code   RO          424    i.Judge_Erase_all_ID  stmflash.o
    0x080020e8   0x080020e8   0x00000148   Code   RO          485    i.Judge_GM3_send_data  usart2.o
    0x08002230   0x08002230   0x00000414   Code   RO          687    i.Judge_ID          function.o
    0x08002644   0x08002644   0x0000002c   Code   RO          566    i.KEY_Init          key.o
    0x08002670   0x08002670   0x000000e8   Code   RO          567    i.KEY_SCAN          key.o
    0x08002758   0x08002758   0x00000034   Code   RO          363    i.LED_Init          led.o
    0x0800278c   0x0800278c   0x00000098   Code   RO          364    i.LED_SCAN          led.o
    0x08002824   0x08002824   0x00000018   Code   RO         1014    i.MP1482_POWEROFF   bc95.o
    0x0800283c   0x0800283c   0x00000010   Code   RO         1015    i.MP1482_POWERON    bc95.o
    0x0800284c   0x0800284c   0x00000004   Code   RO          254    i.MemManage_Handler  stm32f10x_it.o
    0x08002850   0x08002850   0x00000012   Code   RO         3183    i.Mem_Clr           lib_mem.o
    0x08002862   0x08002862   0x00000062   Code   RO         3200    i.Mem_Set           lib_mem.o
    0x080028c4   0x080028c4   0x00000002   Code   RO         1017    i.NB_UsartInit      bc95.o
    0x080028c6   0x080028c6   0x00000010   Code   RO         1019    i.NB_UsartSendstr   bc95.o
    0x080028d6   0x080028d6   0x00000002   Code   RO          255    i.NMI_Handler       stm32f10x_it.o
    0x080028d8   0x080028d8   0x00000070   Code   RO         1981    i.NVIC_Init         misc.o
    0x08002948   0x08002948   0x00000014   Code   RO         1982    i.NVIC_PriorityGroupConfig  misc.o
    0x0800295c   0x0800295c   0x00000002   Code   RO         3830    i.OSCfg_Init        os_cfg_app.o
    0x0800295e   0x0800295e   0x00000002   PAD
    0x08002960   0x08002960   0x00000014   Code   RO         3680    i.OSIdleTaskHook    os_cpu_c.o
    0x08002974   0x08002974   0x0000018c   Code   RO         3853    i.OSInit            os_core.o
    0x08002b00   0x08002b00   0x00000038   Code   RO         3681    i.OSInitHook        os_cpu_c.o
    0x08002b38   0x08002b38   0x0000002c   Code   RO         3854    i.OSIntEnter        os_core.o
    0x08002b64   0x08002b64   0x000000e4   Code   RO         3855    i.OSIntExit         os_core.o
    0x08002c48   0x08002c48   0x00000158   Code   RO         4228    i.OSMemCreate       os_mem.o
    0x08002da0   0x08002da0   0x00000070   Code   RO         4229    i.OSMemGet          os_mem.o
    0x08002e10   0x08002e10   0x0000007c   Code   RO         4230    i.OSMemPut          os_mem.o
    0x08002e8c   0x08002e8c   0x000000f0   Code   RO         4427    i.OSQCreate         os_q.o
    0x08002f7c   0x08002f7c   0x00000240   Code   RO         4430    i.OSQPend           os_q.o
    0x080031bc   0x080031bc   0x000000b8   Code   RO         4432    i.OSQPost           os_q.o
    0x08003274   0x08003274   0x000000a8   Code   RO         3856    i.OSSched           os_core.o
    0x0800331c   0x0800331c   0x0000007c   Code   RO         3857    i.OSSchedLock       os_core.o
    0x08003398   0x08003398   0x0000006c   Code   RO         3858    i.OSSchedRoundRobinCfg  os_core.o
    0x08003404   0x08003404   0x000000a0   Code   RO         3860    i.OSSchedUnlock     os_core.o
    0x080034a4   0x080034a4   0x00000068   Code   RO         3861    i.OSStart           os_core.o
    0x0800350c   0x0800350c   0x00000168   Code   RO         4571    i.OSStatReset       os_stat.o
    0x08003674   0x08003674   0x00000100   Code   RO         4572    i.OSStatTaskCPUUsageInit  os_stat.o
    0x08003774   0x08003774   0x00000014   Code   RO         3682    i.OSStatTaskHook    os_cpu_c.o
    0x08003788   0x08003788   0x00000294   Code   RO         4602    i.OSTaskCreate      os_task.o
    0x08003a1c   0x08003a1c   0x00000018   Code   RO         3683    i.OSTaskCreateHook  os_cpu_c.o
    0x08003a34   0x08003a34   0x00000208   Code   RO         4603    i.OSTaskDel         os_task.o
    0x08003c3c   0x08003c3c   0x00000018   Code   RO         3684    i.OSTaskDelHook     os_cpu_c.o
    0x08003c54   0x08003c54   0x00000088   Code   RO         4611    i.OSTaskResume      os_task.o
    0x08003cdc   0x08003cdc   0x00000018   Code   RO         3685    i.OSTaskReturnHook  os_cpu_c.o
    0x08003cf4   0x08003cf4   0x00000250   Code   RO         4612    i.OSTaskSemPend     os_task.o
    0x08003f44   0x08003f44   0x000000e4   Code   RO         4616    i.OSTaskStkChk      os_task.o
    0x08004028   0x08004028   0x000000c0   Code   RO         3686    i.OSTaskStkInit     os_cpu_c.o
    0x080040e8   0x080040e8   0x00000060   Code   RO         4617    i.OSTaskSuspend     os_task.o
    0x08004148   0x08004148   0x000000a4   Code   RO         3687    i.OSTaskSwHook      os_cpu_c.o
    0x080041ec   0x080041ec   0x00000150   Code   RO         4817    i.OSTimeDly         os_time.o
    0x0800433c   0x0800433c   0x0000003c   Code   RO         4820    i.OSTimeGet         os_time.o
    0x08004378   0x08004378   0x00000044   Code   RO         4822    i.OSTimeTick        os_time.o
    0x080043bc   0x080043bc   0x00000014   Code   RO         3688    i.OSTimeTickHook    os_cpu_c.o
    0x080043d0   0x080043d0   0x000001b4   Code   RO         4099    i.OS_Dbg_Init       os_dbg.o
    0x08004584   0x08004584   0x00000018   Code   RO         4124    i.OS_FlagInit       os_flag.o
    0x0800459c   0x0800459c   0x0000027c   Code   RO         4125    i.OS_FlagPost       os_flag.o
    0x08004818   0x08004818   0x00000056   Code   RO         4126    i.OS_FlagTaskRdy    os_flag.o
    0x0800486e   0x0800486e   0x00000002   PAD
    0x08004870   0x08004870   0x0000004c   Code   RO         3863    i.OS_IdleTask       os_core.o
    0x080048bc   0x080048bc   0x00000070   Code   RO         3864    i.OS_IdleTaskInit   os_core.o
    0x0800492c   0x0800492c   0x00000104   Code   RO         4198    i.OS_IntQPost       os_int.o
    0x08004a30   0x08004a30   0x000001a4   Code   RO         4199    i.OS_IntQRePost     os_int.o
    0x08004bd4   0x08004bd4   0x000000c8   Code   RO         4200    i.OS_IntQTask       os_int.o
    0x08004c9c   0x08004c9c   0x00000128   Code   RO         4201    i.OS_IntQTaskInit   os_int.o
    0x08004dc4   0x08004dc4   0x00000028   Code   RO         4231    i.OS_MemDbgListAdd  os_mem.o
    0x08004dec   0x08004dec   0x00000018   Code   RO         4232    i.OS_MemInit        os_mem.o
    0x08004e04   0x08004e04   0x0000007c   Code   RO         4264    i.OS_MsgPoolInit    os_msg.o
    0x08004e80   0x08004e80   0x00000044   Code   RO         4265    i.OS_MsgQFreeAll    os_msg.o
    0x08004ec4   0x08004ec4   0x00000068   Code   RO         4266    i.OS_MsgQGet        os_msg.o
    0x08004f2c   0x08004f2c   0x0000000e   Code   RO         4267    i.OS_MsgQInit       os_msg.o
    0x08004f3a   0x08004f3a   0x00000002   PAD
    0x08004f3c   0x08004f3c   0x00000104   Code   RO         4268    i.OS_MsgQPut        os_msg.o
    0x08005040   0x08005040   0x00000018   Code   RO         4308    i.OS_MutexInit      os_mutex.o
    0x08005058   0x08005058   0x00000068   Code   RO         3865    i.OS_Pend           os_core.o
    0x080050c0   0x080050c0   0x00000026   Code   RO         3868    i.OS_PendDataInit   os_core.o
    0x080050e6   0x080050e6   0x00000002   PAD
    0x080050e8   0x080050e8   0x0000005c   Code   RO         3869    i.OS_PendDbgNameAdd  os_core.o
    0x08005144   0x08005144   0x00000024   Code   RO         3870    i.OS_PendDbgNameRemove  os_core.o
    0x08005168   0x08005168   0x0000000a   Code   RO         3872    i.OS_PendListInit   os_core.o
    0x08005172   0x08005172   0x00000066   Code   RO         3874    i.OS_PendListInsertPrio  os_core.o
    0x080051d8   0x080051d8   0x00000030   Code   RO         3875    i.OS_PendListRemove  os_core.o
    0x08005208   0x08005208   0x00000042   Code   RO         3876    i.OS_PendListRemove1  os_core.o
    0x0800524a   0x0800524a   0x000000c0   Code   RO         3879    i.OS_Post           os_core.o
    0x0800530a   0x0800530a   0x0000002a   Code   RO         3880    i.OS_Post1          os_core.o
    0x08005334   0x08005334   0x00000028   Code   RO         4390    i.OS_PrioGetHighest  os_prio.o
    0x0800535c   0x0800535c   0x00000018   Code   RO         4391    i.OS_PrioInit       os_prio.o
    0x08005374   0x08005374   0x00000024   Code   RO         4392    i.OS_PrioInsert     os_prio.o
    0x08005398   0x08005398   0x00000024   Code   RO         4393    i.OS_PrioRemove     os_prio.o
    0x080053bc   0x080053bc   0x00000030   Code   RO         4434    i.OS_QDbgListAdd    os_q.o
    0x080053ec   0x080053ec   0x00000018   Code   RO         4436    i.OS_QInit          os_q.o
    0x08005404   0x08005404   0x00000188   Code   RO         4437    i.OS_QPost          os_q.o
    0x0800558c   0x0800558c   0x00000024   Code   RO         3881    i.OS_RdyListInit    os_core.o
    0x080055b0   0x080055b0   0x0000002c   Code   RO         3882    i.OS_RdyListInsert  os_core.o
    0x080055dc   0x080055dc   0x00000040   Code   RO         3883    i.OS_RdyListInsertHead  os_core.o
    0x0800561c   0x0800561c   0x0000003c   Code   RO         3884    i.OS_RdyListInsertTail  os_core.o
    0x08005658   0x08005658   0x00000044   Code   RO         3885    i.OS_RdyListMoveHeadToTail  os_core.o
    0x0800569c   0x0800569c   0x0000005c   Code   RO         3886    i.OS_RdyListRemove  os_core.o
    0x080056f8   0x080056f8   0x0000005c   Code   RO         3887    i.OS_Sched0         os_core.o
    0x08005754   0x08005754   0x0000001c   Code   RO         3888    i.OS_SchedLockTimeMeasStart  os_core.o
    0x08005770   0x08005770   0x0000003c   Code   RO         3889    i.OS_SchedLockTimeMeasStop  os_core.o
    0x080057ac   0x080057ac   0x000000ec   Code   RO         3890    i.OS_SchedRoundRobin  os_core.o
    0x08005898   0x08005898   0x00000018   Code   RO         4508    i.OS_SemInit        os_sem.o
    0x080058b0   0x080058b0   0x00000198   Code   RO         4509    i.OS_SemPost        os_sem.o
    0x08005a48   0x08005a48   0x000003b8   Code   RO         4573    i.OS_StatTask       os_stat.o
    0x08005e00   0x08005e00   0x000000cc   Code   RO         4574    i.OS_StatTaskInit   os_stat.o
    0x08005ecc   0x08005ecc   0x00000038   Code   RO         3891    i.OS_TaskBlock      os_core.o
    0x08005f04   0x08005f04   0x00000030   Code   RO         4619    i.OS_TaskDbgListAdd  os_task.o
    0x08005f34   0x08005f34   0x00000044   Code   RO         4620    i.OS_TaskDbgListRemove  os_task.o
    0x08005f78   0x08005f78   0x00000020   Code   RO         4621    i.OS_TaskInit       os_task.o
    0x08005f98   0x08005f98   0x000000d0   Code   RO         4622    i.OS_TaskInitTCB    os_task.o
    0x08006068   0x08006068   0x0000026c   Code   RO         4623    i.OS_TaskQPost      os_task.o
    0x080062d4   0x080062d4   0x0000001c   Code   RO         3892    i.OS_TaskRdy        os_core.o
    0x080062f0   0x080062f0   0x0000017c   Code   RO         4624    i.OS_TaskResume     os_task.o
    0x0800646c   0x0800646c   0x00000018   Code   RO         4625    i.OS_TaskReturn     os_task.o
    0x08006484   0x08006484   0x000005a8   Code   RO         4626    i.OS_TaskSemPost    os_task.o
    0x08006a2c   0x08006a2c   0x00000190   Code   RO         4627    i.OS_TaskSuspend    os_task.o
    0x08006bbc   0x08006bbc   0x00000028   Code   RO         4769    i.OS_TickListInit   os_tick.o
    0x08006be4   0x08006be4   0x000001bc   Code   RO         4770    i.OS_TickListInsert  os_tick.o
    0x08006da0   0x08006da0   0x00000038   Code   RO         4771    i.OS_TickListRemove  os_tick.o
    0x08006dd8   0x08006dd8   0x00000024   Code   RO         4772    i.OS_TickListResetPeak  os_tick.o
    0x08006dfc   0x08006dfc   0x00000220   Code   RO         4773    i.OS_TickListUpdate  os_tick.o
    0x0800701c   0x0800701c   0x0000002c   Code   RO         4774    i.OS_TickTask       os_tick.o
    0x08007048   0x08007048   0x000000b8   Code   RO         4775    i.OS_TickTaskInit   os_tick.o
    0x08007100   0x08007100   0x00000128   Code   RO         4868    i.OS_TmrInit        os_tmr.o
    0x08007228   0x08007228   0x000000d0   Code   RO         4869    i.OS_TmrLink        os_tmr.o
    0x080072f8   0x080072f8   0x00000024   Code   RO         4870    i.OS_TmrResetPeak   os_tmr.o
    0x0800731c   0x0800731c   0x000000c0   Code   RO         4871    i.OS_TmrTask        os_tmr.o
    0x080073dc   0x080073dc   0x00000050   Code   RO         4872    i.OS_TmrUnlink      os_tmr.o
    0x0800742c   0x0800742c   0x0000001c   Code   RO         1020    i.OpenGPRS_check    bc95.o
    0x08007448   0x08007448   0x00000056   Code   RO         1267    i.PEND              memory.o
    0x0800749e   0x0800749e   0x0000006c   Code   RO         1268    i.POST              memory.o
    0x0800750a   0x0800750a   0x00000002   PAD
    0x0800750c   0x0800750c   0x0000000c   Code   RO         2949    i.PWR_BackupAccessCmd  stm32f10x_pwr.o
    0x08007518   0x08007518   0x000000d8   Code   RO          688    i.Printf_device_type  function.o
    0x080075f0   0x080075f0   0x00000020   Code   RO         1603    i.RCC_APB1PeriphClockCmd  stm32f10x_rcc.o
    0x08007610   0x08007610   0x00000020   Code   RO         1604    i.RCC_APB1PeriphResetCmd  stm32f10x_rcc.o
    0x08007630   0x08007630   0x00000020   Code   RO         1605    i.RCC_APB2PeriphClockCmd  stm32f10x_rcc.o
    0x08007650   0x08007650   0x00000020   Code   RO         1606    i.RCC_APB2PeriphResetCmd  stm32f10x_rcc.o
    0x08007670   0x08007670   0x0000000c   Code   RO         1608    i.RCC_BackupResetCmd  stm32f10x_rcc.o
    0x0800767c   0x0800767c   0x000000d4   Code   RO         1613    i.RCC_GetClocksFreq  stm32f10x_rcc.o
    0x08007750   0x08007750   0x0000003c   Code   RO         1614    i.RCC_GetFlagStatus  stm32f10x_rcc.o
    0x0800778c   0x0800778c   0x0000000c   Code   RO         1622    i.RCC_LSICmd        stm32f10x_rcc.o
    0x08007798   0x08007798   0x0000000c   Code   RO         1628    i.RCC_RTCCLKCmd     stm32f10x_rcc.o
    0x080077a4   0x080077a4   0x00000010   Code   RO         1629    i.RCC_RTCCLKConfig  stm32f10x_rcc.o
    0x080077b4   0x080077b4   0x00000010   Code   RO         2782    i.RTC_ClearITPendingBit  stm32f10x_rtc.o
    0x080077c4   0x080077c4   0x00000014   Code   RO         2783    i.RTC_EnterConfigMode  stm32f10x_rtc.o
    0x080077d8   0x080077d8   0x00000014   Code   RO         2784    i.RTC_ExitConfigMode  stm32f10x_rtc.o
    0x080077ec   0x080077ec   0x00000100   Code   RO          948    i.RTC_Get           rtc.o
    0x080078ec   0x080078ec   0x00000014   Code   RO         2785    i.RTC_GetCounter    stm32f10x_rtc.o
    0x08007900   0x08007900   0x00000024   Code   RO         2788    i.RTC_GetITStatus   stm32f10x_rtc.o
    0x08007924   0x08007924   0x00000078   Code   RO          949    i.RTC_Get_Week      rtc.o
    0x0800799c   0x0800799c   0x00000068   Code   RO          950    i.RTC_IRQHandler    rtc.o
    0x08007a04   0x08007a04   0x000000c8   Code   RO          951    i.RTC_Init          rtc.o
    0x08007acc   0x08007acc   0x000000c8   Code   RO          952    i.RTC_Set           rtc.o
    0x08007b94   0x08007b94   0x0000001c   Code   RO         2791    i.RTC_SetCounter    stm32f10x_rtc.o
    0x08007bb0   0x08007bb0   0x00000020   Code   RO         2792    i.RTC_SetPrescaler  stm32f10x_rtc.o
    0x08007bd0   0x08007bd0   0x00000014   Code   RO         2793    i.RTC_WaitForLastTask  stm32f10x_rtc.o
    0x08007be4   0x08007be4   0x00000024   Code   RO         2794    i.RTC_WaitForSynchro  stm32f10x_rtc.o
    0x08007c08   0x08007c08   0x0000055c   Code   RO         1021    i.RecieveATCMDhandle  bc95.o
    0x08008164   0x08008164   0x000001e4   Code   RO          425    i.Refurbish_Star_Read_ID  stmflash.o
    0x08008348   0x08008348   0x0000001a   Code   RO         1022    i.RegisterToServer  bc95.o
    0x08008362   0x08008362   0x00000028   Code   RO         1023    i.ResetUartBuf      bc95.o
    0x0800838a   0x0800838a   0x00000002   PAD
    0x0800838c   0x0800838c   0x00000150   Code   RO         1024    i.RetSendControl    bc95.o
    0x080084dc   0x080084dc   0x000003a4   Code   RO          486    i.Router_send_data_to_server  usart2.o
    0x08008880   0x08008880   0x00000022   Code   RO          426    i.STMFLASH_Read     stmflash.o
    0x080088a2   0x080088a2   0x00000006   Code   RO          427    i.STMFLASH_ReadHalfWord  stmflash.o
    0x080088a8   0x080088a8   0x000000e8   Code   RO          428    i.STMFLASH_Write    stmflash.o
    0x08008990   0x08008990   0x00000026   Code   RO          429    i.STMFLASH_Write_NoCheck  stmflash.o
    0x080089b6   0x080089b6   0x00000002   Code   RO          256    i.SVC_Handler       stm32f10x_it.o
    0x080089b8   0x080089b8   0x00000240   Code   RO          689    i.Save_NODE_ID      function.o
    0x08008bf8   0x08008bf8   0x0000008c   Code   RO          690    i.Save_ROUTER_ID    function.o
    0x08008c84   0x08008c84   0x0000047c   Code   RO         1025    i.Send_AT_Command   bc95.o
    0x08009100   0x08009100   0x00000008   Code   RO          328    i.SetSysClock       system_stm32f10x.o
    0x08009108   0x08009108   0x000000e0   Code   RO          329    i.SetSysClockTo72   system_stm32f10x.o
    0x080091e8   0x080091e8   0x00000128   Code   RO         1026    i.Signal_Check      bc95.o
    0x08009310   0x08009310   0x0000045c   Code   RO          430    i.Star_Read_ID      stmflash.o
    0x0800976c   0x0800976c   0x00000044   Code   RO          691    i.Sting_Compare     function.o
    0x080097b0   0x080097b0   0x00000028   Code   RO         1027    i.Str_Is_Equal      bc95.o
    0x080097d8   0x080097d8   0x00000028   Code   RO         1985    i.SysTick_CLKSourceConfig  misc.o
    0x08009800   0x08009800   0x0000001c   Code   RO         1301    i.SysTick_Handler   delay.o
    0x0800981c   0x0800981c   0x00000060   Code   RO          331    i.SystemInit        system_stm32f10x.o
    0x0800987c   0x0800987c   0x00000074   Code   RO          392    i.TIM2_IRQHandler   timer.o
    0x080098f0   0x080098f0   0x0000005c   Code   RO          393    i.TIM2_Int_Init     timer.o
    0x0800994c   0x0800994c   0x00000006   Code   RO         2028    i.TIM_ClearITPendingBit  stm32f10x_tim.o
    0x08009952   0x08009952   0x00000018   Code   RO         2033    i.TIM_Cmd           stm32f10x_tim.o
    0x0800996a   0x0800996a   0x00000022   Code   RO         2054    i.TIM_GetITStatus   stm32f10x_tim.o
    0x0800998c   0x0800998c   0x00000012   Code   RO         2058    i.TIM_ITConfig      stm32f10x_tim.o
    0x0800999e   0x0800999e   0x00000002   PAD
    0x080099a0   0x080099a0   0x000000a4   Code   RO         2104    i.TIM_TimeBaseInit  stm32f10x_tim.o
    0x08009a44   0x08009a44   0x000000d4   Code   RO          774    i.UART4_COMAND_SCAN  uart4.o
    0x08009b18   0x08009b18   0x00000108   Code   RO          775    i.UART4_Data_analyze  uart4.o
    0x08009c20   0x08009c20   0x00000064   Code   RO          776    i.UART4_IRQHandler  uart4.o
    0x08009c84   0x08009c84   0x000000b0   Code   RO          777    i.UART4_Init        uart4.o
    0x08009d34   0x08009d34   0x000000ac   Code   RO          778    i.UART4_RX_SCAN     uart4.o
    0x08009de0   0x08009de0   0x00000020   Code   RO          779    i.UART4_SEND        uart4.o
    0x08009e00   0x08009e00   0x00000100   Code   RO         1403    i.USART1_COMAND_SCAN  usart.o
    0x08009f00   0x08009f00   0x0000084c   Code   RO         1404    i.USART1_Data_analyze  usart.o
    0x0800a74c   0x0800a74c   0x0000006c   Code   RO         1405    i.USART1_IRQHandler  usart.o
    0x0800a7b8   0x0800a7b8   0x000000a4   Code   RO         1406    i.USART1_Init       usart.o
    0x0800a85c   0x0800a85c   0x000000ac   Code   RO         1407    i.USART1_RX_SCAN    usart.o
    0x0800a908   0x0800a908   0x00000020   Code   RO         1408    i.USART1_SEND       usart.o
    0x0800a928   0x0800a928   0x000000cc   Code   RO          487    i.USART2_COMAND_SCAN  usart2.o
    0x0800a9f4   0x0800a9f4   0x0000046c   Code   RO          488    i.USART2_Data_analyze  usart2.o
    0x0800ae60   0x0800ae60   0x0000003c   Code   RO          489    i.USART2_IRQHandler  usart2.o
    0x0800ae9c   0x0800ae9c   0x000000ac   Code   RO          490    i.USART2_Init       usart2.o
    0x0800af48   0x0800af48   0x00000094   Code   RO          491    i.USART2_RX_SCAN    usart2.o
    0x0800afdc   0x0800afdc   0x00000020   Code   RO          492    i.USART2_SEND       usart2.o
    0x0800affc   0x0800affc   0x000000c4   Code   RO          592    i.USART3_COMAND_SCAN  usart3.o
    0x0800b0c0   0x0800b0c0   0x000000c8   Code   RO          593    i.USART3_Data_analyze  usart3.o
    0x0800b188   0x0800b188   0x0000006c   Code   RO          594    i.USART3_IRQHandler  usart3.o
    0x0800b1f4   0x0800b1f4   0x000000b0   Code   RO          595    i.USART3_Init       usart3.o
    0x0800b2a4   0x0800b2a4   0x000000ac   Code   RO          596    i.USART3_RX_SCAN    usart3.o
    0x0800b350   0x0800b350   0x00000018   Code   RO         1805    i.USART_Cmd         stm32f10x_usart.o
    0x0800b368   0x0800b368   0x0000009c   Code   RO         1807    i.USART_DeInit      stm32f10x_usart.o
    0x0800b404   0x0800b404   0x0000001a   Code   RO         1808    i.USART_GetFlagStatus  stm32f10x_usart.o
    0x0800b41e   0x0800b41e   0x00000054   Code   RO         1809    i.USART_GetITStatus  stm32f10x_usart.o
    0x0800b472   0x0800b472   0x0000004a   Code   RO         1811    i.USART_ITConfig    stm32f10x_usart.o
    0x0800b4bc   0x0800b4bc   0x000000d8   Code   RO         1812    i.USART_Init        stm32f10x_usart.o
    0x0800b594   0x0800b594   0x0000000a   Code   RO         1819    i.USART_ReceiveData  stm32f10x_usart.o
    0x0800b59e   0x0800b59e   0x0000001c   Code   RO         1822    i.USART_SendData    stm32f10x_usart.o
    0x0800b5ba   0x0800b5ba   0x00000024   Code   RO         1028    i.UartGetRxLen      bc95.o
    0x0800b5de   0x0800b5de   0x0000005c   Code   RO         1029    i.UartRead          bc95.o
    0x0800b63a   0x0800b63a   0x0000004c   Code   RO         1030    i.UartRxISR         bc95.o
    0x0800b686   0x0800b686   0x00000004   Code   RO          257    i.UsageFault_Handler  stm32f10x_it.o
    0x0800b68a   0x0800b68a   0x00000002   PAD
    0x0800b68c   0x0800b68c   0x0000008c   Code   RO         1031    i.VGPRS_EN          bc95.o
    0x0800b718   0x0800b718   0x00000054   Code   RO         1032    i.Wait_Signal       bc95.o
    0x0800b76c   0x0800b76c   0x0000001c   Code   RO          919    i.Watchdog_FEED     iwdg.o
    0x0800b788   0x0800b788   0x00000054   Code   RO          920    i.Watchdog_Init     iwdg.o
    0x0800b7dc   0x0800b7dc   0x00000028   Code   RO         5157    i.__ARM_fpclassify  m_ws.l(fpclassify.o)
    0x0800b804   0x0800b804   0x000000aa   Code   RO         5159    i.__kernel_poly     m_ws.l(poly.o)
    0x0800b8ae   0x0800b8ae   0x00000002   PAD
    0x0800b8b0   0x0800b8b0   0x00000010   Code   RO         5143    i.__mathlib_dbl_divzero  m_ws.l(dunder.o)
    0x0800b8c0   0x0800b8c0   0x00000004   Code   RO         5145    i.__mathlib_dbl_infnan2  m_ws.l(dunder.o)
    0x0800b8c4   0x0800b8c4   0x0000000c   Code   RO         5146    i.__mathlib_dbl_invalid  m_ws.l(dunder.o)
    0x0800b8d0   0x0800b8d0   0x0000000e   Code   RO         5147    i.__mathlib_dbl_overflow  m_ws.l(dunder.o)
    0x0800b8de   0x0800b8de   0x00000002   PAD
    0x0800b8e0   0x0800b8e0   0x00000010   Code   RO         5149    i.__mathlib_dbl_underflow  m_ws.l(dunder.o)
    0x0800b8f0   0x0800b8f0   0x0000000e   Code   RO         4991    i._is_digit         c_w.l(__printf_wp.o)
    0x0800b8fe   0x0800b8fe   0x00000006   Code   RO         1409    i._sys_exit         usart.o
    0x0800b904   0x0800b904   0x00000036   Code   RO         1033    i.data_transform    bc95.o
    0x0800b93a   0x0800b93a   0x00000002   PAD
    0x0800b93c   0x0800b93c   0x00000070   Code   RO         1302    i.delay_init        delay.o
    0x0800b9ac   0x0800b9ac   0x00000050   Code   RO         1303    i.delay_ms          delay.o
    0x0800b9fc   0x0800b9fc   0x0000000a   Code   RO         1304    i.delay_osschedlock  delay.o
    0x0800ba06   0x0800ba06   0x0000000a   Code   RO         1305    i.delay_osschedunlock  delay.o
    0x0800ba10   0x0800ba10   0x00000010   Code   RO         1306    i.delay_ostimedly   delay.o
    0x0800ba20   0x0800ba20   0x0000005c   Code   RO         1307    i.delay_us          delay.o
    0x0800ba7c   0x0800ba7c   0x00000068   Code   RO          780    i.dislocation_test  uart4.o
    0x0800bae4   0x0800bae4   0x00000144   Code   RO            4    i.flag_int          main.o
    0x0800bc28   0x0800bc28   0x0000001c   Code   RO         1410    i.fputc             usart.o
    0x0800bc44   0x0800bc44   0x000000f8   Code   RO          781    i.get_all_status    uart4.o
    0x0800bd3c   0x0800bd3c   0x0000006c   Code   RO         1034    i.gprs_check_connect  bc95.o
    0x0800bda8   0x0800bda8   0x000000d8   Code   RO         1036    i.gprs_receive_check  bc95.o
    0x0800be80   0x0800be80   0x00000064   Code   RO         1037    i.gprs_send_start   bc95.o
    0x0800bee4   0x0800bee4   0x000000f8   Code   RO          692    i.handle_arrays_u8  function.o
    0x0800bfdc   0x0800bfdc   0x0000008a   Code   RO         1038    i.int16toString     bc95.o
    0x0800c066   0x0800c066   0x0000003c   Code   RO         1039    i.itoa              bc95.o
    0x0800c0a2   0x0800c0a2   0x00000016   Code   RO         1040    i.judgeLen          bc95.o
    0x0800c0b8   0x0800c0b8   0x000002b4   Code   RO            5    i.main              main.o
    0x0800c36c   0x0800c36c   0x0000017c   Code   RO          493    i.package_send_data  usart2.o
    0x0800c4e8   0x0800c4e8   0x000009d8   Code   RO         5041    i.pow               m_ws.l(pow.o)
    0x0800cec0   0x0800cec0   0x000000d4   Code   RO         1041    i.reset_gprs        bc95.o
    0x0800cf94   0x0800cf94   0x0000004c   Code   RO         5163    i.sqrt              m_ws.l(sqrt.o)
    0x0800cfe0   0x0800cfe0   0x00000042   Code   RO          693    i.str_int           function.o
    0x0800d022   0x0800d022   0x00000024   Code   RO          694    i.sumcheck          function.o
    0x0800d046   0x0800d046   0x00000002   PAD
    0x0800d048   0x0800d048   0x00000048   Code   RO          782    i.test_URAT4        uart4.o
    0x0800d090   0x0800d090   0x00000098   Code   RO          394    i.timer_flag_int    timer.o
    0x0800d128   0x0800d128   0x00000150   Code   RO         5022    x$fpl$dadd          fz_ws.l(daddsub_clz.o)
    0x0800d278   0x0800d278   0x00000010   Code   RO         5206    x$fpl$dcheck1       fz_ws.l(dcheck1.o)
    0x0800d288   0x0800d288   0x00000018   Code   RO         5266    x$fpl$dcmpinf       fz_ws.l(dcmpi.o)
    0x0800d2a0   0x0800d2a0   0x000002b0   Code   RO         5129    x$fpl$ddiv          fz_ws.l(ddiv.o)
    0x0800d550   0x0800d550   0x0000005a   Code   RO         5028    x$fpl$dfixu         fz_ws.l(dfixu.o)
    0x0800d5aa   0x0800d5aa   0x0000002e   Code   RO         5033    x$fpl$dflt          fz_ws.l(dflt_clz.o)
    0x0800d5d8   0x0800d5d8   0x00000026   Code   RO         5032    x$fpl$dfltu         fz_ws.l(dflt_clz.o)
    0x0800d5fe   0x0800d5fe   0x00000002   PAD
    0x0800d600   0x0800d600   0x00000078   Code   RO         5208    x$fpl$dleqf         fz_ws.l(dleqf.o)
    0x0800d678   0x0800d678   0x00000154   Code   RO         5038    x$fpl$dmul          fz_ws.l(dmul.o)
    0x0800d7cc   0x0800d7cc   0x0000009c   Code   RO         5132    x$fpl$dnaninf       fz_ws.l(dnaninf.o)
    0x0800d868   0x0800d868   0x0000000c   Code   RO         5134    x$fpl$dretinf       fz_ws.l(dretinf.o)
    0x0800d874   0x0800d874   0x0000006c   Code   RO         5136    x$fpl$drleqf        fz_ws.l(drleqf.o)
    0x0800d8e0   0x0800d8e0   0x00000016   Code   RO         5023    x$fpl$drsb          fz_ws.l(daddsub_clz.o)
    0x0800d8f6   0x0800d8f6   0x00000002   PAD
    0x0800d8f8   0x0800d8f8   0x000001cc   Code   RO         5210    x$fpl$dsqrt         fz_ws.l(dsqrt_noumaal.o)
    0x0800dac4   0x0800dac4   0x000001d4   Code   RO         5024    x$fpl$dsub          fz_ws.l(daddsub_clz.o)
    0x0800dc98   0x0800dc98   0x00000064   Code   RO         5270    x$fpl$retnan        fz_ws.l(retnan.o)
    0x0800dcfc   0x0800dcfc   0x0000005c   Code   RO         5140    x$fpl$scalbn        fz_ws.l(scalbn.o)
    0x0800dd58   0x0800dd58   0x00000030   Code   RO         5330    x$fpl$trapveneer    fz_ws.l(trapv.o)
    0x0800dd88   0x0800dd88   0x00000000   Code   RO         5142    x$fpl$usenofp       fz_ws.l(usenofp.o)
    0x0800dd88   0x0800dd88   0x00000080   Data   RO          785    .constdata          uart4.o
    0x0800de08   0x0800de08   0x00000018   Data   RO          955    .constdata          rtc.o
    0x0800de20   0x0800de20   0x0000009f   Data   RO         1044    .constdata          bc95.o
    0x0800debf   0x0800debf   0x00000001   PAD
    0x0800dec0   0x0800dec0   0x000000c8   Data   RO         1412    .constdata          usart.o
    0x0800df88   0x0800df88   0x000000a4   Data   RO         3832    .constdata          os_cfg_app.o
    0x0800e02c   0x0800e02c   0x0000016c   Data   RO         4100    .constdata          os_dbg.o
    0x0800e198   0x0800e198   0x00000011   Data   RO         4999    .constdata          c_w.l(__printf_flags_ss_wp.o)
    0x0800e1a9   0x0800e1a9   0x00000007   PAD
    0x0800e1b0   0x0800e1b0   0x00000088   Data   RO         5042    .constdata          m_ws.l(pow.o)
    0x0800e238   0x0800e238   0x00000008   Data   RO         5161    .constdata          m_ws.l(qnan.o)
    0x0800e240   0x0800e240   0x00000020   Data   RO         5401    Region$$Table       anon$$obj.o


    Execution Region RW_IRAM1 (Exec base: 0x20000000, Load base: 0x0800e260, Size: 0x000082c0, Max: 0x0000c000, ABSOLUTE, COMPRESSED[0x0000005c])

    Exec Addr    Load Addr    Size         Type   Attr      Idx    E Section Name        Object

    0x20000000   COMPRESSED   0x00000014   Data   RW            7    .data               main.o
    0x20000014   COMPRESSED   0x00000014   Data   RW          332    .data               system_stm32f10x.o
    0x20000028   COMPRESSED   0x00000008   Data   RW          365    .data               led.o
    0x20000030   COMPRESSED   0x00000024   Data   RW          396    .data               timer.o
    0x20000054   COMPRESSED   0x00000007   Data   RW          433    .data               stmflash.o
    0x2000005b   COMPRESSED   0x00000001   PAD
    0x2000005c   COMPRESSED   0x00000026   Data   RW          496    .data               usart2.o
    0x20000082   COMPRESSED   0x00000002   PAD
    0x20000084   COMPRESSED   0x00000014   Data   RW          568    .data               key.o
    0x20000098   COMPRESSED   0x0000000b   Data   RW          601    .data               usart3.o
    0x200000a3   COMPRESSED   0x00000001   PAD
    0x200000a4   COMPRESSED   0x0000000c   Data   RW          660    .data               buzzer.o
    0x200000b0   COMPRESSED   0x00000800   Data   RW          696    .data               function.o
    0x200008b0   COMPRESSED   0x00000022   Data   RW          786    .data               uart4.o
    0x200008d2   COMPRESSED   0x00000002   PAD
    0x200008d4   COMPRESSED   0x0000000c   Data   RW          862    .data               gprs.o
    0x200008e0   COMPRESSED   0x00000002   Data   RW          956    .data               rtc.o
    0x200008e2   COMPRESSED   0x00000002   PAD
    0x200008e4   COMPRESSED   0x00000045   Data   RW         1045    .data               bc95.o
    0x20000929   COMPRESSED   0x00000001   PAD
    0x2000092a   COMPRESSED   0x00000004   Data   RW         1308    .data               delay.o
    0x2000092e   COMPRESSED   0x00000002   PAD
    0x20000930   COMPRESSED   0x0000000e   Data   RW         1413    .data               usart.o
    0x2000093e   COMPRESSED   0x00000014   Data   RW         1633    .data               stm32f10x_rcc.o
    0x20000952   COMPRESSED   0x00000002   PAD
    0x20000954   COMPRESSED   0x0000001c   Data   RW         3485    .data               cpu_core.o
    0x20000970   COMPRESSED   0x00000004   Data   RW         3691    .data               os_cpu_c.o
    0x20000974   COMPRESSED   0x00000004   Data   RW         4394    .data               os_prio.o
    0x20000978   COMPRESSED   0x000000d0   Data   RW         4950    .data               os_var.o
    0x20000a48        -       0x00001c58   Zero   RW            6    .bss                main.o
    0x200026a0        -       0x0000004a   Zero   RW          395    .bss                timer.o
    0x200026ea        -       0x00000800   Zero   RW          432    .bss                stmflash.o
    0x20002eea        -       0x00000ce4   Zero   RW          495    .bss                usart2.o
    0x20003bce        -       0x0000044c   Zero   RW          600    .bss                usart3.o
    0x2000401a        -       0x00000014   Zero   RW          695    .bss                function.o
    0x2000402e        -       0x0000044c   Zero   RW          784    .bss                uart4.o
    0x2000447a        -       0x0000000a   Zero   RW          954    .bss                rtc.o
    0x20004484        -       0x00000495   Zero   RW         1043    .bss                bc95.o
    0x20004919   COMPRESSED   0x00000003   PAD
    0x2000491c        -       0x00001018   Zero   RW         1269    .bss                memory.o
    0x20005934        -       0x00000514   Zero   RW         1411    .bss                usart.o
    0x20005e48        -       0x00000010   Zero   RW         3483    .bss                cpu_core.o
    0x20005e58        -       0x00001490   Zero   RW         3831    .bss                os_cfg_app.o
    0x200072e8        -       0x00000574   Zero   RW         4949    .bss                os_var.o
    0x2000785c        -       0x00000060   Zero   RW         5213    .bss                c_w.l(libspace.o)
    0x200078bc   COMPRESSED   0x00000004   PAD
    0x200078c0        -       0x00000200   Zero   RW         1481    HEAP                startup_stm32f10x_hd.o
    0x20007ac0        -       0x00000800   Zero   RW         1480    STACK               startup_stm32f10x_hd.o


==============================================================================

Image component sizes


      Code (inc. data)   RO Data    RW Data    ZI Data      Debug   Object Name

      5932        908        159         69       1173      28439   bc95.o
       136         16          0          0          0       1101   bluetooh.o
        80         14          0          0          0       1594   bsp.o
         0          0          0         12          0        534   buzzer.o
        52          0          0          0          0        356   cpu_a.o
       540         98          0         28         16      16797   cpu_core.o
       348         44          0          4          0       4621   delay.o
      3194        226          0       2048         20      11639   function.o
       282         40          0         12          0       1764   gprs.o
       112         12          0          0          0       1016   iwdg.o
       276         38          0         20          0       1578   key.o
       260         34          0          8          0       1883   led.o
       116          0          0          0          0       2004   lib_mem.o
      1422        388          0         20       7256     307014   main.o
       270         34          0          0       4120       3443   memory.o
       172         22          0          0          0       2161   misc.o
         2          0        164          0       5264      21058   os_cfg_app.o
      3114        424          0          0          0      21894   os_core.o
       152         32          0          0          0        412   os_cpu_a.o
       544         60          0          4          0       7268   os_cpu_c.o
       436        286        364          0          0       4877   os_dbg.o
       746         28          0          0          0       3193   os_flag.o
      1176        204          0          0          0       3606   os_int.o
       644         34          0          0          0       4344   os_mem.o
       570         32          0          0          0       4238   os_msg.o
        24         10          0          0          0        919   os_mutex.o
       136         16          0          4          0       2954   os_prio.o
      1464         70          0          0          0       5899   os_q.o
       432         14          0          0          0       2290   os_sem.o
      1772        214          0          0          0       4171   os_stat.o
      5460        260          0          0          0      14200   os_task.o
      1348        124          0          0          0       5653   os_tick.o
       464         34          0          0          0       2461   os_time.o
       812        134          0          0          0       4276   os_tmr.o
         0          0          0        208       1396      19541   os_var.o
       938         92         24          2         10       5590   rtc.o
        64         26        304          0       2560        812   startup_stm32f10x_hd.o
        72         10          0          0          0       2800   stm32f10x_bkp.o
       274         30          0          0          0       3594   stm32f10x_flash.o
       304          0          0          0          0       3796   stm32f10x_gpio.o
        22          0          0          0          0       3071   stm32f10x_it.o
        12          6          0          0          0        538   stm32f10x_pwr.o
       452         70          0         20          0       8585   stm32f10x_rcc.o
       228         42          0          0          0       4853   stm32f10x_rtc.o
       246         42          0          0          0       3714   stm32f10x_tim.o
       618         28          0          0          0       7088   stm32f10x_usart.o
      1974        420          0          7       2048       6945   stmflash.o
         0          0          0          0          0         32   sys.o
       328         28          0         20          0       2217   system_stm32f10x.o
       360         42          0         36         74       3418   timer.o
      3004        350        128         34       1100      10004   uart4.o
      2890        802        200         14       1300       8786   usart.o
      3388        768          0         38       3300      10316   usart2.o
       852         98          0         11       1100       5069   usart3.o

    ----------------------------------------------------------------------
     48542       6704       1376       2632      30740     610426   Object Totals
         0          0         32          0          0          0   (incl. Generated)
        28          0          1         13          3          0   (incl. Padding)

    ----------------------------------------------------------------------

      Code (inc. data)   RO Data    RW Data    ZI Data      Debug   Library Member Name

        24          4          0          0          0         84   __2printf.o
        90          0          0          0          0          0   __dczerorl2.o
         8          0          0          0          0         68   __main.o
       392          4         17          0          0         92   __printf_flags_ss_wp.o
        14          0          0          0          0         68   __printf_wp.o
         0          0          0          0          0          0   __rtentry.o
        12          0          0          0          0          0   __rtentry2.o
         6          0          0          0          0          0   __rtentry4.o
        52          8          0          0          0          0   __scatter.o
        28          0          0          0          0          0   __scatter_zi.o
        44          0          0          0          0        108   _printf_char.o
        48          6          0          0          0         96   _printf_char_common.o
        36          4          0          0          0         80   _printf_char_file.o
         6          0          0          0          0          0   _printf_d.o
       120         16          0          0          0         92   _printf_dec.o
       178          0          0          0          0         88   _printf_intcommon.o
         0          0          0          0          0          0   _printf_percent.o
         4          0          0          0          0          0   _printf_percent_end.o
         6          0          0          0          0          0   _printf_s.o
        82          0          0          0          0         80   _printf_str.o
        22          0          0          0          0        100   _rserrno.o
        16          0          0          0          0         68   aeabi_memset.o
        18          0          0          0          0         80   exit.o
         8          0          0          0          0         68   ferror.o
         6          0          0          0          0        152   heapauxi.o
         2          0          0          0          0          0   libinit.o
         2          0          0          0          0          0   libinit2.o
         2          0          0          0          0          0   libshutdown.o
         2          0          0          0          0          0   libshutdown2.o
         8          4          0          0         96         68   libspace.o
         8          4          0          0          0         68   rt_errno_addr_intlibspace.o
        68          0          0          0          0         68   rt_memclr.o
        78          0          0          0          0         80   rt_memclr_w.o
       138          0          0          0          0         68   rt_memcpy_v6.o
       100          0          0          0          0         80   rt_memcpy_w.o
         2          0          0          0          0          0   rtexit.o
        10          0          0          0          0          0   rtexit2.o
        62          0          0          0          0         76   strlen.o
        36          0          0          0          0         80   strstr.o
        74          0          0          0          0         80   sys_stackheap_outer.o
         2          0          0          0          0         68   use_no_semi.o
         2          0          0          0          0         68   use_no_semi_2.o
       826         16          0          0          0        348   daddsub_clz.o
        16          4          0          0          0         68   dcheck1.o
        24          0          0          0          0         68   dcmpi.o
       688        140          0          0          0        208   ddiv.o
        90          4          0          0          0         92   dfixu.o
        84          0          0          0          0        136   dflt_clz.o
       120          4          0          0          0         92   dleqf.o
       340         12          0          0          0        104   dmul.o
       156          4          0          0          0         92   dnaninf.o
        12          0          0          0          0         68   dretinf.o
       108          0          0          0          0         80   drleqf.o
       460         56          0          0          0        120   dsqrt_noumaal.o
       100          0          0          0          0         68   retnan.o
        92          0          0          0          0         68   scalbn.o
        48          0          0          0          0         68   trapv.o
         0          0          0          0          0          0   usenofp.o
        62         10          0          0          0        340   dunder.o
        40          0          0          0          0         68   fpclassify.o
       170          0          0          0          0         96   poly.o
      2520        190        136          0          0        324   pow.o
         0          0          8          0          0          0   qnan.o
        76          0          0          0          0         84   sqrt.o

    ----------------------------------------------------------------------
      7866        490        168          0        100       4720   Library Totals
        18          0          7          0          4          0   (incl. Padding)

    ----------------------------------------------------------------------

      Code (inc. data)   RO Data    RW Data    ZI Data      Debug   Library Name

      1816         50         17          0         96       2128   c_w.l
      3164        240          0          0          0       1680   fz_ws.l
      2868        200        144          0          0        912   m_ws.l

    ----------------------------------------------------------------------
      7866        490        168          0        100       4720   Library Totals

    ----------------------------------------------------------------------

==============================================================================


      Code (inc. data)   RO Data    RW Data    ZI Data      Debug   

     56408       7194       1544       2632      30840     597150   Grand Totals
     56408       7194       1544         92      30840     597150   ELF Image Totals (compressed)
     56408       7194       1544         92          0          0   ROM Totals

==============================================================================

    Total RO  Size (Code + RO Data)                57952 (  56.59kB)
    Total RW  Size (RW Data + ZI Data)             33472 (  32.69kB)
    Total ROM Size (Code + RO Data + RW Data)      58044 (  56.68kB)

==============================================================================

