<html>
<body>
<pre>
<h1>礦ision Build Log</h1>
<h2>Tool Versions:</h2>
IDE-Version: μVision V5.35.0.0
Copyright (C) 2021 ARM Ltd and ARM Germany GmbH. All rights reserved.
License Information: zhaopeng zhaopeng, aaa, LIC=NQQMA-1IDPI-VENHA-15YX3-CWLZJ-T6267
 
Tool Versions:
Toolchain:       MDK-ARM Plus  Version: 5.35.0.2
Toolchain Path:  d:\Keil_v5\ARM\ARMCC\Bin
C Compiler:      Armcc.exe V5.06 update 7 (build 960)
Assembler:       Armasm.exe V5.06 update 7 (build 960)
Linker/Locator:  ArmLink.exe V5.06 update 7 (build 960)
Library Manager: ArmAr.exe V5.06 update 7 (build 960)
Hex Converter:   FromElf.exe V5.06 update 7 (build 960)
CPU DLL:         SARMCM3.DLL V5.35.0.2
Dialog DLL:      DARMSTM.DLL V1.68.0.0
Target DLL:      STLink\ST-LINKIII-KEIL_SWO.dll V3.0.9.0
Dialog DLL:      TARMSTM.DLL V1.66.0.0
 
<h2>Project:</h2>
D:\BLUETOOTH\bluetooth\base_station\USER\ICAPTURE.uvprojx
Project File Date:  04/12/2023

<h2>Output:</h2>
*** Using Compiler 'V5.06 update 7 (build 960)', folder: 'd:\Keil_v5\ARM\ARMCC\Bin'
Rebuild target 'Target 1'
compiling main.c...
main.c(257): warning:  #177-D: variable "last_heartbeatflag"  was declared but never referenced
      static u32 last_heartbeatflag;
main.c(258): warning:  #177-D: variable "last_check_flag"  was declared but never referenced
      static u32 last_check_flag;
main.c(263): warning:  #550-D: variable "timestamp"  was set but never used
      u32 timestamp;
main.c(336): warning:  #1-D: last line of file ends without a newline
  }
main.c(299): warning:  #177-D: variable "length"  was declared but never referenced
      u32 length;
main.c: 5 warnings, 0 errors
compiling key.c...
compiling uart4.c...
..\HARDWARE\UART4\uart4.c(75): warning:  #550-D: variable "recv_data"  was set but never used
  	char recv_data[128];
..\HARDWARE\UART4\uart4.c(677): warning:  #177-D: variable "j"  was declared but never referenced
  	unsigned char j=1;	
..\HARDWARE\UART4\uart4.c(678): warning:  #177-D: variable "k"  was declared but never referenced
  	unsigned char k=0;	
..\HARDWARE\UART4\uart4.c(679): warning:  #177-D: variable "Bluetooh_ID"  was declared but never referenced
  	unsigned char Bluetooh_ID[20]={0x00};			
..\HARDWARE\UART4\uart4.c(680): warning:  #177-D: variable "Package_DATA"  was declared but never referenced
  	unsigned char Package_DATA[120]={0x00};	//离位标签数据堆栈用。
..\HARDWARE\UART4\uart4.c: 5 warnings, 0 errors
compiling iwdg.c...
compiling led.c...
compiling function.c...
..\HARDWARE\FUNCTION\function.c(728): warning:  #167-D: argument of type "unsigned char *" is incompatible with parameter of type "const char *"
  	j=strlen(Sting1);
..\HARDWARE\FUNCTION\function.c: 1 warning, 0 errors
compiling system_stm32f10x.c...
compiling timer.c...
compiling stm32f10x_it.c...
compiling bluetooh.c...
compiling buzzer.c...
compiling gprs.c...
..\HARDWARE\GPRS\gprs.c(113): warning:  #177-D: variable "i"  was declared but never referenced
  	unsigned char i=0;	
..\HARDWARE\GPRS\gprs.c(115): warning:  #177-D: variable "data_long"  was declared but never referenced
  	unsigned int  data_long=0;	
..\HARDWARE\GPRS\gprs.c(116): warning:  #177-D: variable "SERVER_ID"  was declared but never referenced
  	unsigned char SERVER_ID[50]={0x00};//服务器IP
..\HARDWARE\GPRS\gprs.c(117): warning:  #177-D: variable "PORT_ID"  was declared but never referenced
  	unsigned char PORT_ID[20]={0x00};	//服务器端口号	
..\HARDWARE\GPRS\gprs.c(118): warning:  #177-D: variable "PORT_ID_MIDDLE"  was declared but never referenced
  	unsigned char PORT_ID_MIDDLE[20]={0x00};	//服务器端口号			
..\HARDWARE\GPRS\gprs.c(119): warning:  #177-D: variable "test"  was declared but never referenced
  	unsigned char test[10]={0x00};		
..\HARDWARE\GPRS\gprs.c(251): warning:  #550-D: variable "lenth"  was set but never used
  	unsigned short lenth=0;
..\HARDWARE\GPRS\gprs.c: 7 warnings, 0 errors
compiling stmflash.c...
..\HARDWARE\STMFLASH\stmflash.c(268): warning:  #177-D: variable "printf_data"  was declared but never referenced
  	unsigned char printf_data[50]={0x00};
..\HARDWARE\STMFLASH\stmflash.c(269): warning:  #177-D: variable "middle_data"  was declared but never referenced
  	unsigned char middle_data[50]={0x00};	
..\HARDWARE\STMFLASH\stmflash.c(271): warning:  #550-D: variable "SERVER_ID"  was set but never used
  	unsigned char SERVER_ID[50]={0x00};//服务器IP
..\HARDWARE\STMFLASH\stmflash.c(275): warning:  #550-D: variable "test1"  was set but never used
  	unsigned char test1[10]={0x00};			
..\HARDWARE\STMFLASH\stmflash.c: 4 warnings, 0 errors
compiling usart3.c...
compiling rtc.c...
compiling usart2.c...
..\HARDWARE\USART2\usart2.c(219): warning:  #177-D: variable "j"  was declared but never referenced
  	unsigned int i=0,j=0;	
..\HARDWARE\USART2\usart2.c(399): warning:  #177-D: variable "test"  was declared but never referenced
  	unsigned char test[10]={0x00};
..\HARDWARE\USART2\usart2.c(826): warning:  #177-D: variable "j"  was declared but never referenced
  	unsigned int j = 0;	
..\HARDWARE\USART2\usart2.c: 3 warnings, 0 errors
compiling bc95.c...
..\HARDWARE\BC95\bc95.c(2082): warning:  #167-D: argument of type "u8 *" is incompatible with parameter of type "const char *"
      if((lenth>=sizeof(remote_ip_str)+2)&&(strstr((char const*)temp_Buffer, remote_ip_str))) return 0;
..\HARDWARE\BC95\bc95.c(2034): warning:  #177-D: variable "length"  was declared but never referenced
      u32 lenth,length;
..\HARDWARE\BC95\bc95.c(2274): warning:  #1-D: last line of file ends without a newline
  }
..\HARDWARE\BC95\bc95.c: 3 warnings, 0 errors
compiling memory.c...
..\HARDWARE\MEMORY\memory.c(84): warning:  #940-D: missing return statement at end of non-void function "Creat_Memory" 
  }
..\HARDWARE\MEMORY\memory.c(93): warning:  #940-D: missing return statement at end of non-void function "Create_Msg" 
  }
..\HARDWARE\MEMORY\memory.c: 2 warnings, 0 errors
assembling startup_stm32f10x_hd.s...
compiling delay.c...
compiling usart.c...
compiling stm32f10x_gpio.c...
compiling stm32f10x_rcc.c...
compiling stm32f10x_usart.c...
compiling misc.c...
compiling core_cm3.c...
compiling stm32f10x_tim.c...
compiling stm32f10x_flash.c...
compiling stm32f10x_iwdg.c...
compiling stm32f10x_rtc.c...
compiling lib_ascii.c...
compiling sys.c...
compiling stm32f10x_bkp.c...
compiling stm32f10x_pwr.c...
compiling lib_math.c...
assembling lib_mem_a.asm...
compiling bsp.c...
compiling lib_str.c...
compiling lib_mem.c...
compiling cpu_core.c...
compiling os_app_hooks.c...
compiling cpu_c.c...
assembling os_cpu_a.s...
assembling cpu_a.asm...
compiling os_cfg_app.c...
compiling os_cpu_c.c...
compiling os_dbg.c...
compiling os_int.c...
compiling os_mutex.c...
compiling os_flag.c...
compiling os_msg.c...
compiling os_mem.c...
compiling os_pend_multi.c...
compiling os_prio.c...
compiling os_sem.c...
compiling os_stat.c...
compiling os_core.c...
compiling os_q.c...
compiling os_task.c...
compiling os_var.c...
compiling os_tick.c...
compiling os_time.c...
compiling os_tmr.c...
linking...
Program Size: Code=55080 RO-data=1544 RW-data=2612 ZI-data=30836  
FromELF: creating hex file...
"..\hex\ICAPTURE.axf" - 0 Error(s), 30 Warning(s).

<h2>Software Packages used:</h2>

Package Vendor: Keil
                http://www.keil.com/pack/Keil.STM32F1xx_DFP.2.4.0.pack
                Keil.STM32F1xx_DFP.2.4.0
                STMicroelectronics STM32F1 Series Device Support, Drivers and Examples

<h2>Collection of Component include folders:</h2>
  d:\Users\zhaopeng\AppData\Local\Arm\Packs\Keil\STM32F1xx_DFP\2.4.0\Device\Include

<h2>Collection of Component Files used:</h2>
Build Time Elapsed:  00:00:04
</pre>
</body>
</html>
